<!DOCTYPE html PUBLIC "-//W3C//DTD XHTML 1.1//EN" "http://www.w3.org/TR/xhtml11/DTD/xhtml11.dtd">
<html lang="en" xml:lang="en" xmlns="http://www.w3.org/1999/xhtml">
 <head>
  <script id="facebook-jssdk" src="//connect.facebook.net/en_US/sdk.js">
  </script>
  <script async="" src="http://www.google-analytics.com/analytics.js" type="text/javascript">
  </script>
  <meta content="text/html; charset=utf-8" http-equiv="content-type"/>
  <meta content="IE=11" http-equiv="X-UA-Compatible"/>
  <title>
   West Ham v Arsenal, Premier League 2016/2017 - Soccer, England
  </title>
  <meta content="" name="keywords"/>
  <meta content="West Ham v Arsenal. Follow the match live on Scoreboard.com!  " name="description"/>
  <meta content="Copyright (c) 2012-2016 Livesport s.r.o." name="copyright"/>
  <meta content="NOODP,index,follow" name="robots"/>
  <meta content="http://www.scoreboard.com/res/_scoreboard/image/meta/scoreboard_com.1.jpg" property="og:image"/>
  <link href="/res/_scoreboard/icon/scoreboard.com/favicon.ico" rel="shortcut icon"/>
  <link href="/res/image/mobile-icons/scoreboard/180x180.png" rel="apple-touch-icon" sizes="180x180"/>
  <link href="/res/image/mobile-icons/scoreboard/152x152.png" rel="apple-touch-icon" sizes="152x152"/>
  <link href="/res/image/mobile-icons/scoreboard/120x120.png" rel="apple-touch-icon" sizes="120x120"/>
  <link href="/res/image/mobile-icons/scoreboard/72x72.png" rel="apple-touch-icon" sizes="72x72"/>
  <link href="/res/image/mobile-icons/scoreboard/57x57.png" rel="apple-touch-icon" sizes="57x57"/>
  <link href="/res/image/mobile-icons/scoreboard/touch-icon.png" rel="apple-touch-icon"/>
  <meta content="Scoreboard.com" name="apple-mobile-web-app-title"/>
  <meta content="Scoreboard.com" name="application-name"/>
  <meta content="/res/image/mobile-icons/scoreboard/336x336.png" name="msapplication-square150x150logo"/>
  <meta content="uT0Vsgti7EN1O4CnbIVHpQm8eRhCbLuYj_Qa-mtB1Dw" name="google-site-verification"/>
  <link href="/en/x/css/page_700_1072000000.css" media="screen" rel="stylesheet" type="text/css"/>
  <link href="http://www.scoreboard.com/en/match/west-ham-arsenal-2016-2017/zRp4p5Xc/" rel="canonical"/>
  <link href="http://www.scoreboard.com/en/match/west-ham-arsenal-2016-2017/zRp4p5Xc/" hreflang="en" rel="alternate"/>
  <link href="http://www.scoreboard.com/game/west-ham-arsenal-2016-2017/zRp4p5Xc/" hreflang="en-us" rel="alternate"/>
  <link href="http://www.scoreboard.com/au/match/west-ham-arsenal-2016-2017/zRp4p5Xc/" hreflang="en-au" rel="alternate"/>
  <link href="http://www.scoreboard.com/uk/match/west-ham-arsenal-2016-2017/zRp4p5Xc/" hreflang="en-gb" rel="alternate"/>
  <script async="" src="//www.googletagmanager.com/gtm.js?id=GTM-PWJ3NQ">
  </script>
  <script src="http://ajax.googleapis.com/ajax/libs/jquery/1.11.0/jquery.min.js" type="text/javascript">
  </script>
  <script src="/en/x/js/lscompressor-min.js" type="text/javascript">
  </script>
  <script src="/en/x/js/framework26.js" type="text/javascript">
  </script>
  <script src="/en/x/js/core_700_1221000000.js" type="text/javascript">
  </script>
  <script type="text/javascript">
   // <![CDATA[
$(document).ready(function() {
initCookieLaw();
});
init_layout();
try { refresh_alert_check_on(); } catch(err) {}
// ]]>
  </script>
 </head>
 <body>
  <iframe src="http://d.scoreboard.com/en/x/feed/proxy">
  </iframe>
  <style type="text/css">
   .fb_hidden{position:absolute;top:-10000px;z-index:10001}.fb_reposition{overflow:hidden;position:relative}.fb_invisible{display:none}.fb_reset{background:none;border:0;border-spacing:0;color:#000;cursor:auto;direction:ltr;font-family:"lucida grande", tahoma, verdana, arial, sans-serif;font-size:11px;font-style:normal;font-variant:normal;font-weight:normal;letter-spacing:normal;line-height:1;margin:0;overflow:visible;padding:0;text-align:left;text-decoration:none;text-indent:0;text-shadow:none;text-transform:none;visibility:visible;white-space:normal;word-spacing:normal}.fb_reset>div{overflow:hidden}.fb_link img{border:none}@keyframes fb_transform{from{opacity:0;transform:scale(.95)}to{opacity:1;transform:scale(1)}}.fb_animate{animation:fb_transform .3s forwards}
.fb_dialog{background:rgba(82, 82, 82, .7);position:absolute;top:-10000px;z-index:10001}.fb_reset .fb_dialog_legacy{overflow:visible}.fb_dialog_advanced{padding:10px;-moz-border-radius:8px;-webkit-border-radius:8px;border-radius:8px}.fb_dialog_content{background:#fff;color:#333}.fb_dialog_close_icon{background:url(https://static.xx.fbcdn.net/rsrc.php/v3/yq/r/IE9JII6Z1Ys.png) no-repeat scroll 0 0 transparent;_background-image:url(https://static.xx.fbcdn.net/rsrc.php/v3/yL/r/s816eWC-2sl.gif);cursor:pointer;display:block;height:15px;position:absolute;right:18px;top:17px;width:15px}.fb_dialog_mobile .fb_dialog_close_icon{top:5px;left:5px;right:auto}.fb_dialog_padding{background-color:transparent;position:absolute;width:1px;z-index:-1}.fb_dialog_close_icon:hover{background:url(https://static.xx.fbcdn.net/rsrc.php/v3/yq/r/IE9JII6Z1Ys.png) no-repeat scroll 0 -15px transparent;_background-image:url(https://static.xx.fbcdn.net/rsrc.php/v3/yL/r/s816eWC-2sl.gif)}.fb_dialog_close_icon:active{background:url(https://static.xx.fbcdn.net/rsrc.php/v3/yq/r/IE9JII6Z1Ys.png) no-repeat scroll 0 -30px transparent;_background-image:url(https://static.xx.fbcdn.net/rsrc.php/v3/yL/r/s816eWC-2sl.gif)}.fb_dialog_loader{background-color:#f6f7f9;border:1px solid #606060;font-size:24px;padding:20px}.fb_dialog_top_left,.fb_dialog_top_right,.fb_dialog_bottom_left,.fb_dialog_bottom_right{height:10px;width:10px;overflow:hidden;position:absolute}.fb_dialog_top_left{background:url(https://static.xx.fbcdn.net/rsrc.php/v3/ye/r/8YeTNIlTZjm.png) no-repeat 0 0;left:-10px;top:-10px}.fb_dialog_top_right{background:url(https://static.xx.fbcdn.net/rsrc.php/v3/ye/r/8YeTNIlTZjm.png) no-repeat 0 -10px;right:-10px;top:-10px}.fb_dialog_bottom_left{background:url(https://static.xx.fbcdn.net/rsrc.php/v3/ye/r/8YeTNIlTZjm.png) no-repeat 0 -20px;bottom:-10px;left:-10px}.fb_dialog_bottom_right{background:url(https://static.xx.fbcdn.net/rsrc.php/v3/ye/r/8YeTNIlTZjm.png) no-repeat 0 -30px;right:-10px;bottom:-10px}.fb_dialog_vert_left,.fb_dialog_vert_right,.fb_dialog_horiz_top,.fb_dialog_horiz_bottom{position:absolute;background:#525252;filter:alpha(opacity=70);opacity:.7}.fb_dialog_vert_left,.fb_dialog_vert_right{width:10px;height:100%}.fb_dialog_vert_left{margin-left:-10px}.fb_dialog_vert_right{right:0;margin-right:-10px}.fb_dialog_horiz_top,.fb_dialog_horiz_bottom{width:100%;height:10px}.fb_dialog_horiz_top{margin-top:-10px}.fb_dialog_horiz_bottom{bottom:0;margin-bottom:-10px}.fb_dialog_iframe{line-height:0}.fb_dialog_content .dialog_title{background:#6d84b4;border:1px solid #365899;color:#fff;font-size:14px;font-weight:bold;margin:0}.fb_dialog_content .dialog_title>span{background:url(https://static.xx.fbcdn.net/rsrc.php/v3/yd/r/Cou7n-nqK52.gif) no-repeat 5px 50%;float:left;padding:5px 0 7px 26px}body.fb_hidden{-webkit-transform:none;height:100%;margin:0;overflow:visible;position:absolute;top:-10000px;left:0;width:100%}.fb_dialog.fb_dialog_mobile.loading{background:url(https://static.xx.fbcdn.net/rsrc.php/v3/ya/r/3rhSv5V8j3o.gif) white no-repeat 50% 50%;min-height:100%;min-width:100%;overflow:hidden;position:absolute;top:0;z-index:10001}.fb_dialog.fb_dialog_mobile.loading.centered{width:auto;height:auto;min-height:initial;min-width:initial;background:none}.fb_dialog.fb_dialog_mobile.loading.centered #fb_dialog_loader_spinner{width:100%}.fb_dialog.fb_dialog_mobile.loading.centered .fb_dialog_content{background:none}.loading.centered #fb_dialog_loader_close{color:#fff;display:block;padding-top:20px;clear:both;font-size:18px}#fb-root #fb_dialog_ipad_overlay{background:rgba(0, 0, 0, .45);position:absolute;bottom:0;left:0;right:0;top:0;width:100%;min-height:100%;z-index:10000}#fb-root #fb_dialog_ipad_overlay.hidden{display:none}.fb_dialog.fb_dialog_mobile.loading iframe{visibility:hidden}.fb_dialog_content .dialog_header{-webkit-box-shadow:white 0 1px 1px -1px inset;background:-webkit-gradient(linear, 0% 0%, 0% 100%, from(#738ABA), to(#2C4987));border-bottom:1px solid;border-color:#1d4088;color:#fff;font:14px Helvetica, sans-serif;font-weight:bold;text-overflow:ellipsis;text-shadow:rgba(0, 30, 84, .296875) 0 -1px 0;vertical-align:middle;white-space:nowrap}.fb_dialog_content .dialog_header table{-webkit-font-smoothing:subpixel-antialiased;height:43px;width:100%}.fb_dialog_content .dialog_header td.header_left{font-size:12px;padding-left:5px;vertical-align:middle;width:60px}.fb_dialog_content .dialog_header td.header_right{font-size:12px;padding-right:5px;vertical-align:middle;width:60px}.fb_dialog_content .touchable_button{background:-webkit-gradient(linear, 0% 0%, 0% 100%, from(#4966A6), color-stop(.5, #355492), to(#2A4887));border:1px solid #29487d;-webkit-background-clip:padding-box;-webkit-border-radius:3px;-webkit-box-shadow:rgba(0, 0, 0, .117188) 0 1px 1px inset, rgba(255, 255, 255, .167969) 0 1px 0;display:inline-block;margin-top:3px;max-width:85px;line-height:18px;padding:4px 12px;position:relative}.fb_dialog_content .dialog_header .touchable_button input{border:none;background:none;color:#fff;font:12px Helvetica, sans-serif;font-weight:bold;margin:2px -12px;padding:2px 6px 3px 6px;text-shadow:rgba(0, 30, 84, .296875) 0 -1px 0}.fb_dialog_content .dialog_header .header_center{color:#fff;font-size:16px;font-weight:bold;line-height:18px;text-align:center;vertical-align:middle}.fb_dialog_content .dialog_content{background:url(https://static.xx.fbcdn.net/rsrc.php/v3/y9/r/jKEcVPZFk-2.gif) no-repeat 50% 50%;border:1px solid #555;border-bottom:0;border-top:0;height:150px}.fb_dialog_content .dialog_footer{background:#f6f7f9;border:1px solid #555;border-top-color:#ccc;height:40px}#fb_dialog_loader_close{float:left}.fb_dialog.fb_dialog_mobile .fb_dialog_close_button{text-shadow:rgba(0, 30, 84, .296875) 0 -1px 0}.fb_dialog.fb_dialog_mobile .fb_dialog_close_icon{visibility:hidden}#fb_dialog_loader_spinner{animation:rotateSpinner 1.2s linear infinite;background-color:transparent;background-image:url(https://static.xx.fbcdn.net/rsrc.php/v3/yD/r/t-wz8gw1xG1.png);background-repeat:no-repeat;background-position:50% 50%;height:24px;width:24px}@keyframes rotateSpinner{0%{transform:rotate(0deg)}100%{transform:rotate(360deg)}}
.fb_iframe_widget{display:inline-block;position:relative}.fb_iframe_widget span{display:inline-block;position:relative;text-align:justify}.fb_iframe_widget iframe{position:absolute}.fb_iframe_widget_fluid_desktop,.fb_iframe_widget_fluid_desktop span,.fb_iframe_widget_fluid_desktop iframe{max-width:100%}.fb_iframe_widget_fluid_desktop iframe{min-width:220px;position:relative}.fb_iframe_widget_lift{z-index:1}.fb_hide_iframes iframe{position:relative;left:-10000px}.fb_iframe_widget_loader{position:relative;display:inline-block}.fb_iframe_widget_fluid{display:inline}.fb_iframe_widget_fluid span{width:100%}.fb_iframe_widget_loader iframe{min-height:32px;z-index:2;zoom:1}.fb_iframe_widget_loader .FB_Loader{background:url(https://static.xx.fbcdn.net/rsrc.php/v3/y9/r/jKEcVPZFk-2.gif) no-repeat;height:32px;width:32px;margin-left:-16px;position:absolute;left:50%;z-index:4}
  </style>
  <div id="cookie-law" style="display: none;">
   <div id="cookie-law-content">
    <div>
     <strong>
      We use cookies to improve your experience on this website.
     </strong>
     By continuing to browse our site you agree to our use of
     <a href="/en/terms/" target="_blank" title="Terms of Use">
      cookies
     </a>
     .
     <span class="button" onclick="cjs.dic.get('cookieLaw').accept();  return false;">
      Agree
     </span>
    </div>
   </div>
  </div>
  <div class="container">
   <div class="header" id="top">
    <h1>
     West Ham v Arsenal, Premier League 2016/2017 - Soccer, England
    </h1>
    <a class="logo r-image" href="/en/">
     Scoreboard.com
     <span>
     </span>
    </a>
    <div id="project-debug">
    </div>
    <div class="panel header-2">
     <div id="lsid">
      <div id="lsid-content">
       <div class="buttons">
        <div class="lsid-rounded-box blue" id="signInFB">
         <span class="icon FB">
         </span>
         Connect with Facebook
        </div>
        <div class="lsid-rounded-box black" id="signIn" onclick="e_t.track_click('web-click', 'login');return false;">
         Login
        </div>
        <div class="lsid-rounded-box" id="registration" onclick="e_t.track_click('web-click', 'registration');return false;">
         REGISTRATION
        </div>
       </div>
      </div>
     </div>
    </div>
    <div class="control-panel">
     <div class="time-zone">
      <div id="timezone">
       <ul>
        <li class="actual">
         <span id="tzactual">
          18:49
         </span>
        </li>
       </ul>
       <div id="tzcontentenv">
        <ul id="tzcontent">
         <li class="even">
          <a href="#">
           12:49
          </a>
         </li>
         <li>
          <a href="#">
           13:49
          </a>
         </li>
         <li class="even">
          <a href="#">
           14:49
          </a>
         </li>
         <li>
          <a href="#">
           15:49
          </a>
         </li>
         <li class="even">
          <a href="#">
           16:49
          </a>
         </li>
         <li>
          <a href="#">
           17:49
          </a>
         </li>
         <li class="even">
          <a class="active tzdefault" href="#">
           18:49
          </a>
         </li>
         <li>
          <a href="#">
           19:49
          </a>
         </li>
         <li class="even">
          <a href="#">
           20:49
          </a>
         </li>
         <li>
          <a href="#">
           21:49
          </a>
         </li>
         <li class="even">
          <a href="#">
           22:49
          </a>
         </li>
         <li>
          <a href="#">
           23:49
          </a>
         </li>
         <li class="even">
          <a href="#">
           00:49
          </a>
         </li>
         <li>
          <a href="#">
           01:49
          </a>
         </li>
         <li class="even">
          <a href="#">
           02:49
          </a>
         </li>
         <li>
          <a href="#">
           03:49
          </a>
         </li>
         <li class="even">
          <a href="#">
           04:49
          </a>
         </li>
         <li>
          <a href="#">
           05:49
          </a>
         </li>
         <li class="even">
          <a href="#">
           06:49
          </a>
         </li>
         <li>
          <a href="#">
           07:49
          </a>
         </li>
         <li class="even">
          <a href="#">
           08:49
          </a>
         </li>
         <li>
          <a href="#">
           09:49
          </a>
         </li>
         <li class="even">
          <a href="#">
           10:49
          </a>
         </li>
         <li>
          <a href="#">
           11:49
          </a>
         </li>
         <li class="even">
          <a href="#">
           12:49
          </a>
         </li>
        </ul>
       </div>
       <script type="text/javascript">
        //<![CDATA[
	var ifa = true;
	cjs.timezone.isDSTactive(0);
	cjs.timezone.setActualTime(1480895346);
	cjs.timezone.setShowGmt(false);
cjs.timezone.setTimeFormat('H:i');
	cjs.timezone.setActualElementJQselector('#tzactual');
	cjs.timezone.setListElementJQselector('#tzcontentenv');
	cjs.timezone.setTZlist(new Array(-11,-10,-9,-8,-7,-6,-5,-4,-3,-2,-1,+0,+1,+2,+3,+4,+5,+6,+7,+8,+9,+10,+11,+12,+13));
	var sport = 'soccer';
cjs.timezone.setDefaultTz(1);
	//]]>
       </script>
      </div>
     </div>
     <div class="lang-combo">
      <div id="langcombo">
       <ul>
        <li class="actual" onclick="display_lang('langcontent'); return false;">
         <a class="lang-flag lang_en" href="#">
          <span id="langzactual">
           English/International
          </span>
         </a>
        </li>
       </ul>
       <ul id="langcontent">
        <li>
         <a class="lang-flag lang_id" href="/id/" onclick="if (cjs.dic.exists('Helper_AutoRedirect')) {cjs.dic.get('Helper_AutoRedirect').langComboSelect('id');}">
          Bahasa Indonesia
         </a>
        </li>
        <li>
         <a class="lang-flag lang_ms" href="/my/" onclick="if (cjs.dic.exists('Helper_AutoRedirect')) {cjs.dic.get('Helper_AutoRedirect').langComboSelect('my');}">
          Bahasa Melayu
         </a>
        </li>
        <li>
         <a class="lang-flag lang_cs" href="/cz/" onclick="if (cjs.dic.exists('Helper_AutoRedirect')) {cjs.dic.get('Helper_AutoRedirect').langComboSelect('cz');}">
          Čeština
         </a>
        </li>
        <li>
         <a class="lang-flag lang_da" href="/dk/" onclick="if (cjs.dic.exists('Helper_AutoRedirect')) {cjs.dic.get('Helper_AutoRedirect').langComboSelect('dk');}">
          Dansk
         </a>
        </li>
        <li>
         <a class="lang-flag lang_de" href="/de/" onclick="if (cjs.dic.exists('Helper_AutoRedirect')) {cjs.dic.get('Helper_AutoRedirect').langComboSelect('de');}">
          Deutsch
         </a>
        </li>
        <li>
         <a class="lang-flag lang_en-au" href="/au/" onclick="if (cjs.dic.exists('Helper_AutoRedirect')) {cjs.dic.get('Helper_AutoRedirect').langComboSelect('au');}">
          English/Australia
         </a>
        </li>
        <li class="active">
         <a class="lang-flag lang_en" href="/en/" onclick="if (cjs.dic.exists('Helper_AutoRedirect')) {cjs.dic.get('Helper_AutoRedirect').langComboSelect('en');}">
          English/International
         </a>
        </li>
        <li>
         <a class="lang-flag lang_en-usa" href="/?force=1" onclick="if (cjs.dic.exists('Helper_AutoRedirect')) {cjs.dic.get('Helper_AutoRedirect').langComboSelect('');}">
          English/U.S.
         </a>
        </li>
        <li>
         <a class="lang-flag lang_en-uk" href="/uk/" onclick="if (cjs.dic.exists('Helper_AutoRedirect')) {cjs.dic.get('Helper_AutoRedirect').langComboSelect('uk');}">
          English/UK
         </a>
        </li>
        <li>
         <a class="lang-flag lang_es" href="/es/" onclick="if (cjs.dic.exists('Helper_AutoRedirect')) {cjs.dic.get('Helper_AutoRedirect').langComboSelect('es');}">
          Español
         </a>
        </li>
        <li>
         <a class="lang-flag lang_fr" href="/fr/" onclick="if (cjs.dic.exists('Helper_AutoRedirect')) {cjs.dic.get('Helper_AutoRedirect').langComboSelect('fr');}">
          Français
         </a>
        </li>
        <li>
         <a class="lang-flag lang_hr" href="/hr/" onclick="if (cjs.dic.exists('Helper_AutoRedirect')) {cjs.dic.get('Helper_AutoRedirect').langComboSelect('hr');}">
          Hrvatski
         </a>
        </li>
        <li>
         <a class="lang-flag lang_it" href="/it/" onclick="if (cjs.dic.exists('Helper_AutoRedirect')) {cjs.dic.get('Helper_AutoRedirect').langComboSelect('it');}">
          Italiano
         </a>
        </li>
        <li>
         <a class="lang-flag lang_lt" href="/lt/" onclick="if (cjs.dic.exists('Helper_AutoRedirect')) {cjs.dic.get('Helper_AutoRedirect').langComboSelect('lt');}">
          Lietuvių
         </a>
        </li>
        <li>
         <a class="lang-flag lang_hu" href="/hu/" onclick="if (cjs.dic.exists('Helper_AutoRedirect')) {cjs.dic.get('Helper_AutoRedirect').langComboSelect('hu');}">
          Magyar
         </a>
        </li>
        <li>
         <a class="lang-flag lang_nl" href="/nl/" onclick="if (cjs.dic.exists('Helper_AutoRedirect')) {cjs.dic.get('Helper_AutoRedirect').langComboSelect('nl');}">
          Nederlands
         </a>
        </li>
        <li>
         <a class="lang-flag lang_no" href="/no/" onclick="if (cjs.dic.exists('Helper_AutoRedirect')) {cjs.dic.get('Helper_AutoRedirect').langComboSelect('no');}">
          Norsk
         </a>
        </li>
        <li>
         <a class="lang-flag lang_pl" href="/pl/" onclick="if (cjs.dic.exists('Helper_AutoRedirect')) {cjs.dic.get('Helper_AutoRedirect').langComboSelect('pl');}">
          Polski
         </a>
        </li>
        <li>
         <a class="lang-flag lang_pt" href="/pt/" onclick="if (cjs.dic.exists('Helper_AutoRedirect')) {cjs.dic.get('Helper_AutoRedirect').langComboSelect('pt');}">
          Português
         </a>
        </li>
        <li>
         <a class="lang-flag lang_pt-br" href="/br/" onclick="if (cjs.dic.exists('Helper_AutoRedirect')) {cjs.dic.get('Helper_AutoRedirect').langComboSelect('br');}">
          Português/Brasil
         </a>
        </li>
        <li>
         <a class="lang-flag lang_ro" href="/ro/" onclick="if (cjs.dic.exists('Helper_AutoRedirect')) {cjs.dic.get('Helper_AutoRedirect').langComboSelect('ro');}">
          Română
         </a>
        </li>
        <li>
         <a class="lang-flag lang_sr" href="/rs/" onclick="if (cjs.dic.exists('Helper_AutoRedirect')) {cjs.dic.get('Helper_AutoRedirect').langComboSelect('rs');}">
          Srpski
         </a>
        </li>
        <li>
         <a class="lang-flag lang_sk" href="/sk/" onclick="if (cjs.dic.exists('Helper_AutoRedirect')) {cjs.dic.get('Helper_AutoRedirect').langComboSelect('sk');}">
          Slovenčina
         </a>
        </li>
        <li>
         <a class="lang-flag lang_sl" href="/si/" onclick="if (cjs.dic.exists('Helper_AutoRedirect')) {cjs.dic.get('Helper_AutoRedirect').langComboSelect('si');}">
          Slovenščina
         </a>
        </li>
        <li>
         <a class="lang-flag lang_fi" href="/fi/" onclick="if (cjs.dic.exists('Helper_AutoRedirect')) {cjs.dic.get('Helper_AutoRedirect').langComboSelect('fi');}">
          Suomi
         </a>
        </li>
        <li>
         <a class="lang-flag lang_sv" href="/se/" onclick="if (cjs.dic.exists('Helper_AutoRedirect')) {cjs.dic.get('Helper_AutoRedirect').langComboSelect('se');}">
          Svenska
         </a>
        </li>
        <li>
         <a class="lang-flag lang_vi" href="/vn/" onclick="if (cjs.dic.exists('Helper_AutoRedirect')) {cjs.dic.get('Helper_AutoRedirect').langComboSelect('vn');}">
          Tiếng Việt
         </a>
        </li>
        <li>
         <a class="lang-flag lang_tr" href="/tr/" onclick="if (cjs.dic.exists('Helper_AutoRedirect')) {cjs.dic.get('Helper_AutoRedirect').langComboSelect('tr');}">
          Türkçe
         </a>
        </li>
        <li>
         <a class="lang-flag lang_bg" href="/bg/" onclick="if (cjs.dic.exists('Helper_AutoRedirect')) {cjs.dic.get('Helper_AutoRedirect').langComboSelect('bg');}">
          Български език
         </a>
        </li>
        <li>
         <a class="lang-flag lang_el" href="/gr/" onclick="if (cjs.dic.exists('Helper_AutoRedirect')) {cjs.dic.get('Helper_AutoRedirect').langComboSelect('gr');}">
          Ελληνικά
         </a>
        </li>
        <li>
         <a class="lang-flag lang_ru" href="/ru/" onclick="if (cjs.dic.exists('Helper_AutoRedirect')) {cjs.dic.get('Helper_AutoRedirect').langComboSelect('ru');}">
          Русский
         </a>
        </li>
        <li>
         <a class="lang-flag lang_ko" href="/kr/" onclick="if (cjs.dic.exists('Helper_AutoRedirect')) {cjs.dic.get('Helper_AutoRedirect').langComboSelect('kr');}">
          한국어
         </a>
        </li>
        <li>
         <a class="lang-flag lang_ua" href="/ua/" onclick="if (cjs.dic.exists('Helper_AutoRedirect')) {cjs.dic.get('Helper_AutoRedirect').langComboSelect('ua');}">
          Українська
         </a>
        </li>
       </ul>
      </div>
     </div>
    </div>
   </div>
   <div class="menu-top">
    <ul>
     <li class="first s-1">
      <a class="home" href="/en/" title="Today's Matches: 71">
       Top Scores
       <span class="todayEvents">
        71
       </span>
      </a>
     </li>
     <li class="s1 active">
      <a class="link-sport soccer" href="/en/soccer/" title="Today's Matches: 657">
       <span class="sport-name">
        SOCCER
       </span>
       <span class="todayEvents">
        657
       </span>
      </a>
     </li>
     <li class="s2">
      <a class="link-sport tennis" href="/en/tennis/" title="Today's Matches: 12">
       <span class="sport-name">
        TENNIS
       </span>
       <span class="todayEvents">
        12
       </span>
      </a>
     </li>
     <li class="s3">
      <a class="link-sport basketball" href="/en/basketball/" title="Today's Matches: 190">
       <span class="sport-name">
        BASKETBALL
       </span>
       <span class="todayEvents">
        190
       </span>
      </a>
     </li>
     <li class="s4">
      <a class="link-sport hockey" href="/en/hockey/" title="Today's Matches: 149">
       <span class="sport-name">
        HOCKEY
       </span>
       <span class="todayEvents">
        149
       </span>
      </a>
     </li>
     <li class="s6">
      <a class="link-sport baseball" href="/en/baseball/" title="Today's Matches: 15">
       <span class="sport-name">
        BASEBALL
       </span>
       <span class="todayEvents">
        15
       </span>
      </a>
     </li>
     <li class="s13">
      <a class="link-sport cricket" href="/en/cricket/" title="Today's Matches: 11">
       <span class="sport-name">
        CRICKET
       </span>
       <span class="todayEvents">
        11
       </span>
      </a>
     </li>
     <li class="s23">
      <a class="link-sport golf" href="/en/golf/" title="Today's Matches: 5">
       <span class="sport-name">
        GOLF
       </span>
       <span class="todayEvents">
        5
       </span>
      </a>
     </li>
     <li class="minority last before-search" onmouseout="menumin_hide()" onmouseover="menumin_fix()">
      <span class="corner-left">
      </span>
      <span class="content">
       <a class="other" href="#" onmouseover="menumin_show()">
        Other
        <span class="arrow">
        </span>
       </a>
      </span>
      <span class="corner-right">
      </span>
      <ul id="menumin">
       <li class="american-football s5" onmouseover="menumin_fix()">
        <a href="/en/american-football/">
         <span class="sport-icon american-football s5">
         </span>
         Am. football
        </a>
       </li>
       <li class="handball s7 rt" onmouseover="menumin_fix()">
        <a href="/en/handball/">
         <span class="sport-icon handball s7 rt">
         </span>
         Handball
        </a>
       </li>
       <li class="aussie-rules s18" onmouseover="menumin_fix()">
        <a href="/en/aussie-rules/">
         <span class="sport-icon aussie-rules s18">
         </span>
         Aussie rules
        </a>
       </li>
       <li class="horse-racing s35 rt" onmouseover="menumin_fix()">
        <a href="/en/horse-racing/">
         <span class="sport-icon horse-racing s35 rt">
         </span>
         Horse racing
        </a>
       </li>
       <li class="badminton s21" onmouseover="menumin_fix()">
        <a href="/en/badminton/">
         <span class="sport-icon badminton s21">
         </span>
         Badminton
        </a>
       </li>
       <li class="mma s28 rt" onmouseover="menumin_fix()">
        <a href="/en/mma/">
         <span class="sport-icon mma s28 rt">
         </span>
         MMA
        </a>
       </li>
       <li class="bandy s10" onmouseover="menumin_fix()">
        <a href="/en/bandy/">
         <span class="sport-icon bandy s10">
         </span>
         Bandy
        </a>
       </li>
       <li class="motorsport s31 rt" onmouseover="menumin_fix()">
        <a href="/en/motorsport/">
         <span class="sport-icon motorsport s31 rt">
         </span>
         Motorsport
        </a>
       </li>
       <li class="beach-soccer s26" onmouseover="menumin_fix()">
        <a href="/en/beach-soccer/">
         <span class="sport-icon beach-soccer s26">
         </span>
         Beach soccer
        </a>
       </li>
       <li class="netball s29 rt" onmouseover="menumin_fix()">
        <a href="/en/netball/">
         <span class="sport-icon netball s29 rt">
         </span>
         Netball
        </a>
       </li>
       <li class="beach-volleyball s17" onmouseover="menumin_fix()">
        <a href="/en/beach-volleyball/">
         <span class="sport-icon beach-volleyball s17">
         </span>
         Beach volleyball
        </a>
       </li>
       <li class="pesapallo s30 rt" onmouseover="menumin_fix()">
        <a href="/en/pesapallo/">
         <span class="sport-icon pesapallo s30 rt">
         </span>
         Pesäpallo
        </a>
       </li>
       <li class="boxing s16" onmouseover="menumin_fix()">
        <a href="/en/boxing/">
         <span class="sport-icon boxing s16">
         </span>
         Boxing
        </a>
       </li>
       <li class="rugby-league s19 rt" onmouseover="menumin_fix()">
        <a href="/en/rugby-league/">
         <span class="sport-icon rugby-league s19 rt">
         </span>
         Rugby League
        </a>
       </li>
       <li class="cycling s34" onmouseover="menumin_fix()">
        <a href="/en/cycling/">
         <span class="sport-icon cycling s34">
         </span>
         Cycling
        </a>
       </li>
       <li class="rugby-union s8 rt" onmouseover="menumin_fix()">
        <a href="/en/rugby-union/">
         <span class="sport-icon rugby-union s8 rt">
         </span>
         Rugby Union
        </a>
       </li>
       <li class="darts s14" onmouseover="menumin_fix()">
        <a href="/en/darts/">
         <span class="sport-icon darts s14">
         </span>
         Darts
        </a>
       </li>
       <li class="snooker s15 rt" onmouseover="menumin_fix()">
        <a href="/en/snooker/">
         <span class="sport-icon snooker s15 rt">
         </span>
         Snooker
        </a>
       </li>
       <li class="esports s36" onmouseover="menumin_fix()">
        <a href="/en/esports/">
         <span class="sport-icon esports s36">
         </span>
         eSports
        </a>
       </li>
       <li class="table-tennis s25 rt" onmouseover="menumin_fix()">
        <a href="/en/table-tennis/">
         <span class="sport-icon table-tennis s25 rt">
         </span>
         Table tennis
        </a>
       </li>
       <li class="field-hockey s24" onmouseover="menumin_fix()">
        <a href="/en/field-hockey/">
         <span class="sport-icon field-hockey s24">
         </span>
         Field hockey
        </a>
       </li>
       <li class="volleyball s12 rt" onmouseover="menumin_fix()">
        <a href="/en/volleyball/">
         <span class="sport-icon volleyball s12 rt">
         </span>
         Volleyball
        </a>
       </li>
       <li class="floorball s9" onmouseover="menumin_fix()">
        <a href="/en/floorball/">
         <span class="sport-icon floorball s9">
         </span>
         Floorball
        </a>
       </li>
       <li class="water-polo s22 rt" onmouseover="menumin_fix()">
        <a href="/en/water-polo/">
         <span class="sport-icon water-polo s22 rt">
         </span>
         Water polo
        </a>
       </li>
       <li class="futsal s11 last" onmouseover="menumin_fix()">
        <a href="/en/futsal/">
         <span class="sport-icon futsal s11 last">
         </span>
         Futsal
        </a>
       </li>
       <li class="winter-sports s37 last rt" onmouseover="menumin_fix()">
        <a href="/en/winter-sports/">
         <span class="sport-icon winter-sports s37 last rt">
         </span>
         Winter Sports
        </a>
       </li>
      </ul>
     </li>
     <li class="search last" id="search-button" onclick="cjs.dic.get('SearchWindow').open(); return false;" title="Search">
      <a class="link-sport">
       <span class="icon icon-search">
       </span>
      </a>
     </li>
    </ul>
   </div>
   <script type="text/javascript">
    l.sports_count.show_menu();
   </script>
   <div class="main">
    <div class="shadow">
    </div>
    <div class="main-left">
     <div class="center col-center common_page">
      <div id="box-over-content-a" style="display: none;">
      </div>
      <div id="box-over-content-b" style="display: none;">
      </div>
      <div id="box-inner-content-a" style="display: none;">
      </div>
      <div id="box-over-content-caption" style="display: none;">
      </div>
      <h2 class="tournament">
       <span class="sport-icon soccer">
       </span>
       <a href="/en/soccer/">
        Soccer
       </a>
       <span class="delimiter">
        »
       </span>
       <span class="flag fl_198">
       </span>
       <a href="/en/soccer/england/">
        England
       </a>
       <span class="delimiter">
        »
       </span>
       <a href="/en/soccer/england/premier-league/">
        Premier League
       </a>
       <span class="delimiter">
        »
       </span>
       2016/2017
      </h2>
      <script type="text/javascript">
       //<![CDATA[
	var sport_url = '/en/soccer/';
	document.ifa = function() { return true; };
	//]]>
      </script>
      <div class="soccer" id="detail-nested">
       <script type="text/javascript">
        document.title = "West Ham v Arsenal, Premier League 2016/2017 - Soccer, England ";
       </script>
       <script src="/en/x/js/detail_700_1221000000.js" type="text/javascript">
       </script>
       <link href="/en/x/css/detail_700_1072000000.css" media="screen" rel="stylesheet" type="text/css"/>
       <script src="/en/x/js/table_700_1221000000.js" type="text/javascript">
       </script>
       <script type="text/javascript">
        try { refresh_alert_check_on(); } catch(e) {}
       </script>
       <script type="text/javascript">
        // <![CDATA[
			document.domain = 'scoreboard.com';
			var counter_duration_time = 60;

			var participantEncodedIds = ['Cxq57r8g','hA1Zm19f'];
			var tournamentStageEncodedId = 'fZHsKRg9';
			var tournamentEncodedId = '8Ai8InSt';
			var detailPage = null;

			var g2utime = 1480786200;
			var game_utime = 1480786200;
			var game_utime_end = 0;
			var event_stage_type_id = 3;
			var race_or_main_stage_status_id = null;
			var event_stage_id = 3;
			var game_update_time = 1480895346;			var app_gmt_offset = -3600;
			var default_tz = 1;
			var tudate = 1480809600;			var mid_s = 1;
			var sport_id = 1;
			var page_hlscore_title = "GOAL";
			//var odds_format_url = "eu";
			var mpe_alias = 'p1:100, p2:100, p3:100, p4:100, p5:100, p6:100, p7:100, p8:100, p9:100, p10:100';
			var mpe_delivery = 'a';
			var mpr = 18;
			var refresh_serial = 0;
			var event_stage_trans = new Array();
			var home_3char = "WES";
			var away_3char = "ARS";
			var title_at_char = "";
			var isSwapped = "";
			var playingOnSets = "";
			var hasLiveCentreEnabled = 1;
			var isParticipantDetail = 0;
			var eventParticipantEncodedId = "ltB92yKu";
			var stageId = "";
			var externalProjectId = 0;
			var hasScratches = false;
			var tz_list = [-11,-10,-9,-8,-7,-6,-5,-4,-3,-2,-1,+0,+1,+2,+3,+4,+5,+6,+7,+8,+9,+10,+11,+12,+13];			var sentences = [];
			var sentences_parts = [];

fs_detail.CA = "";fs_detail.DL = 1;fs_detail.DG = "1";fs_detail.DH = "5";fs_detail.DE = "1";fs_detail.DF = "5";fs_detail.DA = 3;fs_detail.DB = 3;fs_detail.AW = 1;fs_detail.DX = 'OD,HI,HH,LI,ST,PS,LC,LT,TA';fs_detail.GB = '{"default":true}';fs_detail.HR = '1480787994|;1480792384|;1480793403|;1480793403|;1480793403|;1480793403|;1480794470|';fs_detail.CO = "n";event_stage_trans[1] = "&nbsp;"; event_stage_trans[45] = "To finish"; event_stage_trans[42] = "Awaiting updates"; event_stage_trans[2] = "Live"; event_stage_trans[12] = "1st Half"; event_stage_trans[38] = "Half Time"; event_stage_trans[13] = "2nd Half"; event_stage_trans[6] = "Extra Time"; event_stage_trans[7] = "Penalties"; event_stage_trans[46] = "Break Time"; event_stage_trans[3] = "Finished"; event_stage_trans[10] = "After Extra Time"; event_stage_trans[11] = "After Penalties"; event_stage_trans[9] = "Walkover"; event_stage_trans[43] = "Delayed"; event_stage_trans[36] = "Interrupted"; event_stage_trans[4] = "Postponed"; event_stage_trans[5] = "Cancelled"; event_stage_trans[37] = "Abandoned"; event_stage_trans[54] = "Awarded"; 
			$(window).bind('load', detail_load);
			$(window).bind('load', function()
			{
				try{
					document.lsadvert_display();
					document.show_social_button();
				}
				catch(e)
				{
				}
			});
			$(window).bind('hashchange', detail_hashchange);
			$(document).ready(function()
			{
				cjs.dic.get('DicProxy').onReady(function()
				{
					detail_init('soccer', 'zRp4p5Xc', game_update_time);
					set_detail_bet_icon_states("tab-prematch-odds");
					detail_tab();
					detail_delegate_actions(1, 'soccer', 'zRp4p5Xc');
				});

									initFeedRequest();
					myTeamsInit(1);
					if (typeof cjs.myTeams != 'undefined')
					{
						cjs.myTeams.printToggleIcons();
						cjs.myTeams.delegateTooltips();
					}
							});

					// ]]>
       </script>
       <script type="text/javascript">
        // <![CDATA[
var stats2Config = {"tournament":"8Ai8InSt","tournamentStage":"fZHsKRg9","statsTabsConfig":{"16":{"name":"Live Standings","url":"live","sortKey":1},"1":{"name":"Standings","url":"table","sortKey":2,"items":{"1":{"name":"Overall","url":"overall","sortKey":1},"2":{"name":"Home","url":"home","sortKey":2},"3":{"name":"Away","url":"away","sortKey":3}}},"5":{"name":"Form","url":"form","sortKey":3,"items":{"5":{"name":"Overall","url":"overall","has_sub_items":true,"sortKey":1},"8":{"name":"Home","url":"home","has_sub_items":true,"sortKey":2},"9":{"name":"Away","url":"away","has_sub_items":true,"sortKey":3}}},"6":{"name":"Over\/Under","url":"over_under","sortKey":4,"items":{"6":{"name":"Overall","url":"overall","has_sub_items":true,"sortKey":1},"17":{"name":"Home","url":"home","has_sub_items":true,"sortKey":2},"18":{"name":"Away","url":"away","has_sub_items":true,"sortKey":3}}},"7":{"name":"Streaks","url":"streaks","sortKey":5},"-1":{"name":"Draw","url":"draw","sortKey":6},"13":{"url":"ht_ft","name":"HT\/FT","title":"Half Time\/Full Time","sortKey":7,"items":{"13":{"name":"Overall","url":"overall","sortKey":1},"14":{"name":"Home","url":"home","sortKey":2},"15":{"name":"Away","url":"away","sortKey":3}}},"10":{"name":"Top Scorers","url":"top_scorers","sortKey":8}},"statsOverUnderTypes":{"8":{"sort":0,"name":0.5,"default_tab_order":1},"1":{"sort":1,"name":1.5,"default_tab_order":0},"2":{"sort":2,"name":2.5,"default_tab_order":2},"3":{"sort":3,"name":3.5,"default_tab_order":0},"4":{"sort":4,"name":4.5,"default_tab_order":0},"5":{"sort":5,"name":5.5,"default_tab_order":0},"6":{"sort":6,"name":6.5,"default_tab_order":0},"7":{"sort":7,"name":7.5,"default_tab_order":0}}};

// ]]>
       </script>
       <div class="sport-soccer" id="detail">
        <div id="detcon">
         <div id="season_url" style="display: none">
          2016-2017
         </div>
         <div class="hidden" id="preload-all">
          <div class="preload">
           <span>
            Loading ...
           </span>
          </div>
         </div>
         <div class="" id="content-all">
          <div id="fscon-service-status">
          </div>
          <table class="team" id="flashscore">
           <tbody>
            <tr>
             <td class="tlogo-home">
              <div>
               <a href="/en/team/west-ham/Cxq57r8g">
                <img alt="West Ham" height="50" src="/res/image/data/8zNiyaQt-WfYhRzeo.png" title="Show profile" width="50"/>
               </a>
               <div class="tomyteams" id="tomyteams_1_Cxq57r8g">
                <span class="toggleMyTeam 1_Cxq57r8g" onclick="tt.hide(this); cjs.myTeams.toggle('1_Cxq57r8g'); event.stopPropagation();" title="Add to My Teams!">
                </span>
               </div>
              </div>
             </td>
             <td id="flashscore_column">
              <table>
               <tbody>
                <tr>
                 <td class="tname-home logo-enable">
                  <span class="tname">
                   <span class="dw-icon ico" style="display: none" title="Advancing to next round">
                   </span>
                   <a href="/en/team/west-ham/Cxq57r8g">
                    West Ham
                   </a>
                  </span>
                 </td>
                 <td class="current-result">
                  <span class="scoreboard">
                   1
                  </span>
                  <span class="scoreboard-divider">
                   :
                  </span>
                  <span class="scoreboard">
                   5
                  </span>
                 </td>
                 <td class="tname-away logo-enable">
                  <span class="tname">
                   <a href="/en/team/arsenal/hA1Zm19f">
                    Arsenal
                   </a>
                   <span class="dw-icon ico" style="display: none" title="Advancing to next round">
                   </span>
                  </span>
                 </td>
                </tr>
                <tr>
                 <td class="mstat-date" colspan="3" id="utime">
                  03.12.2016 12:30
                 </td>
                </tr>
                <tr>
                 <td class="mstat" colspan="3">
                  Finished
                 </td>
                </tr>
               </tbody>
              </table>
             </td>
             <td class="tlogo-away">
              <div>
               <div class="tomyteams" id="tomyteams_1_hA1Zm19f">
                <span class="toggleMyTeam 1_hA1Zm19f" onclick="tt.hide(this); cjs.myTeams.toggle('1_hA1Zm19f'); event.stopPropagation();" title="Add to My Teams!">
                </span>
               </div>
               <a href="/en/team/arsenal/hA1Zm19f">
                <img alt="Arsenal" height="50" src="/res/image/data/fwtiqyQt-8YvjTSv9.png" title="Show profile" width="50"/>
               </a>
              </div>
             </td>
            </tr>
           </tbody>
          </table>
          <div id="share-buttons-detail">
           <span class="share-button facebook" onclick="share_button_click('facebook');e_t.track_click('detail-share-button', 'facebook');" title="Share on Facebook">
           </span>
           <span class="share-button twitter" onclick="share_button_click('twitter');e_t.track_click('detail-share-button', 'twitter');" title="Share on Twitter">
           </span>
           <span class="share-button googleplus last" onclick="share_button_click('googleplus');e_t.track_click('detail-share-button', 'googleplus');" title="Share on Google+">
           </span>
          </div>
          <div id="detail-submenu-bookmark-container" style="display: none;">
          </div>
          <div id="detail-bookmarks">
           <div style="position: relative;">
            <ul class="ifmenu">
             <li class="li0 selected" id="li-match-summary">
              <span>
               <a href="#" id="a-match-summary" onclick="detail_tab('summary');  e_t.track_click('detail-bookmark-click','match-summary'); return false">
                Live Centre
               </a>
              </span>
             </li>
             <li class="li1" id="li-match-odds-comparison">
              <span>
               <a href="#" id="a-match-odds-comparison" onclick="detail_tab('odds-comparison');  e_t.track_click('detail-bookmark-click','odds-comparison'); return false">
                Odds Comparison
               </a>
              </span>
             </li>
             <li class="li2" id="li-match-head-2-head">
              <span>
               <a href="#" id="a-match-head-2-head" onclick="detail_tab('head-2-head');  e_t.track_click('detail-bookmark-click','h2h'); return false">
                H2H
               </a>
              </span>
             </li>
             <li class="li4" id="li-match-standings">
              <span>
               <a href="#" id="a-match-standings" onclick="detail_tab('standings');  e_t.track_click('detail-bookmark-click','stats-detail'); return false">
                Standings
               </a>
              </span>
             </li>
             <li class="li6" id="li-match-highlights">
              <span>
               <a href="#" id="a-match-highlights" onclick="detail_tab('highlights');  e_t.track_click('detail-bookmark-click','video-detail'); return false">
                Video
               </a>
              </span>
             </li>
            </ul>
           </div>
           <div class="color-spacer">
           </div>
           <div class="detail-submenu-bookmark" id="detail-submenu-bookmark" style="">
            <div class="spacer-block">
            </div>
            <ul class="ifmenu">
             <li class="li0 selected" id="li-match-timeline">
              <span>
               <a href="#" id="a-match-timeline" onclick="detail_tab('summary');  e_t.track_click('detail-bookmark-click','match-summary'); return false">
                Match Summary
               </a>
              </span>
             </li>
             <li class="li1" id="li-match-player-statistics">
              <span>
               <a href="#" id="a-match-player-statistics" onclick="detail_tab('player-statistics');  e_t.track_click('detail-bookmark-click','player-statistics'); return false">
                Player Statistics
               </a>
              </span>
             </li>
             <li class="li3" id="li-match-commentary">
              <span>
               <a href="#" id="a-match-commentary" onclick="detail_tab('commentary');  e_t.track_click('detail-bookmark-click','live-comentary'); return false">
                LIVE Commentary
               </a>
              </span>
             </li>
            </ul>
            <div class="color-spacer">
            </div>
           </div>
          </div>
          <div id="tab-match-summary" style="display: block;">
           <div class="preload-panel no-height" id="summary-preload" style="display: none;">
            <div class="preload">
             <span>
              Loading ...
             </span>
            </div>
           </div>
           <div id="summary-content">
            <table class="parts-first vertical" id="parts">
             <tbody>
              <tr class="stage-header stage-12">
               <td class="h-part" colspan="3">
                1st Half
               </td>
              </tr>
              <tr class="odd">
               <td class="summary-vertical fl">
                <div class="wrapper">
                 <div class="time-box">
                  7'
                 </div>
                 <div class="icon-box substitution-in">
                  <span class="icon substitution-in">
                  </span>
                 </div>
                 <span class="substitution-in-name">
                  <a href="/en/player/arbeloa-alvaro/CO9bjrLo/">
                   Arbeloa A.
                  </a>
                 </span>
                 <span class="substitution-out-name">
                  <span class="icon substitution-out">
                  </span>
                  <a href="/en/player/collins-james/8vByEDhp/">
                   Collins J.
                  </a>
                 </span>
                </div>
               </td>
               <td class="score" rowspan="3">
                <span class="p1_home">
                 0
                </span>
                -
                <span class="p1_away">
                 1
                </span>
               </td>
               <td class="summary-vertical fr">
                <div class="wrapper">
                </div>
               </td>
              </tr>
              <tr class="even">
               <td class="summary-vertical fl">
                <div class="wrapper">
                </div>
               </td>
               <td class="summary-vertical fr">
                <div class="wrapper">
                 <div class="time-box">
                  24'
                 </div>
                 <div class="icon-box soccer-ball">
                  <span class="icon soccer-ball">
                  </span>
                 </div>
                 <span class="assist">
                  (
                  <a href="/en/player/sanchez-alexis/QgGt7V0d/">
                   Sanchez A.
                  </a>
                  )
                 </span>
                 <span class="participant-name">
                  <a href="/en/player/ozil-mesut/U30xq9EJ/">
                   Ozil M.
                  </a>
                 </span>
                 <a data-restriction="1480787994|" onclick="detail_tab('highlights'); var myInterval = setInterval(function(){ if ($('#highlight_126693').length) { scrollTo(0, $('#highlight_126693').offset().top); clearInterval(myInterval); } }, 200); return false;">
                  <span class="icon video fl" title="Watch video!">
                  </span>
                 </a>
                </div>
               </td>
              </tr>
              <tr class="odd">
               <td class="summary-vertical fl">
                <div class="wrapper">
                </div>
               </td>
               <td class="summary-vertical fr">
                <div class="wrapper">
                 <div class="time-box">
                  30'
                 </div>
                 <div class="icon-box y-card">
                  <span class="icon y-card">
                  </span>
                 </div>
                 <span class="subincident-penalty">
                  (Unsportsmanlike conduct)
                 </span>
                 <span class="participant-name">
                  <a href="/en/player/coquelin-francis/2qXd9yom/">
                   Coquelin F.
                  </a>
                 </span>
                </div>
               </td>
              </tr>
              <tr class="stage-header stage-13">
               <td class="h-part" colspan="3">
                2nd Half
               </td>
              </tr>
              <tr class="even">
               <td class="summary-vertical fl">
                <div class="wrapper">
                 <div class="time-box">
                  59'
                 </div>
                 <div class="icon-box y-card">
                  <span class="icon y-card">
                  </span>
                 </div>
                 <span class="participant-name">
                  <a href="/en/player/fletcher-ashley/lMsmdCg8/">
                   Fletcher A.
                  </a>
                 </span>
                 <span class="subincident-penalty">
                  (Roughing)
                 </span>
                </div>
               </td>
               <td class="score" rowspan="15">
                <span class="p2_home">
                 1
                </span>
                -
                <span class="p2_away">
                 4
                </span>
               </td>
               <td class="summary-vertical fr">
                <div class="wrapper">
                </div>
               </td>
              </tr>
              <tr class="odd">
               <td class="summary-vertical fl">
                <div class="wrapper">
                 <div class="time-box">
                  63'
                 </div>
                 <div class="icon-box substitution-in">
                  <span class="icon substitution-in">
                  </span>
                 </div>
                 <span class="substitution-in-name">
                  <a href="/en/player/ayew-andre/GrZDpRwB/">
                   Ayew A.
                  </a>
                 </span>
                 <span class="substitution-out-name">
                  <span class="icon substitution-out">
                  </span>
                  <a href="/en/player/fernandes-edimilson/QRGkc05e/">
                   Fernandes E.
                  </a>
                 </span>
                </div>
               </td>
               <td class="summary-vertical fr">
                <div class="wrapper">
                </div>
               </td>
              </tr>
              <tr class="even">
               <td class="summary-vertical fl">
                <div class="wrapper">
                 <div class="time-box">
                  65'
                 </div>
                 <div class="icon-box y-card">
                  <span class="icon y-card">
                  </span>
                 </div>
                 <span class="participant-name">
                  <a href="/en/player/reid-winston/fFavcxiR/">
                   Reid W.
                  </a>
                 </span>
                 <span class="subincident-penalty">
                  (Roughing)
                 </span>
                </div>
               </td>
               <td class="summary-vertical fr">
                <div class="wrapper">
                </div>
               </td>
              </tr>
              <tr class="odd">
               <td class="summary-vertical fl">
                <div class="wrapper">
                </div>
               </td>
               <td class="summary-vertical fr">
                <div class="wrapper">
                 <div class="time-box">
                  66'
                 </div>
                 <div class="icon-box substitution-in">
                  <span class="icon substitution-in">
                  </span>
                 </div>
                 <span class="substitution-in-name">
                  <a href="/en/player/ramsey-aaron/fBD08Fin/">
                   Ramsey A.
                  </a>
                 </span>
                 <span class="substitution-out-name">
                  <a href="/en/player/walcott-theo/2cpouZhq/">
                   Walcott T.
                  </a>
                  <span class="icon substitution-out">
                  </span>
                 </span>
                </div>
               </td>
              </tr>
              <tr class="even">
               <td class="summary-vertical fl">
                <div class="wrapper">
                </div>
               </td>
               <td class="summary-vertical fr">
                <div class="wrapper">
                 <div class="time-box">
                  67'
                 </div>
                 <div class="icon-box y-card">
                  <span class="icon y-card">
                  </span>
                 </div>
                 <span class="subincident-penalty">
                  (Roughing)
                 </span>
                 <span class="participant-name">
                  <a href="/en/player/koscielny-laurent/0MoFTxk9/">
                   Koscielny L.
                  </a>
                 </span>
                </div>
               </td>
              </tr>
              <tr class="odd">
               <td class="summary-vertical fl">
                <div class="wrapper">
                </div>
               </td>
               <td class="summary-vertical fr">
                <div class="wrapper">
                 <div class="time-box">
                  72'
                 </div>
                 <div class="icon-box soccer-ball">
                  <span class="icon soccer-ball">
                  </span>
                 </div>
                 <span class="assist">
                  (
                  <a href="/en/player/mustafi-shkodran/ATnr2OzD/">
                   Mustafi S.
                  </a>
                  )
                 </span>
                 <span class="participant-name">
                  <a href="/en/player/sanchez-alexis/QgGt7V0d/">
                   Sanchez A.
                  </a>
                 </span>
                 <a data-restriction="1480792384|" onclick="detail_tab('highlights'); var myInterval = setInterval(function(){ if ($('#highlight_126723').length) { scrollTo(0, $('#highlight_126723').offset().top); clearInterval(myInterval); } }, 200); return false;">
                  <span class="icon video fl" title="Watch video!">
                  </span>
                 </a>
                </div>
               </td>
              </tr>
              <tr class="even">
               <td class="summary-vertical fl">
                <div class="wrapper">
                 <div class="time-box">
                  73'
                 </div>
                 <div class="icon-box substitution-in">
                  <span class="icon substitution-in">
                  </span>
                 </div>
                 <span class="substitution-in-name">
                  <a href="/en/player/carroll-andrew/fsQHmhiO/">
                   Carroll A.
                  </a>
                 </span>
                 <span class="substitution-out-name">
                  <span class="icon substitution-out">
                  </span>
                  <a href="/en/player/noble-mark/GxzuJFFG/">
                   Noble M.
                  </a>
                 </span>
                </div>
               </td>
               <td class="summary-vertical fr">
                <div class="wrapper">
                </div>
               </td>
              </tr>
              <tr class="odd">
               <td class="summary-vertical fl">
                <div class="wrapper">
                </div>
               </td>
               <td class="summary-vertical fr">
                <div class="wrapper">
                 <div class="time-box">
                  80'
                 </div>
                 <div class="icon-box soccer-ball">
                  <span class="icon soccer-ball">
                  </span>
                 </div>
                 <span class="participant-name">
                  <a href="/en/player/sanchez-alexis/QgGt7V0d/">
                   Sanchez A.
                  </a>
                 </span>
                 <a data-restriction="1480793403|" onclick="detail_tab('highlights'); var myInterval = setInterval(function(){ if ($('#highlight_126730').length) { scrollTo(0, $('#highlight_126730').offset().top); clearInterval(myInterval); } }, 200); return false;">
                  <span class="icon video fl" title="Watch video!">
                  </span>
                 </a>
                </div>
               </td>
              </tr>
              <tr class="even">
               <td class="summary-vertical fl">
                <div class="wrapper">
                </div>
               </td>
               <td class="summary-vertical fr">
                <div class="wrapper">
                 <div class="time-box">
                  82'
                 </div>
                 <div class="icon-box y-card">
                  <span class="icon y-card">
                  </span>
                 </div>
                 <span class="subincident-penalty">
                  (Roughing)
                 </span>
                 <span class="participant-name">
                  <a href="/en/player/mustafi-shkodran/ATnr2OzD/">
                   Mustafi S.
                  </a>
                 </span>
                </div>
               </td>
              </tr>
              <tr class="odd">
               <td class="summary-vertical fl">
                <div class="wrapper">
                 <div class="time-box">
                  83'
                 </div>
                 <div class="icon-box soccer-ball">
                  <span class="icon soccer-ball">
                  </span>
                 </div>
                 <span class="participant-name">
                  <a href="/en/player/carroll-andrew/fsQHmhiO/">
                   Carroll A.
                  </a>
                 </span>
                 <a data-restriction="1480793403|" onclick="detail_tab('highlights'); var myInterval = setInterval(function(){ if ($('#highlight_126725').length) { scrollTo(0, $('#highlight_126725').offset().top); clearInterval(myInterval); } }, 200); return false;">
                  <span class="icon video fr" title="Watch video!">
                  </span>
                 </a>
                </div>
               </td>
               <td class="summary-vertical fr">
                <div class="wrapper">
                </div>
               </td>
              </tr>
              <tr class="even">
               <td class="summary-vertical fl">
                <div class="wrapper">
                </div>
               </td>
               <td class="summary-vertical fr">
                <div class="wrapper">
                 <div class="time-box">
                  84'
                 </div>
                 <div class="icon-box soccer-ball">
                  <span class="icon soccer-ball">
                  </span>
                 </div>
                 <span class="assist">
                  (
                  <a href="/en/player/ozil-mesut/U30xq9EJ/">
                   Ozil M.
                  </a>
                  )
                 </span>
                 <span class="participant-name">
                  <a href="/en/player/oxlade-chamberlain-alex/WzNLf7VR/">
                   Oxlade-Chamberlain A.
                  </a>
                 </span>
                 <a data-restriction="1480793403|" onclick="detail_tab('highlights'); var myInterval = setInterval(function(){ if ($('#highlight_126727').length) { scrollTo(0, $('#highlight_126727').offset().top); clearInterval(myInterval); } }, 200); return false;">
                  <span class="icon video fl" title="Watch video!">
                  </span>
                 </a>
                </div>
               </td>
              </tr>
              <tr class="odd">
               <td class="summary-vertical fl">
                <div class="wrapper">
                </div>
               </td>
               <td class="summary-vertical fr">
                <div class="wrapper">
                 <div class="time-box">
                  86'
                 </div>
                 <div class="icon-box soccer-ball">
                  <span class="icon soccer-ball">
                  </span>
                 </div>
                 <span class="assist">
                  (
                  <a href="/en/player/oxlade-chamberlain-alex/WzNLf7VR/">
                   Oxlade-Chamberlain A.
                  </a>
                  )
                 </span>
                 <span class="participant-name">
                  <a href="/en/player/sanchez-alexis/QgGt7V0d/">
                   Sanchez A.
                  </a>
                 </span>
                 <a data-restriction="1480793403|" onclick="detail_tab('highlights'); var myInterval = setInterval(function(){ if ($('#highlight_126729').length) { scrollTo(0, $('#highlight_126729').offset().top); clearInterval(myInterval); } }, 200); return false;">
                  <span class="icon video fl" title="Watch video!">
                  </span>
                 </a>
                </div>
               </td>
              </tr>
              <tr class="even">
               <td class="summary-vertical fl">
                <div class="wrapper">
                </div>
               </td>
               <td class="summary-vertical fr">
                <div class="wrapper">
                 <div class="time-box">
                  87'
                 </div>
                 <div class="icon-box substitution-in">
                  <span class="icon substitution-in">
                  </span>
                 </div>
                 <span class="substitution-in-name">
                  <a href="/en/player/elneny-mohamed/MwhMibOo/">
                   Elneny M.
                  </a>
                 </span>
                 <span class="substitution-out-name">
                  <a href="/en/player/coquelin-francis/2qXd9yom/">
                   Coquelin F.
                  </a>
                  <span class="icon substitution-out">
                  </span>
                 </span>
                </div>
               </td>
              </tr>
              <tr class="odd">
               <td class="summary-vertical fl">
                <div class="wrapper">
                </div>
               </td>
               <td class="summary-vertical fr">
                <div class="wrapper">
                 <div class="time-box">
                  88'
                 </div>
                 <div class="icon-box substitution-in">
                  <span class="icon substitution-in">
                  </span>
                 </div>
                 <span class="substitution-in-name">
                  <a href="/en/player/iwobi-alex/2L5gbR8M/">
                   Iwobi A.
                  </a>
                 </span>
                 <span class="substitution-out-name">
                  <a href="/en/player/ozil-mesut/U30xq9EJ/">
                   Ozil M.
                  </a>
                  <span class="icon substitution-out">
                  </span>
                 </span>
                </div>
               </td>
              </tr>
              <tr class="even">
               <td class="summary-vertical fl">
                <div class="wrapper">
                 <div class="time-box-wide">
                  90+3'
                 </div>
                 <div class="icon-box y-card">
                  <span class="icon y-card">
                  </span>
                 </div>
                 <span class="participant-name">
                  <a href="/en/player/arbeloa-alvaro/CO9bjrLo/">
                   Arbeloa A.
                  </a>
                 </span>
                 <span class="subincident-penalty">
                  (Foul)
                 </span>
                </div>
               </td>
               <td class="summary-vertical fr">
                <div class="wrapper">
                </div>
               </td>
              </tr>
             </tbody>
            </table>
            <table class="parts match-information">
             <tbody>
              <tr class="stage-header">
               <td class="h-part">
                Match Information
               </td>
              </tr>
              <tr class="content">
               <td>
                Referee: Pawson C. (Eng)
               </td>
              </tr>
              <tr class="content">
               <td>
                Attendance: 56 980, 
						Venue: Olympic Stadium (London)
               </td>
              </tr>
             </tbody>
            </table>
            <div id="secret_hash">
            </div>
           </div>
           <div class="spacer-block">
           </div>
          </div>
          <div id="tab-match-odds-comparison" style="display: none;">
           <div class="preload-panel" id="odds-comparison-preload">
            <div class="preload">
             <span>
              Loading ...
             </span>
            </div>
           </div>
           <div id="odds-comparison-content">
           </div>
          </div>
          <div id="tab-match-tv" style="display: none;">
           <div class="preload-panel" id="tv-preload">
            <div class="preload">
             <span>
              Loading ...
             </span>
            </div>
           </div>
           <div id="tv-content">
           </div>
          </div>
          <div id="tab-match-highlights" style="display: none;">
           <div class="preload-panel" id="highlights-preload">
            <div class="preload">
             <span>
              Loading ...
             </span>
            </div>
           </div>
           <div id="highlights-content">
           </div>
          </div>
          <div id="tab-match-head-2-head" style="display: none;">
           <div class="preload-panel" id="head-2-head-preload">
            <div class="preload">
             <span>
              Loading ...
             </span>
            </div>
           </div>
           <div id="head-2-head-content">
           </div>
          </div>
          <div id="tab-match-player-statistics" style="display: none;">
           <div class="preload-panel" id="player-statistics-preload">
            <div class="preload">
             <span>
              Loading ...
             </span>
            </div>
           </div>
           <div id="player-statistics-content">
           </div>
          </div>
          <div id="tab-match-history" style="display: none;">
           <div class="preload-panel" id="match-history-preload">
            <div class="preload">
             <span>
              Loading ...
             </span>
            </div>
           </div>
           <div id="match-history-content">
           </div>
          </div>
          <div id="tab-match-commentary" style="display: none;">
           <div class="preload-panel" id="commentary-preload">
            <div class="preload">
             <span>
              Loading ...
             </span>
            </div>
           </div>
           <div id="commentary-content">
           </div>
          </div>
          <div id="tab-match-live-table" style="display: none;">
           <div class="preload-panel" id="live-table-preload">
            <div class="preload">
             <span>
              Loading ...
             </span>
            </div>
           </div>
           <div id="live-table-content">
           </div>
          </div>
          <div id="tab-match-standings" style="display: none;">
           <div class="preload-panel" id="standings-preload">
            <div class="preload">
             <span>
              Loading ...
             </span>
            </div>
           </div>
           <div id="standings-content">
           </div>
           <div class="spacer-block">
           </div>
          </div>
          <div id="tab-match-draw" style="display: none;">
           <div class="preload-panel" id="draw-preload">
            <div class="preload">
             <span>
              Loading ...
             </span>
            </div>
           </div>
           <div id="draw-content">
           </div>
          </div>
          <hr class="cleaner"/>
          <div id="tab-match-statistics" style="display: block;">
           <div class="detail-submenu-bookmark">
            <ul class="ifmenu">
             <li class="selected">
              <span>
               <strong>
                Statistics
               </strong>
              </span>
             </li>
            </ul>
            <div class="color-spacer">
            </div>
           </div>
           <div class="preload no-height" id="statistics-preload" style="display: none;">
            <span>
             Loading ...
            </span>
           </div>
           <div id="statistics-content">
            <div class="color-px-spacer submenu">
            </div>
            <div class="lines-bookmark">
             <ul class="ifmenu">
              <li class="divider">
              </li>
              <li class="li0 selected" id="statistics-0-statistic">
               <span>
                <a onclick="detail_tab(['statistics', '0-statistic']);">
                 Match
                </a>
               </span>
              </li>
              <li class="divider">
              </li>
              <li class="li1" id="statistics-1-statistic">
               <span>
                <a onclick="detail_tab(['statistics', '1-statistic']);">
                 1st Half
                </a>
               </span>
              </li>
              <li class="divider">
              </li>
              <li class="li2" id="statistics-2-statistic">
               <span>
                <a onclick="detail_tab(['statistics', '2-statistic']);">
                 2nd Half
                </a>
               </span>
              </li>
              <li class="divider">
              </li>
             </ul>
            </div>
            <div class="color-spacer lineup-spacer">
            </div>
            <div id="tab-statistics-0-statistic" style="display: block;">
             <table class="parts">
              <tbody>
               <tr class="odd">
                <td class="summary-vertical fl" style="padding-right: 0px; border-top: 0px;">
                 <div style="float: left;">
                  50%
                 </div>
                 <div style="float: right; width: 82%; margin-top: 4px; border: solid 1px #E0E0E0; border-right: none; height: 9px;">
                  <div style="float: right; width: 50%; background-color: #595959; height: 11px; margin-top: -1px;">
                  </div>
                 </div>
                </td>
                <td class="score stats" style="border-top: 0px;">
                 Ball Possession
                </td>
                <td class="summary-vertical fr" style="padding-left: 0px; border-top: 0px;">
                 <div style="float: left; width: 82%; margin-top: 4px; border: solid 1px #E0E0E0; border-left: none; height: 9px;">
                  <div style="float: left; width: 50%; background-color: #595959; height: 11px; margin-top: -1px;">
                  </div>
                 </div>
                 <div style="float: right;">
                  50%
                 </div>
                </td>
               </tr>
               <tr class="even">
                <td class="summary-vertical fl" style="padding-right: 0px; border-top: 0px;">
                 <div style="float: left;">
                  10
                 </div>
                 <div style="float: right; width: 82%; margin-top: 4px; border: solid 1px #E0E0E0; border-right: none; height: 9px;">
                  <div style="float: right; width: 34%; background-color: #595959; height: 11px; margin-top: -1px;">
                  </div>
                 </div>
                </td>
                <td class="score stats" style="border-top: 0px;">
                 Goal Attempts
                </td>
                <td class="summary-vertical fr" style="padding-left: 0px; border-top: 0px;">
                 <div style="float: left; width: 82%; margin-top: 4px; border: solid 1px #E0E0E0; border-left: none; height: 9px;">
                  <div style="float: left; width: 66%; background-color: #CA0000; height: 11px; margin-top: -1px;">
                  </div>
                 </div>
                 <div style="float: right;">
                  19
                 </div>
                </td>
               </tr>
               <tr class="odd">
                <td class="summary-vertical fl" style="padding-right: 0px; border-top: 0px;">
                 <div style="float: left;">
                  3
                 </div>
                 <div style="float: right; width: 82%; margin-top: 4px; border: solid 1px #E0E0E0; border-right: none; height: 9px;">
                  <div style="float: right; width: 23%; background-color: #595959; height: 11px; margin-top: -1px;">
                  </div>
                 </div>
                </td>
                <td class="score stats" style="border-top: 0px;">
                 Shots on Goal
                </td>
                <td class="summary-vertical fr" style="padding-left: 0px; border-top: 0px;">
                 <div style="float: left; width: 82%; margin-top: 4px; border: solid 1px #E0E0E0; border-left: none; height: 9px;">
                  <div style="float: left; width: 77%; background-color: #CA0000; height: 11px; margin-top: -1px;">
                  </div>
                 </div>
                 <div style="float: right;">
                  10
                 </div>
                </td>
               </tr>
               <tr class="even">
                <td class="summary-vertical fl" style="padding-right: 0px; border-top: 0px;">
                 <div style="float: left;">
                  5
                 </div>
                 <div style="float: right; width: 82%; margin-top: 4px; border: solid 1px #E0E0E0; border-right: none; height: 9px;">
                  <div style="float: right; width: 45%; background-color: #595959; height: 11px; margin-top: -1px;">
                  </div>
                 </div>
                </td>
                <td class="score stats" style="border-top: 0px;">
                 Shots off Goal
                </td>
                <td class="summary-vertical fr" style="padding-left: 0px; border-top: 0px;">
                 <div style="float: left; width: 82%; margin-top: 4px; border: solid 1px #E0E0E0; border-left: none; height: 9px;">
                  <div style="float: left; width: 55%; background-color: #CA0000; height: 11px; margin-top: -1px;">
                  </div>
                 </div>
                 <div style="float: right;">
                  6
                 </div>
                </td>
               </tr>
               <tr class="odd">
                <td class="summary-vertical fl" style="padding-right: 0px; border-top: 0px;">
                 <div style="float: left;">
                  2
                 </div>
                 <div style="float: right; width: 82%; margin-top: 4px; border: solid 1px #E0E0E0; border-right: none; height: 9px;">
                  <div style="float: right; width: 40%; background-color: #595959; height: 11px; margin-top: -1px;">
                  </div>
                 </div>
                </td>
                <td class="score stats" style="border-top: 0px;">
                 Blocked Shots
                </td>
                <td class="summary-vertical fr" style="padding-left: 0px; border-top: 0px;">
                 <div style="float: left; width: 82%; margin-top: 4px; border: solid 1px #E0E0E0; border-left: none; height: 9px;">
                  <div style="float: left; width: 60%; background-color: #CA0000; height: 11px; margin-top: -1px;">
                  </div>
                 </div>
                 <div style="float: right;">
                  3
                 </div>
                </td>
               </tr>
               <tr class="even">
                <td class="summary-vertical fl" style="padding-right: 0px; border-top: 0px;">
                 <div style="float: left;">
                  13
                 </div>
                 <div style="float: right; width: 82%; margin-top: 4px; border: solid 1px #E0E0E0; border-right: none; height: 9px;">
                  <div style="float: right; width: 56%; background-color: #CA0000; height: 11px; margin-top: -1px;">
                  </div>
                 </div>
                </td>
                <td class="score stats" style="border-top: 0px;">
                 Free Kicks
                </td>
                <td class="summary-vertical fr" style="padding-left: 0px; border-top: 0px;">
                 <div style="float: left; width: 82%; margin-top: 4px; border: solid 1px #E0E0E0; border-left: none; height: 9px;">
                  <div style="float: left; width: 44%; background-color: #595959; height: 11px; margin-top: -1px;">
                  </div>
                 </div>
                 <div style="float: right;">
                  10
                 </div>
                </td>
               </tr>
               <tr class="odd">
                <td class="summary-vertical fl" style="padding-right: 0px; border-top: 0px;">
                 <div style="float: left;">
                  3
                 </div>
                 <div style="float: right; width: 82%; margin-top: 4px; border: solid 1px #E0E0E0; border-right: none; height: 9px;">
                  <div style="float: right; width: 60%; background-color: #CA0000; height: 11px; margin-top: -1px;">
                  </div>
                 </div>
                </td>
                <td class="score stats" style="border-top: 0px;">
                 Corner Kicks
                </td>
                <td class="summary-vertical fr" style="padding-left: 0px; border-top: 0px;">
                 <div style="float: left; width: 82%; margin-top: 4px; border: solid 1px #E0E0E0; border-left: none; height: 9px;">
                  <div style="float: left; width: 40%; background-color: #595959; height: 11px; margin-top: -1px;">
                  </div>
                 </div>
                 <div style="float: right;">
                  2
                 </div>
                </td>
               </tr>
               <tr class="even">
                <td class="summary-vertical fl" style="padding-right: 0px; border-top: 0px;">
                 <div style="float: left;">
                  0
                 </div>
                 <div style="float: right; width: 82%; margin-top: 4px; border: solid 1px #E0E0E0; border-right: none; height: 9px;">
                  <div style="float: right; width: 0%; background-color: #595959; height: 11px; margin-top: -1px;">
                  </div>
                 </div>
                </td>
                <td class="score stats" style="border-top: 0px;">
                 Offsides
                </td>
                <td class="summary-vertical fr" style="padding-left: 0px; border-top: 0px;">
                 <div style="float: left; width: 82%; margin-top: 4px; border: solid 1px #CA0000; border-left: none; height: 9px;">
                  <div style="float: left; width: 100%; background-color: #CA0000; height: 11px; margin-top: -1px;">
                  </div>
                 </div>
                 <div style="float: right;">
                  2
                 </div>
                </td>
               </tr>
               <tr class="odd">
                <td class="summary-vertical fl" style="padding-right: 0px; border-top: 0px;">
                 <div style="float: left;">
                  5
                 </div>
                 <div style="float: right; width: 82%; margin-top: 4px; border: solid 1px #E0E0E0; border-right: none; height: 9px;">
                  <div style="float: right; width: 71%; background-color: #CA0000; height: 11px; margin-top: -1px;">
                  </div>
                 </div>
                </td>
                <td class="score stats" style="border-top: 0px;">
                 Goalkeeper Saves
                </td>
                <td class="summary-vertical fr" style="padding-left: 0px; border-top: 0px;">
                 <div style="float: left; width: 82%; margin-top: 4px; border: solid 1px #E0E0E0; border-left: none; height: 9px;">
                  <div style="float: left; width: 29%; background-color: #595959; height: 11px; margin-top: -1px;">
                  </div>
                 </div>
                 <div style="float: right;">
                  2
                 </div>
                </td>
               </tr>
               <tr class="even">
                <td class="summary-vertical fl" style="padding-right: 0px; border-top: 0px;">
                 <div style="float: left;">
                  10
                 </div>
                 <div style="float: right; width: 82%; margin-top: 4px; border: solid 1px #E0E0E0; border-right: none; height: 9px;">
                  <div style="float: right; width: 47%; background-color: #595959; height: 11px; margin-top: -1px;">
                  </div>
                 </div>
                </td>
                <td class="score stats" style="border-top: 0px;">
                 Fouls
                </td>
                <td class="summary-vertical fr" style="padding-left: 0px; border-top: 0px;">
                 <div style="float: left; width: 82%; margin-top: 4px; border: solid 1px #E0E0E0; border-left: none; height: 9px;">
                  <div style="float: left; width: 53%; background-color: #CA0000; height: 11px; margin-top: -1px;">
                  </div>
                 </div>
                 <div style="float: right;">
                  11
                 </div>
                </td>
               </tr>
               <tr class="odd">
                <td class="summary-vertical fl" style="padding-right: 0px; border-top: 0px;">
                 <div style="float: left;">
                  3
                 </div>
                 <div style="float: right; width: 82%; margin-top: 4px; border: solid 1px #E0E0E0; border-right: none; height: 9px;">
                  <div style="float: right; width: 50%; background-color: #595959; height: 11px; margin-top: -1px;">
                  </div>
                 </div>
                </td>
                <td class="score stats" style="border-top: 0px;">
                 Yellow Cards
                </td>
                <td class="summary-vertical fr" style="padding-left: 0px; border-top: 0px;">
                 <div style="float: left; width: 82%; margin-top: 4px; border: solid 1px #E0E0E0; border-left: none; height: 9px;">
                  <div style="float: left; width: 50%; background-color: #595959; height: 11px; margin-top: -1px;">
                  </div>
                 </div>
                 <div style="float: right;">
                  3
                 </div>
                </td>
               </tr>
              </tbody>
             </table>
            </div>
            <div id="tab-statistics-1-statistic" style="display: none;">
             <table class="parts">
              <tbody>
               <tr class="odd">
                <td class="summary-vertical fl" style="padding-right: 0px; border-top: 0px;">
                 <div style="float: left;">
                  50%
                 </div>
                 <div style="float: right; width: 82%; margin-top: 4px; border: solid 1px #E0E0E0; border-right: none; height: 9px;">
                  <div style="float: right; width: 50%; background-color: #595959; height: 11px; margin-top: -1px;">
                  </div>
                 </div>
                </td>
                <td class="score stats" style="border-top: 0px;">
                 Ball Possession
                </td>
                <td class="summary-vertical fr" style="padding-left: 0px; border-top: 0px;">
                 <div style="float: left; width: 82%; margin-top: 4px; border: solid 1px #E0E0E0; border-left: none; height: 9px;">
                  <div style="float: left; width: 50%; background-color: #595959; height: 11px; margin-top: -1px;">
                  </div>
                 </div>
                 <div style="float: right;">
                  50%
                 </div>
                </td>
               </tr>
               <tr class="even">
                <td class="summary-vertical fl" style="padding-right: 0px; border-top: 0px;">
                 <div style="float: left;">
                  4
                 </div>
                 <div style="float: right; width: 82%; margin-top: 4px; border: solid 1px #E0E0E0; border-right: none; height: 9px;">
                  <div style="float: right; width: 44%; background-color: #595959; height: 11px; margin-top: -1px;">
                  </div>
                 </div>
                </td>
                <td class="score stats" style="border-top: 0px;">
                 Goal Attempts
                </td>
                <td class="summary-vertical fr" style="padding-left: 0px; border-top: 0px;">
                 <div style="float: left; width: 82%; margin-top: 4px; border: solid 1px #E0E0E0; border-left: none; height: 9px;">
                  <div style="float: left; width: 56%; background-color: #CA0000; height: 11px; margin-top: -1px;">
                  </div>
                 </div>
                 <div style="float: right;">
                  5
                 </div>
                </td>
               </tr>
               <tr class="odd">
                <td class="summary-vertical fl" style="padding-right: 0px; border-top: 0px;">
                 <div style="float: left;">
                  1
                 </div>
                 <div style="float: right; width: 82%; margin-top: 4px; border: solid 1px #E0E0E0; border-right: none; height: 9px;">
                  <div style="float: right; width: 33%; background-color: #595959; height: 11px; margin-top: -1px;">
                  </div>
                 </div>
                </td>
                <td class="score stats" style="border-top: 0px;">
                 Shots on Goal
                </td>
                <td class="summary-vertical fr" style="padding-left: 0px; border-top: 0px;">
                 <div style="float: left; width: 82%; margin-top: 4px; border: solid 1px #E0E0E0; border-left: none; height: 9px;">
                  <div style="float: left; width: 67%; background-color: #CA0000; height: 11px; margin-top: -1px;">
                  </div>
                 </div>
                 <div style="float: right;">
                  2
                 </div>
                </td>
               </tr>
               <tr class="even">
                <td class="summary-vertical fl" style="padding-right: 0px; border-top: 0px;">
                 <div style="float: left;">
                  2
                 </div>
                 <div style="float: right; width: 82%; margin-top: 4px; border: solid 1px #E0E0E0; border-right: none; height: 9px;">
                  <div style="float: right; width: 50%; background-color: #595959; height: 11px; margin-top: -1px;">
                  </div>
                 </div>
                </td>
                <td class="score stats" style="border-top: 0px;">
                 Shots off Goal
                </td>
                <td class="summary-vertical fr" style="padding-left: 0px; border-top: 0px;">
                 <div style="float: left; width: 82%; margin-top: 4px; border: solid 1px #E0E0E0; border-left: none; height: 9px;">
                  <div style="float: left; width: 50%; background-color: #595959; height: 11px; margin-top: -1px;">
                  </div>
                 </div>
                 <div style="float: right;">
                  2
                 </div>
                </td>
               </tr>
               <tr class="odd">
                <td class="summary-vertical fl" style="padding-right: 0px; border-top: 0px;">
                 <div style="float: left;">
                  1
                 </div>
                 <div style="float: right; width: 82%; margin-top: 4px; border: solid 1px #E0E0E0; border-right: none; height: 9px;">
                  <div style="float: right; width: 50%; background-color: #595959; height: 11px; margin-top: -1px;">
                  </div>
                 </div>
                </td>
                <td class="score stats" style="border-top: 0px;">
                 Blocked Shots
                </td>
                <td class="summary-vertical fr" style="padding-left: 0px; border-top: 0px;">
                 <div style="float: left; width: 82%; margin-top: 4px; border: solid 1px #E0E0E0; border-left: none; height: 9px;">
                  <div style="float: left; width: 50%; background-color: #595959; height: 11px; margin-top: -1px;">
                  </div>
                 </div>
                 <div style="float: right;">
                  1
                 </div>
                </td>
               </tr>
               <tr class="even">
                <td class="summary-vertical fl" style="padding-right: 0px; border-top: 0px;">
                 <div style="float: left;">
                  7
                 </div>
                 <div style="float: right; width: 82%; margin-top: 4px; border: solid 1px #E0E0E0; border-right: none; height: 9px;">
                  <div style="float: right; width: 50%; background-color: #595959; height: 11px; margin-top: -1px;">
                  </div>
                 </div>
                </td>
                <td class="score stats" style="border-top: 0px;">
                 Free Kicks
                </td>
                <td class="summary-vertical fr" style="padding-left: 0px; border-top: 0px;">
                 <div style="float: left; width: 82%; margin-top: 4px; border: solid 1px #E0E0E0; border-left: none; height: 9px;">
                  <div style="float: left; width: 50%; background-color: #595959; height: 11px; margin-top: -1px;">
                  </div>
                 </div>
                 <div style="float: right;">
                  7
                 </div>
                </td>
               </tr>
               <tr class="odd">
                <td class="summary-vertical fl" style="padding-right: 0px; border-top: 0px;">
                 <div style="float: left;">
                  3
                 </div>
                 <div style="float: right; width: 82%; margin-top: 4px; border: solid 1px #E0E0E0; border-right: none; height: 9px;">
                  <div style="float: right; width: 75%; background-color: #CA0000; height: 11px; margin-top: -1px;">
                  </div>
                 </div>
                </td>
                <td class="score stats" style="border-top: 0px;">
                 Corner Kicks
                </td>
                <td class="summary-vertical fr" style="padding-left: 0px; border-top: 0px;">
                 <div style="float: left; width: 82%; margin-top: 4px; border: solid 1px #E0E0E0; border-left: none; height: 9px;">
                  <div style="float: left; width: 25%; background-color: #595959; height: 11px; margin-top: -1px;">
                  </div>
                 </div>
                 <div style="float: right;">
                  1
                 </div>
                </td>
               </tr>
               <tr class="even">
                <td class="summary-vertical fl" style="padding-right: 0px; border-top: 0px;">
                 <div style="float: left;">
                  0
                 </div>
                 <div style="float: right; width: 82%; margin-top: 4px; border: solid 1px #E0E0E0; border-right: none; height: 9px;">
                  <div style="float: right; width: 0%; background-color: #595959; height: 11px; margin-top: -1px;">
                  </div>
                 </div>
                </td>
                <td class="score stats" style="border-top: 0px;">
                 Offsides
                </td>
                <td class="summary-vertical fr" style="padding-left: 0px; border-top: 0px;">
                 <div style="float: left; width: 82%; margin-top: 4px; border: solid 1px #CA0000; border-left: none; height: 9px;">
                  <div style="float: left; width: 100%; background-color: #CA0000; height: 11px; margin-top: -1px;">
                  </div>
                 </div>
                 <div style="float: right;">
                  2
                 </div>
                </td>
               </tr>
               <tr class="odd">
                <td class="summary-vertical fl" style="padding-right: 0px; border-top: 0px;">
                 <div style="float: left;">
                  1
                 </div>
                 <div style="float: right; width: 82%; margin-top: 4px; border: solid 1px #E0E0E0; border-right: none; height: 9px;">
                  <div style="float: right; width: 50%; background-color: #595959; height: 11px; margin-top: -1px;">
                  </div>
                 </div>
                </td>
                <td class="score stats" style="border-top: 0px;">
                 Goalkeeper Saves
                </td>
                <td class="summary-vertical fr" style="padding-left: 0px; border-top: 0px;">
                 <div style="float: left; width: 82%; margin-top: 4px; border: solid 1px #E0E0E0; border-left: none; height: 9px;">
                  <div style="float: left; width: 50%; background-color: #595959; height: 11px; margin-top: -1px;">
                  </div>
                 </div>
                 <div style="float: right;">
                  1
                 </div>
                </td>
               </tr>
               <tr class="even">
                <td class="summary-vertical fl" style="padding-right: 0px; border-top: 0px;">
                 <div style="float: left;">
                  7
                 </div>
                 <div style="float: right; width: 82%; margin-top: 4px; border: solid 1px #E0E0E0; border-right: none; height: 9px;">
                  <div style="float: right; width: 58%; background-color: #CA0000; height: 11px; margin-top: -1px;">
                  </div>
                 </div>
                </td>
                <td class="score stats" style="border-top: 0px;">
                 Fouls
                </td>
                <td class="summary-vertical fr" style="padding-left: 0px; border-top: 0px;">
                 <div style="float: left; width: 82%; margin-top: 4px; border: solid 1px #E0E0E0; border-left: none; height: 9px;">
                  <div style="float: left; width: 42%; background-color: #595959; height: 11px; margin-top: -1px;">
                  </div>
                 </div>
                 <div style="float: right;">
                  5
                 </div>
                </td>
               </tr>
               <tr class="odd">
                <td class="summary-vertical fl" style="padding-right: 0px; border-top: 0px;">
                 <div style="float: left;">
                  0
                 </div>
                 <div style="float: right; width: 82%; margin-top: 4px; border: solid 1px #E0E0E0; border-right: none; height: 9px;">
                  <div style="float: right; width: 0%; background-color: #595959; height: 11px; margin-top: -1px;">
                  </div>
                 </div>
                </td>
                <td class="score stats" style="border-top: 0px;">
                 Yellow Cards
                </td>
                <td class="summary-vertical fr" style="padding-left: 0px; border-top: 0px;">
                 <div style="float: left; width: 82%; margin-top: 4px; border: solid 1px #CA0000; border-left: none; height: 9px;">
                  <div style="float: left; width: 100%; background-color: #CA0000; height: 11px; margin-top: -1px;">
                  </div>
                 </div>
                 <div style="float: right;">
                  1
                 </div>
                </td>
               </tr>
              </tbody>
             </table>
            </div>
            <div id="tab-statistics-2-statistic" style="display: none;">
             <table class="parts">
              <tbody>
               <tr class="odd">
                <td class="summary-vertical fl" style="padding-right: 0px; border-top: 0px;">
                 <div style="float: left;">
                  50%
                 </div>
                 <div style="float: right; width: 82%; margin-top: 4px; border: solid 1px #E0E0E0; border-right: none; height: 9px;">
                  <div style="float: right; width: 50%; background-color: #595959; height: 11px; margin-top: -1px;">
                  </div>
                 </div>
                </td>
                <td class="score stats" style="border-top: 0px;">
                 Ball Possession
                </td>
                <td class="summary-vertical fr" style="padding-left: 0px; border-top: 0px;">
                 <div style="float: left; width: 82%; margin-top: 4px; border: solid 1px #E0E0E0; border-left: none; height: 9px;">
                  <div style="float: left; width: 50%; background-color: #595959; height: 11px; margin-top: -1px;">
                  </div>
                 </div>
                 <div style="float: right;">
                  50%
                 </div>
                </td>
               </tr>
               <tr class="even">
                <td class="summary-vertical fl" style="padding-right: 0px; border-top: 0px;">
                 <div style="float: left;">
                  6
                 </div>
                 <div style="float: right; width: 82%; margin-top: 4px; border: solid 1px #E0E0E0; border-right: none; height: 9px;">
                  <div style="float: right; width: 30%; background-color: #595959; height: 11px; margin-top: -1px;">
                  </div>
                 </div>
                </td>
                <td class="score stats" style="border-top: 0px;">
                 Goal Attempts
                </td>
                <td class="summary-vertical fr" style="padding-left: 0px; border-top: 0px;">
                 <div style="float: left; width: 82%; margin-top: 4px; border: solid 1px #E0E0E0; border-left: none; height: 9px;">
                  <div style="float: left; width: 70%; background-color: #CA0000; height: 11px; margin-top: -1px;">
                  </div>
                 </div>
                 <div style="float: right;">
                  14
                 </div>
                </td>
               </tr>
               <tr class="odd">
                <td class="summary-vertical fl" style="padding-right: 0px; border-top: 0px;">
                 <div style="float: left;">
                  2
                 </div>
                 <div style="float: right; width: 82%; margin-top: 4px; border: solid 1px #E0E0E0; border-right: none; height: 9px;">
                  <div style="float: right; width: 20%; background-color: #595959; height: 11px; margin-top: -1px;">
                  </div>
                 </div>
                </td>
                <td class="score stats" style="border-top: 0px;">
                 Shots on Goal
                </td>
                <td class="summary-vertical fr" style="padding-left: 0px; border-top: 0px;">
                 <div style="float: left; width: 82%; margin-top: 4px; border: solid 1px #E0E0E0; border-left: none; height: 9px;">
                  <div style="float: left; width: 80%; background-color: #CA0000; height: 11px; margin-top: -1px;">
                  </div>
                 </div>
                 <div style="float: right;">
                  8
                 </div>
                </td>
               </tr>
               <tr class="even">
                <td class="summary-vertical fl" style="padding-right: 0px; border-top: 0px;">
                 <div style="float: left;">
                  3
                 </div>
                 <div style="float: right; width: 82%; margin-top: 4px; border: solid 1px #E0E0E0; border-right: none; height: 9px;">
                  <div style="float: right; width: 42%; background-color: #595959; height: 11px; margin-top: -1px;">
                  </div>
                 </div>
                </td>
                <td class="score stats" style="border-top: 0px;">
                 Shots off Goal
                </td>
                <td class="summary-vertical fr" style="padding-left: 0px; border-top: 0px;">
                 <div style="float: left; width: 82%; margin-top: 4px; border: solid 1px #E0E0E0; border-left: none; height: 9px;">
                  <div style="float: left; width: 58%; background-color: #CA0000; height: 11px; margin-top: -1px;">
                  </div>
                 </div>
                 <div style="float: right;">
                  4
                 </div>
                </td>
               </tr>
               <tr class="odd">
                <td class="summary-vertical fl" style="padding-right: 0px; border-top: 0px;">
                 <div style="float: left;">
                  1
                 </div>
                 <div style="float: right; width: 82%; margin-top: 4px; border: solid 1px #E0E0E0; border-right: none; height: 9px;">
                  <div style="float: right; width: 33%; background-color: #595959; height: 11px; margin-top: -1px;">
                  </div>
                 </div>
                </td>
                <td class="score stats" style="border-top: 0px;">
                 Blocked Shots
                </td>
                <td class="summary-vertical fr" style="padding-left: 0px; border-top: 0px;">
                 <div style="float: left; width: 82%; margin-top: 4px; border: solid 1px #E0E0E0; border-left: none; height: 9px;">
                  <div style="float: left; width: 67%; background-color: #CA0000; height: 11px; margin-top: -1px;">
                  </div>
                 </div>
                 <div style="float: right;">
                  2
                 </div>
                </td>
               </tr>
               <tr class="even">
                <td class="summary-vertical fl" style="padding-right: 0px; border-top: 0px;">
                 <div style="float: left;">
                  6
                 </div>
                 <div style="float: right; width: 82%; margin-top: 4px; border: solid 1px #E0E0E0; border-right: none; height: 9px;">
                  <div style="float: right; width: 66%; background-color: #CA0000; height: 11px; margin-top: -1px;">
                  </div>
                 </div>
                </td>
                <td class="score stats" style="border-top: 0px;">
                 Free Kicks
                </td>
                <td class="summary-vertical fr" style="padding-left: 0px; border-top: 0px;">
                 <div style="float: left; width: 82%; margin-top: 4px; border: solid 1px #E0E0E0; border-left: none; height: 9px;">
                  <div style="float: left; width: 34%; background-color: #595959; height: 11px; margin-top: -1px;">
                  </div>
                 </div>
                 <div style="float: right;">
                  3
                 </div>
                </td>
               </tr>
               <tr class="odd">
                <td class="summary-vertical fl" style="padding-right: 0px; border-top: 0px;">
                 <div style="float: left;">
                  0
                 </div>
                 <div style="float: right; width: 82%; margin-top: 4px; border: solid 1px #E0E0E0; border-right: none; height: 9px;">
                  <div style="float: right; width: 0%; background-color: #595959; height: 11px; margin-top: -1px;">
                  </div>
                 </div>
                </td>
                <td class="score stats" style="border-top: 0px;">
                 Corner Kicks
                </td>
                <td class="summary-vertical fr" style="padding-left: 0px; border-top: 0px;">
                 <div style="float: left; width: 82%; margin-top: 4px; border: solid 1px #CA0000; border-left: none; height: 9px;">
                  <div style="float: left; width: 100%; background-color: #CA0000; height: 11px; margin-top: -1px;">
                  </div>
                 </div>
                 <div style="float: right;">
                  1
                 </div>
                </td>
               </tr>
               <tr class="even">
                <td class="summary-vertical fl" style="padding-right: 0px; border-top: 0px;">
                 <div style="float: left;">
                  0
                 </div>
                 <div style="float: right; width: 82%; margin-top: 4px; border: solid 1px #E0E0E0; border-right: none; height: 9px;">
                  <div style="float: right; width: 50%; background-color: #E0E0E0; height: 11px; margin-top: -1px;">
                  </div>
                 </div>
                </td>
                <td class="score stats" style="border-top: 0px;">
                 Offsides
                </td>
                <td class="summary-vertical fr" style="padding-left: 0px; border-top: 0px;">
                 <div style="float: left; width: 82%; margin-top: 4px; border: solid 1px #E0E0E0; border-left: none; height: 9px;">
                  <div style="float: left; width: 50%; background-color: #E0E0E0; height: 11px; margin-top: -1px;">
                  </div>
                 </div>
                 <div style="float: right;">
                  0
                 </div>
                </td>
               </tr>
               <tr class="odd">
                <td class="summary-vertical fl" style="padding-right: 0px; border-top: 0px;">
                 <div style="float: left;">
                  4
                 </div>
                 <div style="float: right; width: 82%; margin-top: 4px; border: solid 1px #E0E0E0; border-right: none; height: 9px;">
                  <div style="float: right; width: 80%; background-color: #CA0000; height: 11px; margin-top: -1px;">
                  </div>
                 </div>
                </td>
                <td class="score stats" style="border-top: 0px;">
                 Goalkeeper Saves
                </td>
                <td class="summary-vertical fr" style="padding-left: 0px; border-top: 0px;">
                 <div style="float: left; width: 82%; margin-top: 4px; border: solid 1px #E0E0E0; border-left: none; height: 9px;">
                  <div style="float: left; width: 20%; background-color: #595959; height: 11px; margin-top: -1px;">
                  </div>
                 </div>
                 <div style="float: right;">
                  1
                 </div>
                </td>
               </tr>
               <tr class="even">
                <td class="summary-vertical fl" style="padding-right: 0px; border-top: 0px;">
                 <div style="float: left;">
                  3
                 </div>
                 <div style="float: right; width: 82%; margin-top: 4px; border: solid 1px #E0E0E0; border-right: none; height: 9px;">
                  <div style="float: right; width: 33%; background-color: #595959; height: 11px; margin-top: -1px;">
                  </div>
                 </div>
                </td>
                <td class="score stats" style="border-top: 0px;">
                 Fouls
                </td>
                <td class="summary-vertical fr" style="padding-left: 0px; border-top: 0px;">
                 <div style="float: left; width: 82%; margin-top: 4px; border: solid 1px #E0E0E0; border-left: none; height: 9px;">
                  <div style="float: left; width: 67%; background-color: #CA0000; height: 11px; margin-top: -1px;">
                  </div>
                 </div>
                 <div style="float: right;">
                  6
                 </div>
                </td>
               </tr>
               <tr class="odd">
                <td class="summary-vertical fl" style="padding-right: 0px; border-top: 0px;">
                 <div style="float: left;">
                  3
                 </div>
                 <div style="float: right; width: 82%; margin-top: 4px; border: solid 1px #E0E0E0; border-right: none; height: 9px;">
                  <div style="float: right; width: 60%; background-color: #CA0000; height: 11px; margin-top: -1px;">
                  </div>
                 </div>
                </td>
                <td class="score stats" style="border-top: 0px;">
                 Yellow Cards
                </td>
                <td class="summary-vertical fr" style="padding-left: 0px; border-top: 0px;">
                 <div style="float: left; width: 82%; margin-top: 4px; border: solid 1px #E0E0E0; border-left: none; height: 9px;">
                  <div style="float: left; width: 40%; background-color: #595959; height: 11px; margin-top: -1px;">
                  </div>
                 </div>
                 <div style="float: right;">
                  2
                 </div>
                </td>
               </tr>
              </tbody>
             </table>
            </div>
            <div class="spacer-block">
            </div>
            <div id="secret_hash">
            </div>
           </div>
          </div>
          <div id="tab-match-lineups" style="display: block;">
           <div class="detail-submenu-bookmark">
            <ul class="ifmenu">
             <li class="selected">
              <span>
               <strong>
                Lineups
               </strong>
              </span>
             </li>
            </ul>
            <div class="color-spacer">
            </div>
           </div>
           <div class="preload no-height" id="lineups-preload" style="display: none;">
            <span>
             Loading ...
            </span>
           </div>
           <div id="lineups-content">
            <div class="px-spacer">
            </div>
            <table id="parts">
             <tbody>
              <tr>
               <td class="h-part" style="width: 35%;">
                <b>
                 3 - 4 - 2 - 1
                </b>
               </td>
               <td class="h-part" style="width: 30%; white-space: nowrap;">
                Formation
               </td>
               <td class="h-part">
                <b>
                 4 - 2 - 3 - 1
                </b>
               </td>
              </tr>
             </tbody>
            </table>
            <div class="soccer-formation">
             <div class="field">
              <div class="player" style="left: -28px; top: 142px; width: 120px; height: 36px; background-image: url(/res/image/lineups/dress-yellow.gif);">
              </div>
              <div class="player" style="left: 18px; top: 222px; width: 120px; height: 36px; background-image: url(/res/image/lineups/dress-white.gif);">
              </div>
              <div class="player" style="left: 18px; top: 142px; width: 120px; height: 36px; background-image: url(/res/image/lineups/dress-white.gif);">
              </div>
              <div class="player" style="left: 18px; top: 62px; width: 120px; height: 36px; background-image: url(/res/image/lineups/dress-white.gif);">
              </div>
              <div class="player" style="left: 69px; top: 264px; width: 120px; height: 36px; background-image: url(/res/image/lineups/dress-white.gif);">
              </div>
              <div class="player" style="left: 69px; top: 184px; width: 120px; height: 36px; background-image: url(/res/image/lineups/dress-white.gif);">
              </div>
              <div class="player" style="left: 69px; top: 101px; width: 120px; height: 36px; background-image: url(/res/image/lineups/dress-white.gif);">
              </div>
              <div class="player" style="left: 69px; top: 21px; width: 120px; height: 36px; background-image: url(/res/image/lineups/dress-white.gif);">
              </div>
              <div class="player" style="left: 120px; top: 203px; width: 120px; height: 36px; background-image: url(/res/image/lineups/dress-white.gif);">
              </div>
              <div class="player" style="left: 120px; top: 82px; width: 120px; height: 36px; background-image: url(/res/image/lineups/dress-white.gif);">
              </div>
              <div class="player" style="left: 174px; top: 142px; width: 120px; height: 36px; background-image: url(/res/image/lineups/dress-white.gif);">
              </div>
              <div class="player" style="left: 448px; top: 142px; width: 120px; height: 36px; background-image: url(/res/image/lineups/dress-yellow.gif);">
              </div>
              <div class="player" style="left: 402px; top: 20px; width: 120px; height: 36px; background-image: url(/res/image/lineups/dress-blue.gif);">
              </div>
              <div class="player" style="left: 402px; top: 100px; width: 120px; height: 36px; background-image: url(/res/image/lineups/dress-blue.gif);">
              </div>
              <div class="player" style="left: 402px; top: 183px; width: 120px; height: 36px; background-image: url(/res/image/lineups/dress-blue.gif);">
              </div>
              <div class="player" style="left: 402px; top: 263px; width: 120px; height: 36px; background-image: url(/res/image/lineups/dress-blue.gif);">
              </div>
              <div class="player" style="left: 351px; top: 81px; width: 120px; height: 36px; background-image: url(/res/image/lineups/dress-blue.gif);">
              </div>
              <div class="player" style="left: 351px; top: 202px; width: 120px; height: 36px; background-image: url(/res/image/lineups/dress-blue.gif);">
              </div>
              <div class="player" style="left: 300px; top: 62px; width: 120px; height: 36px; background-image: url(/res/image/lineups/dress-blue.gif);">
              </div>
              <div class="player" style="left: 300px; top: 142px; width: 120px; height: 36px; background-image: url(/res/image/lineups/dress-blue.gif);">
              </div>
              <div class="player" style="left: 300px; top: 222px; width: 120px; height: 36px; background-image: url(/res/image/lineups/dress-blue.gif);">
              </div>
              <div class="player" style="left: 246px; top: 142px; width: 120px; height: 36px; background-image: url(/res/image/lineups/dress-blue.gif);">
              </div>
              <div>
               <div class="player" id="h1" style="left: -28px; top: 142px; width: 120px; height: 36px; background-image: url(/res/image/lineups/dress-yellow.gif);">
                <div style="position: absolute; top: -10px; left: 40px; z-index: 1">
                 <div style="_height: 100%">
                 </div>
                </div>
                <div style="position: absolute; top: 7px; text-align: center; width: 100%; font-family: tahoma, verdana, arial; font-size: 11px; font-weight: bold; padding-left: 1px; color: #353535;">
                 1
                </div>
                <div style="position: absolute; top: 31px; text-align: center; width: 100%;">
                 <div style="font-family: tahoma, verdana, arial; font-size: 11px; font-weight: normal; color: #ffffff; _margin-left: 6px;">
                  <span class="participant-link" id="player_name_h1" style="background-color: #353535; padding: 1px 3px; white-space: nowrap; color: white;  ">
                   <a href="/en/player/randolph-darren/8QL8VjKD/">
                    Randolph
                   </a>
                  </span>
                 </div>
                </div>
               </div>
               <div class="player" id="h2" style="left: 18px; top: 222px; width: 120px; height: 36px; background-image: url(/res/image/lineups/dress-white.gif);">
                <div style="position: absolute; top: -10px; left: 40px; z-index: 1">
                 <div style="_height: 100%">
                  <div class="icon-formation" onmouseout="tt.hide(this)" onmouseover="tt.show(this, event)" title="7' Collins J. (Arbeloa A.)">
                   <span class="icon substitution-out">
                   </span>
                  </div>
                 </div>
                </div>
                <div style="position: absolute; top: 7px; text-align: center; width: 100%; font-family: tahoma, verdana, arial; font-size: 11px; font-weight: bold; padding-left: 1px; color: #353535;">
                 19
                </div>
                <div style="position: absolute; top: 31px; text-align: center; width: 100%;">
                 <div style="font-family: tahoma, verdana, arial; font-size: 11px; font-weight: normal; color: #ffffff; _margin-left: 6px;">
                  <span class="participant-link" id="player_name_h2" style="background-color: #353535; padding: 1px 3px; white-space: nowrap; color: white;  ">
                   <a href="/en/player/collins-james/8vByEDhp/">
                    Collins
                   </a>
                  </span>
                 </div>
                </div>
               </div>
               <div class="player" id="h3" style="left: 18px; top: 142px; width: 120px; height: 36px; background-image: url(/res/image/lineups/dress-white.gif);">
                <div style="position: absolute; top: -10px; left: 40px; z-index: 1">
                 <div style="_height: 100%">
                  <div class="icon-formation" onmouseout="tt.hide(this)" onmouseover="tt.show(this, event)" title="65' Reid W.">
                   <span class="icon y-card">
                   </span>
                  </div>
                 </div>
                </div>
                <div style="position: absolute; top: 7px; text-align: center; width: 100%; font-family: tahoma, verdana, arial; font-size: 11px; font-weight: bold; padding-left: 1px; color: #353535;">
                 2
                </div>
                <div style="position: absolute; top: 31px; text-align: center; width: 100%;">
                 <div style="font-family: tahoma, verdana, arial; font-size: 11px; font-weight: normal; color: #ffffff; _margin-left: 6px;">
                  <span class="participant-link" id="player_name_h3" style="background-color: #353535; padding: 1px 3px; white-space: nowrap; color: white;  ">
                   <a href="/en/player/reid-winston/fFavcxiR/">
                    Reid
                   </a>
                  </span>
                 </div>
                </div>
               </div>
               <div class="player" id="h4" style="left: 18px; top: 62px; width: 120px; height: 36px; background-image: url(/res/image/lineups/dress-white.gif);">
                <div style="position: absolute; top: -10px; left: 40px; z-index: 1">
                 <div style="_height: 100%">
                 </div>
                </div>
                <div style="position: absolute; top: 7px; text-align: center; width: 100%; font-family: tahoma, verdana, arial; font-size: 11px; font-weight: bold; padding-left: 1px; color: #353535;">
                 21
                </div>
                <div style="position: absolute; top: 31px; text-align: center; width: 100%;">
                 <div style="font-family: tahoma, verdana, arial; font-size: 11px; font-weight: normal; color: #ffffff; _margin-left: 6px;">
                  <span class="participant-link" id="player_name_h4" style="background-color: #353535; padding: 1px 3px; white-space: nowrap; color: white;  ">
                   <a href="/en/player/ogbonna-angelo/xtEnn3rQ/">
                    Ogbonna
                   </a>
                  </span>
                 </div>
                </div>
               </div>
               <div class="player" id="h5" style="left: 69px; top: 264px; width: 120px; height: 36px; background-image: url(/res/image/lineups/dress-white.gif);">
                <div style="position: absolute; top: -10px; left: 40px; z-index: 1">
                 <div style="_height: 100%">
                  <div class="icon-formation" onmouseout="tt.hide(this)" onmouseover="tt.show(this, event)" title="63' Fernandes E. (Ayew A.)">
                   <span class="icon substitution-out">
                   </span>
                  </div>
                 </div>
                </div>
                <div style="position: absolute; top: 7px; text-align: center; width: 100%; font-family: tahoma, verdana, arial; font-size: 11px; font-weight: bold; padding-left: 1px; color: #353535;">
                 31
                </div>
                <div style="position: absolute; top: 31px; text-align: center; width: 100%;">
                 <div style="font-family: tahoma, verdana, arial; font-size: 11px; font-weight: normal; color: #ffffff; _margin-left: 6px;">
                  <span class="participant-link" id="player_name_h5" style="background-color: #353535; padding: 1px 3px; white-space: nowrap; color: white;  ">
                   <a href="/en/player/fernandes-edimilson/QRGkc05e/">
                    Fernandes
                   </a>
                  </span>
                 </div>
                </div>
               </div>
               <div class="player" id="h6" style="left: 69px; top: 184px; width: 120px; height: 36px; background-image: url(/res/image/lineups/dress-white.gif);">
                <div style="position: absolute; top: -10px; left: 40px; z-index: 1">
                 <div style="_height: 100%">
                  <div class="icon-formation" onmouseout="tt.hide(this)" onmouseover="tt.show(this, event)" title="73' Noble M. (Carroll A.)">
                   <span class="icon substitution-out">
                   </span>
                  </div>
                 </div>
                </div>
                <div style="position: absolute; top: 7px; text-align: center; width: 100%; font-family: tahoma, verdana, arial; font-size: 11px; font-weight: bold; padding-left: 1px; color: #353535;">
                 16
                </div>
                <div style="position: absolute; top: 31px; text-align: center; width: 100%;">
                 <div style="font-family: tahoma, verdana, arial; font-size: 11px; font-weight: normal; color: #ffffff; _margin-left: 6px;">
                  <span class="participant-link" id="player_name_h6" style="background-color: #353535; padding: 1px 3px; white-space: nowrap; color: white;  ">
                   <a href="/en/player/noble-mark/GxzuJFFG/">
                    Noble
                   </a>
                  </span>
                 </div>
                </div>
               </div>
               <div class="player" id="h7" style="left: 69px; top: 101px; width: 120px; height: 36px; background-image: url(/res/image/lineups/dress-white.gif);">
                <div style="position: absolute; top: -10px; left: 40px; z-index: 1">
                 <div style="_height: 100%">
                 </div>
                </div>
                <div style="position: absolute; top: 7px; text-align: center; width: 100%; font-family: tahoma, verdana, arial; font-size: 11px; font-weight: bold; padding-left: 1px; color: #353535;">
                 14
                </div>
                <div style="position: absolute; top: 31px; text-align: center; width: 100%;">
                 <div style="font-family: tahoma, verdana, arial; font-size: 11px; font-weight: normal; color: #ffffff; _margin-left: 6px;">
                  <span class="participant-link" id="player_name_h7" style="background-color: #353535; padding: 1px 3px; white-space: nowrap; color: white;  ">
                   <a href="/en/player/obiang-pedro/nodnKnAs/">
                    Obiang
                   </a>
                  </span>
                 </div>
                </div>
               </div>
               <div class="player" id="h8" style="left: 69px; top: 21px; width: 120px; height: 36px; background-image: url(/res/image/lineups/dress-white.gif);">
                <div style="position: absolute; top: -10px; left: 40px; z-index: 1">
                 <div style="_height: 100%">
                 </div>
                </div>
                <div style="position: absolute; top: 7px; text-align: center; width: 100%; font-family: tahoma, verdana, arial; font-size: 11px; font-weight: bold; padding-left: 1px; color: #353535;">
                 26
                </div>
                <div style="position: absolute; top: 31px; text-align: center; width: 100%;">
                 <div style="font-family: tahoma, verdana, arial; font-size: 11px; font-weight: normal; color: #ffffff; _margin-left: 6px;">
                  <span class="participant-link" id="player_name_h8" style="background-color: #353535; padding: 1px 3px; white-space: nowrap; color: white;  ">
                   <a href="/en/player/masuaku-arthur/4YoV0hmC/">
                    Masuaku
                   </a>
                  </span>
                 </div>
                </div>
               </div>
               <div class="player" id="h9" style="left: 120px; top: 203px; width: 120px; height: 36px; background-image: url(/res/image/lineups/dress-white.gif);">
                <div style="position: absolute; top: -10px; left: 40px; z-index: 1">
                 <div style="_height: 100%">
                 </div>
                </div>
                <div style="position: absolute; top: 7px; text-align: center; width: 100%; font-family: tahoma, verdana, arial; font-size: 11px; font-weight: bold; padding-left: 1px; color: #353535;">
                 10
                </div>
                <div style="position: absolute; top: 31px; text-align: center; width: 100%;">
                 <div style="font-family: tahoma, verdana, arial; font-size: 11px; font-weight: normal; color: #ffffff; _margin-left: 6px;">
                  <span class="participant-link" id="player_name_h9" style="background-color: #353535; padding: 1px 3px; white-space: nowrap; color: white;  ">
                   <a href="/en/player/lanzini-manuel/QT3lIj4N/">
                    Lanzini
                   </a>
                  </span>
                 </div>
                </div>
               </div>
               <div class="player" id="h10" style="left: 120px; top: 82px; width: 120px; height: 36px; background-image: url(/res/image/lineups/dress-white.gif);">
                <div style="position: absolute; top: -10px; left: 40px; z-index: 1">
                 <div style="_height: 100%">
                 </div>
                </div>
                <div style="position: absolute; top: 7px; text-align: center; width: 100%; font-family: tahoma, verdana, arial; font-size: 11px; font-weight: bold; padding-left: 1px; color: #353535;">
                 27
                </div>
                <div style="position: absolute; top: 31px; text-align: center; width: 100%;">
                 <div style="font-family: tahoma, verdana, arial; font-size: 11px; font-weight: normal; color: #ffffff; _margin-left: 6px;">
                  <span class="participant-link" id="player_name_h10" style="background-color: #353535; padding: 1px 3px; white-space: nowrap; color: white;  ">
                   <a href="/en/player/payet-dimitri/8QcadiBC/">
                    Payet
                   </a>
                  </span>
                 </div>
                </div>
               </div>
               <div class="player" id="h11" style="left: 174px; top: 142px; width: 120px; height: 36px; background-image: url(/res/image/lineups/dress-white.gif);">
                <div style="position: absolute; top: -10px; left: 40px; z-index: 1">
                 <div style="_height: 100%">
                  <div class="icon-formation" onmouseout="tt.hide(this)" onmouseover="tt.show(this, event)" title="59' Fletcher A.">
                   <span class="icon y-card">
                   </span>
                  </div>
                 </div>
                </div>
                <div style="position: absolute; top: 7px; text-align: center; width: 100%; font-family: tahoma, verdana, arial; font-size: 11px; font-weight: bold; padding-left: 1px; color: #353535;">
                 24
                </div>
                <div style="position: absolute; top: 31px; text-align: center; width: 100%;">
                 <div style="font-family: tahoma, verdana, arial; font-size: 11px; font-weight: normal; color: #ffffff; _margin-left: 6px;">
                  <span class="participant-link" id="player_name_h11" style="background-color: #353535; padding: 1px 3px; white-space: nowrap; color: white;  ">
                   <a href="/en/player/fletcher-ashley/lMsmdCg8/">
                    Fletcher
                   </a>
                  </span>
                 </div>
                </div>
               </div>
               <div class="player" id="a1" style="left: 448px; top: 142px; width: 120px; height: 36px; background-image: url(/res/image/lineups/dress-yellow.gif);">
                <div style="position: absolute; top: -10px; left: 40px; z-index: 1">
                 <div style="_height: 100%">
                 </div>
                </div>
                <div style="position: absolute; top: 7px; text-align: center; width: 100%; font-family: tahoma, verdana, arial; font-size: 11px; font-weight: bold; padding-left: 1px; color: #353535;">
                 33
                </div>
                <div style="position: absolute; top: 31px; text-align: center; width: 100%;">
                 <div style="font-family: tahoma, verdana, arial; font-size: 11px; font-weight: normal; color: #ffffff; _margin-left: 6px;">
                  <span class="participant-link" id="player_name_a1" style="background-color: #353535; padding: 1px 3px; white-space: nowrap; color: white;  ">
                   <a href="/en/player/cech-petr/fTjQ34vo/">
                    Cech
                   </a>
                  </span>
                 </div>
                </div>
               </div>
               <div class="player" id="a2" style="left: 402px; top: 20px; width: 120px; height: 36px; background-image: url(/res/image/lineups/dress-blue.gif);">
                <div style="position: absolute; top: -10px; left: 40px; z-index: 1">
                 <div style="_height: 100%">
                 </div>
                </div>
                <div style="position: absolute; top: 7px; text-align: center; width: 100%; font-family: tahoma, verdana, arial; font-size: 11px; font-weight: bold; padding-left: 1px; color: #353535;">
                 5
                </div>
                <div style="position: absolute; top: 31px; text-align: center; width: 100%;">
                 <div style="font-family: tahoma, verdana, arial; font-size: 11px; font-weight: normal; color: #ffffff; _margin-left: 6px;">
                  <span class="participant-link" id="player_name_a2" style="background-color: #353535; padding: 1px 3px; white-space: nowrap; color: white;  ">
                   <a href="/en/player/paulista-gabriel/tCldvc6L/">
                    Gabriel
                   </a>
                  </span>
                 </div>
                </div>
               </div>
               <div class="player" id="a3" style="left: 402px; top: 100px; width: 120px; height: 36px; background-image: url(/res/image/lineups/dress-blue.gif);">
                <div style="position: absolute; top: -10px; left: 40px; z-index: 1">
                 <div style="_height: 100%">
                  <div class="icon-formation" onmouseout="tt.hide(this)" onmouseover="tt.show(this, event)" title="82' Mustafi S.">
                   <span class="icon y-card">
                   </span>
                  </div>
                 </div>
                </div>
                <div style="position: absolute; top: 7px; text-align: center; width: 100%; font-family: tahoma, verdana, arial; font-size: 11px; font-weight: bold; padding-left: 1px; color: #353535;">
                 20
                </div>
                <div style="position: absolute; top: 31px; text-align: center; width: 100%;">
                 <div style="font-family: tahoma, verdana, arial; font-size: 11px; font-weight: normal; color: #ffffff; _margin-left: 6px;">
                  <span class="participant-link" id="player_name_a3" style="background-color: #353535; padding: 1px 3px; white-space: nowrap; color: white;  ">
                   <a href="/en/player/mustafi-shkodran/ATnr2OzD/">
                    Mustafi
                   </a>
                  </span>
                 </div>
                </div>
               </div>
               <div class="player" id="a4" style="left: 402px; top: 183px; width: 120px; height: 36px; background-image: url(/res/image/lineups/dress-blue.gif);">
                <div style="position: absolute; top: -10px; left: 40px; z-index: 1">
                 <div style="_height: 100%">
                  <div class="icon-formation" onmouseout="tt.hide(this)" onmouseover="tt.show(this, event)" title="67' Koscielny L.">
                   <span class="icon y-card">
                   </span>
                  </div>
                 </div>
                </div>
                <div style="position: absolute; top: 7px; text-align: center; width: 100%; font-family: tahoma, verdana, arial; font-size: 11px; font-weight: bold; padding-left: 1px; color: #353535;">
                 6
                </div>
                <div style="position: absolute; top: 31px; text-align: center; width: 100%;">
                 <div style="font-family: tahoma, verdana, arial; font-size: 11px; font-weight: normal; color: #ffffff; _margin-left: 6px;">
                  <span class="participant-link" id="player_name_a4" style="background-color: #353535; padding: 1px 3px; white-space: nowrap; color: white;  ">
                   <a href="/en/player/koscielny-laurent/0MoFTxk9/">
                    Koscielny
                   </a>
                  </span>
                 </div>
                </div>
               </div>
               <div class="player" id="a5" style="left: 402px; top: 263px; width: 120px; height: 36px; background-image: url(/res/image/lineups/dress-blue.gif);">
                <div style="position: absolute; top: -10px; left: 40px; z-index: 1">
                 <div style="_height: 100%">
                 </div>
                </div>
                <div style="position: absolute; top: 7px; text-align: center; width: 100%; font-family: tahoma, verdana, arial; font-size: 11px; font-weight: bold; padding-left: 1px; color: #353535;">
                 18
                </div>
                <div style="position: absolute; top: 31px; text-align: center; width: 100%;">
                 <div style="font-family: tahoma, verdana, arial; font-size: 11px; font-weight: normal; color: #ffffff; _margin-left: 6px;">
                  <span class="participant-link" id="player_name_a5" style="background-color: #353535; padding: 1px 3px; white-space: nowrap; color: white;  ">
                   <a href="/en/player/monreal-nacho/CdXPbmcp/">
                    Monreal
                   </a>
                  </span>
                 </div>
                </div>
               </div>
               <div class="player" id="a6" style="left: 351px; top: 81px; width: 120px; height: 36px; background-image: url(/res/image/lineups/dress-blue.gif);">
                <div style="position: absolute; top: -10px; left: 40px; z-index: 1">
                 <div style="_height: 100%">
                  <div class="icon-formation" onmouseout="tt.hide(this)" onmouseover="tt.show(this, event)" title="30' Coquelin F.">
                   <span class="icon y-card">
                   </span>
                  </div>
                  <div class="icon-formation" onmouseout="tt.hide(this)" onmouseover="tt.show(this, event)" title="87' Coquelin F. (Elneny M.)">
                   <span class="icon substitution-out">
                   </span>
                  </div>
                 </div>
                </div>
                <div style="position: absolute; top: 7px; text-align: center; width: 100%; font-family: tahoma, verdana, arial; font-size: 11px; font-weight: bold; padding-left: 1px; color: #353535;">
                 34
                </div>
                <div style="position: absolute; top: 31px; text-align: center; width: 100%;">
                 <div style="font-family: tahoma, verdana, arial; font-size: 11px; font-weight: normal; color: #ffffff; _margin-left: 6px;">
                  <span class="participant-link" id="player_name_a6" style="background-color: #353535; padding: 1px 3px; white-space: nowrap; color: white;  ">
                   <a href="/en/player/coquelin-francis/2qXd9yom/">
                    Coquelin
                   </a>
                  </span>
                 </div>
                </div>
               </div>
               <div class="player" id="a7" style="left: 351px; top: 202px; width: 120px; height: 36px; background-image: url(/res/image/lineups/dress-blue.gif);">
                <div style="position: absolute; top: -10px; left: 40px; z-index: 1">
                 <div style="_height: 100%">
                 </div>
                </div>
                <div style="position: absolute; top: 7px; text-align: center; width: 100%; font-family: tahoma, verdana, arial; font-size: 11px; font-weight: bold; padding-left: 1px; color: #353535;">
                 29
                </div>
                <div style="position: absolute; top: 31px; text-align: center; width: 100%;">
                 <div style="font-family: tahoma, verdana, arial; font-size: 11px; font-weight: normal; color: #ffffff; _margin-left: 6px;">
                  <span class="participant-link" id="player_name_a7" style="background-color: #353535; padding: 1px 3px; white-space: nowrap; color: white;  ">
                   <a href="/en/player/xhaka-granit/QBHCDKff/">
                    Xhaka
                   </a>
                  </span>
                 </div>
                </div>
               </div>
               <div class="player" id="a8" style="left: 300px; top: 62px; width: 120px; height: 36px; background-image: url(/res/image/lineups/dress-blue.gif);">
                <div style="position: absolute; top: -10px; left: 40px; z-index: 1">
                 <div style="_height: 100%">
                  <div class="icon-formation" onmouseout="tt.hide(this)" onmouseover="tt.show(this, event)" title="66' Walcott T. (Ramsey A.)">
                   <span class="icon substitution-out">
                   </span>
                  </div>
                 </div>
                </div>
                <div style="position: absolute; top: 7px; text-align: center; width: 100%; font-family: tahoma, verdana, arial; font-size: 11px; font-weight: bold; padding-left: 1px; color: #353535;">
                 14
                </div>
                <div style="position: absolute; top: 31px; text-align: center; width: 100%;">
                 <div style="font-family: tahoma, verdana, arial; font-size: 11px; font-weight: normal; color: #ffffff; _margin-left: 6px;">
                  <span class="participant-link" id="player_name_a8" style="background-color: #353535; padding: 1px 3px; white-space: nowrap; color: white;  ">
                   <a href="/en/player/walcott-theo/2cpouZhq/">
                    Walcott
                   </a>
                  </span>
                 </div>
                </div>
               </div>
               <div class="player" id="a9" style="left: 300px; top: 142px; width: 120px; height: 36px; background-image: url(/res/image/lineups/dress-blue.gif);">
                <div style="position: absolute; top: -10px; left: 40px; z-index: 1">
                 <div style="_height: 100%">
                  <div class="icon-formation" onmouseout="tt.hide(this)" onmouseover="tt.show(this, event)" title="24' Ozil M. (Sanchez A.)">
                   <span class="icon soccer-ball">
                   </span>
                  </div>
                  <div class="icon-formation" onmouseout="tt.hide(this)" onmouseover="tt.show(this, event)" title="88' Ozil M. (Iwobi A.)">
                   <span class="icon substitution-out">
                   </span>
                  </div>
                 </div>
                </div>
                <div style="position: absolute; top: 7px; text-align: center; width: 100%; font-family: tahoma, verdana, arial; font-size: 11px; font-weight: bold; padding-left: 1px; color: #353535;">
                 11
                </div>
                <div style="position: absolute; top: 31px; text-align: center; width: 100%;">
                 <div style="font-family: tahoma, verdana, arial; font-size: 11px; font-weight: normal; color: #ffffff; _margin-left: 6px;">
                  <span class="participant-link" id="player_name_a9" style="background-color: #353535; padding: 1px 3px; white-space: nowrap; color: white;  ">
                   <a href="/en/player/ozil-mesut/U30xq9EJ/">
                    Ozil
                   </a>
                  </span>
                 </div>
                </div>
               </div>
               <div class="player" id="a10" style="left: 300px; top: 222px; width: 120px; height: 36px; background-image: url(/res/image/lineups/dress-blue.gif);">
                <div style="position: absolute; top: -10px; left: 40px; z-index: 1">
                 <div style="_height: 100%">
                  <div class="icon-formation" onmouseout="tt.hide(this)" onmouseover="tt.show(this, event)" title="84' Oxlade-Chamberlain A. (Ozil M.)">
                   <span class="icon soccer-ball">
                   </span>
                  </div>
                 </div>
                </div>
                <div style="position: absolute; top: 7px; text-align: center; width: 100%; font-family: tahoma, verdana, arial; font-size: 11px; font-weight: bold; padding-left: 1px; color: #353535;">
                 15
                </div>
                <div style="position: absolute; top: 31px; text-align: center; width: 100%;">
                 <div style="font-family: tahoma, verdana, arial; font-size: 11px; font-weight: normal; color: #ffffff; _margin-left: 6px;">
                  <span class="participant-link" id="player_name_a10" style="background-color: #353535; padding: 1px 3px; white-space: nowrap; color: white;  ">
                   <a href="/en/player/oxlade-chamberlain-alex/WzNLf7VR/">
                    Oxlade-Chamberlain
                   </a>
                  </span>
                 </div>
                </div>
               </div>
               <div class="player" id="a11" style="left: 246px; top: 142px; width: 120px; height: 36px; background-image: url(/res/image/lineups/dress-blue.gif);">
                <div style="position: absolute; top: -10px; left: 40px; z-index: 1">
                 <div style="_height: 100%">
                  <div class="icon-formation" onmouseout="tt.hide(this)" onmouseover="tt.show(this, event)" title="72' Sanchez A. (Mustafi S.)">
                   <span class="icon soccer-ball">
                   </span>
                  </div>
                  <div class="icon-formation" onmouseout="tt.hide(this)" onmouseover="tt.show(this, event)" title="80' Sanchez A. ">
                   <span class="icon soccer-ball">
                   </span>
                  </div>
                  <div class="icon-formation" onmouseout="tt.hide(this)" onmouseover="tt.show(this, event)" title="86' Sanchez A. (Oxlade-Chamberlain A.)">
                   <span class="icon soccer-ball">
                   </span>
                  </div>
                 </div>
                </div>
                <div style="position: absolute; top: 7px; text-align: center; width: 100%; font-family: tahoma, verdana, arial; font-size: 11px; font-weight: bold; padding-left: 1px; color: #353535;">
                 7
                </div>
                <div style="position: absolute; top: 31px; text-align: center; width: 100%;">
                 <div style="font-family: tahoma, verdana, arial; font-size: 11px; font-weight: normal; color: #ffffff; _margin-left: 6px;">
                  <span class="participant-link" id="player_name_a11" style="background-color: #353535; padding: 1px 3px; white-space: nowrap; color: white;  ">
                   <a href="/en/player/sanchez-alexis/QgGt7V0d/">
                    Sanchez
                   </a>
                  </span>
                 </div>
                </div>
               </div>
              </div>
             </div>
            </div>
            <table class="parts">
             <tbody>
              <tr>
               <td class="h-part" colspan="2">
                Starting Lineups
               </td>
              </tr>
              <tr class="odd">
               <td class="summary-vertical fl">
                <div class="time-box">
                 19
                </div>
                <span class="flag fl_207" title="Wales">
                </span>
                <div class="name">
                 <a href="/en/player/collins-james/8vByEDhp/">
                  Collins J.
                 </a>
                </div>
                <div class="icon-lineup" onmouseout="tt.hide(this)" onmouseover="tt.show(this, event)" title="7' Collins J. (Arbeloa A.)">
                 <span class="icon substitution-out">
                 </span>
                </div>
                <div class="name-substitution">
                 (
                 <a href="/en/player/arbeloa-alvaro/CO9bjrLo/">
                  Arbeloa A.
                 </a>
                 )
                </div>
               </td>
               <td class="summary-vertical fr">
                <div class="time-box">
                 33
                </div>
                <span class="flag fl_62" title="Czech Republic">
                </span>
                <div class="name">
                 <a href="/en/player/cech-petr/fTjQ34vo/">
                  Cech P.
                  <span title="Goalkeeper">
                   (G)
                  </span>
                 </a>
                </div>
               </td>
              </tr>
              <tr class="even">
               <td class="summary-vertical fl">
                <div class="time-box">
                 31
                </div>
                <span class="flag fl_182" title="Switzerland">
                </span>
                <div class="name">
                 <a href="/en/player/fernandes-edimilson/QRGkc05e/">
                  Fernandes E.
                 </a>
                </div>
                <div class="icon-lineup" onmouseout="tt.hide(this)" onmouseover="tt.show(this, event)" title="63' Fernandes E. (Ayew A.)">
                 <span class="icon substitution-out">
                 </span>
                </div>
                <div class="name-substitution">
                 (
                 <a href="/en/player/ayew-andre/GrZDpRwB/">
                  Ayew A.
                 </a>
                 )
                </div>
               </td>
               <td class="summary-vertical fr">
                <div class="time-box">
                 34
                </div>
                <span class="flag fl_77" title="France">
                </span>
                <div class="name">
                 <a href="/en/player/coquelin-francis/2qXd9yom/">
                  Coquelin F.
                 </a>
                </div>
                <div class="icon-lineup" onmouseout="tt.hide(this)" onmouseover="tt.show(this, event)" title="30' Coquelin F.">
                 <span class="icon y-card">
                 </span>
                </div>
                <div class="icon-lineup" onmouseout="tt.hide(this)" onmouseover="tt.show(this, event)" title="87' Coquelin F. (Elneny M.)">
                 <span class="icon substitution-out">
                 </span>
                </div>
                <div class="name-substitution">
                 (
                 <a href="/en/player/elneny-mohamed/MwhMibOo/">
                  Elneny M.
                 </a>
                 )
                </div>
               </td>
              </tr>
              <tr class="odd">
               <td class="summary-vertical fl">
                <div class="time-box">
                 24
                </div>
                <span class="flag fl_198" title="England">
                </span>
                <div class="name">
                 <a href="/en/player/fletcher-ashley/lMsmdCg8/">
                  Fletcher A.
                 </a>
                </div>
                <div class="icon-lineup" onmouseout="tt.hide(this)" onmouseover="tt.show(this, event)" title="59' Fletcher A.">
                 <span class="icon y-card">
                 </span>
                </div>
               </td>
               <td class="summary-vertical fr">
                <div class="time-box">
                 5
                </div>
                <span class="flag fl_39" title="Brazil">
                </span>
                <div class="name">
                 <a href="/en/player/paulista-gabriel/tCldvc6L/">
                  Gabriel
                 </a>
                </div>
               </td>
              </tr>
              <tr class="even">
               <td class="summary-vertical fl">
                <div class="time-box">
                 10
                </div>
                <span class="flag fl_22" title="Argentina">
                </span>
                <div class="name">
                 <a href="/en/player/lanzini-manuel/QT3lIj4N/">
                  Lanzini M.
                 </a>
                </div>
               </td>
               <td class="summary-vertical fr">
                <div class="time-box">
                 6
                </div>
                <span class="flag fl_77" title="France">
                </span>
                <div class="name">
                 <a href="/en/player/koscielny-laurent/0MoFTxk9/">
                  Koscielny L.
                  <span title="Captain">
                   (C)
                  </span>
                 </a>
                </div>
                <div class="icon-lineup" onmouseout="tt.hide(this)" onmouseover="tt.show(this, event)" title="67' Koscielny L.">
                 <span class="icon y-card">
                 </span>
                </div>
               </td>
              </tr>
              <tr class="odd">
               <td class="summary-vertical fl">
                <div class="time-box">
                 26
                </div>
                <span class="flag fl_77" title="France">
                </span>
                <div class="name">
                 <a href="/en/player/masuaku-arthur/4YoV0hmC/">
                  Masuaku A.
                 </a>
                </div>
               </td>
               <td class="summary-vertical fr">
                <div class="time-box">
                 18
                </div>
                <span class="flag fl_176" title="Spain">
                </span>
                <div class="name">
                 <a href="/en/player/monreal-nacho/CdXPbmcp/">
                  Monreal N.
                 </a>
                </div>
               </td>
              </tr>
              <tr class="even">
               <td class="summary-vertical fl">
                <div class="time-box">
                 16
                </div>
                <span class="flag fl_198" title="England">
                </span>
                <div class="name">
                 <a href="/en/player/noble-mark/GxzuJFFG/">
                  Noble M.
                  <span title="Captain">
                   (C)
                  </span>
                 </a>
                </div>
                <div class="icon-lineup" onmouseout="tt.hide(this)" onmouseover="tt.show(this, event)" title="73' Noble M. (Carroll A.)">
                 <span class="icon substitution-out">
                 </span>
                </div>
                <div class="name-substitution">
                 (
                 <a href="/en/player/carroll-andrew/fsQHmhiO/">
                  Carroll A.
                 </a>
                 )
                </div>
               </td>
               <td class="summary-vertical fr">
                <div class="time-box">
                 20
                </div>
                <span class="flag fl_81" title="Germany">
                </span>
                <div class="name">
                 <a href="/en/player/mustafi-shkodran/ATnr2OzD/">
                  Mustafi S.
                 </a>
                </div>
                <div class="icon-lineup" onmouseout="tt.hide(this)" onmouseover="tt.show(this, event)" title="82' Mustafi S.">
                 <span class="icon y-card">
                 </span>
                </div>
               </td>
              </tr>
              <tr class="odd">
               <td class="summary-vertical fl">
                <div class="time-box">
                 14
                </div>
                <span class="flag fl_176" title="Spain">
                </span>
                <div class="name">
                 <a href="/en/player/obiang-pedro/nodnKnAs/">
                  Obiang P.
                 </a>
                </div>
               </td>
               <td class="summary-vertical fr">
                <div class="time-box">
                 15
                </div>
                <span class="flag fl_198" title="England">
                </span>
                <div class="name">
                 <a href="/en/player/oxlade-chamberlain-alex/WzNLf7VR/">
                  Oxlade-Chamberlain A.
                 </a>
                </div>
                <div class="icon-lineup" onmouseout="tt.hide(this)" onmouseover="tt.show(this, event)" title="84' Oxlade-Chamberlain A. (Ozil M.)">
                 <span class="icon soccer-ball">
                 </span>
                </div>
               </td>
              </tr>
              <tr class="even">
               <td class="summary-vertical fl">
                <div class="time-box">
                 21
                </div>
                <span class="flag fl_98" title="Italy">
                </span>
                <div class="name">
                 <a href="/en/player/ogbonna-angelo/xtEnn3rQ/">
                  Ogbonna A.
                 </a>
                </div>
               </td>
               <td class="summary-vertical fr">
                <div class="time-box">
                 11
                </div>
                <span class="flag fl_81" title="Germany">
                </span>
                <div class="name">
                 <a href="/en/player/ozil-mesut/U30xq9EJ/">
                  Ozil M.
                 </a>
                </div>
                <div class="icon-lineup" onmouseout="tt.hide(this)" onmouseover="tt.show(this, event)" title="24' Ozil M. (Sanchez A.)">
                 <span class="icon soccer-ball">
                 </span>
                </div>
                <div class="icon-lineup" onmouseout="tt.hide(this)" onmouseover="tt.show(this, event)" title="88' Ozil M. (Iwobi A.)">
                 <span class="icon substitution-out">
                 </span>
                </div>
                <div class="name-substitution">
                 (
                 <a href="/en/player/iwobi-alex/2L5gbR8M/">
                  Iwobi A.
                 </a>
                 )
                </div>
               </td>
              </tr>
              <tr class="odd">
               <td class="summary-vertical fl">
                <div class="time-box">
                 27
                </div>
                <span class="flag fl_77" title="France">
                </span>
                <div class="name">
                 <a href="/en/player/payet-dimitri/8QcadiBC/">
                  Payet D.
                 </a>
                </div>
               </td>
               <td class="summary-vertical fr">
                <div class="time-box">
                 7
                </div>
                <span class="flag fl_51" title="Chile">
                </span>
                <div class="name">
                 <a href="/en/player/sanchez-alexis/QgGt7V0d/">
                  Sanchez A.
                 </a>
                </div>
                <div class="icon-lineup" onmouseout="tt.hide(this)" onmouseover="tt.show(this, event)" title="72' Sanchez A. (Mustafi S.)">
                 <span class="icon soccer-ball">
                 </span>
                </div>
                <div class="icon-lineup" onmouseout="tt.hide(this)" onmouseover="tt.show(this, event)" title="80' Sanchez A. ">
                 <span class="icon soccer-ball">
                 </span>
                </div>
                <div class="icon-lineup" onmouseout="tt.hide(this)" onmouseover="tt.show(this, event)" title="86' Sanchez A. (Oxlade-Chamberlain A.)">
                 <span class="icon soccer-ball">
                 </span>
                </div>
               </td>
              </tr>
              <tr class="even">
               <td class="summary-vertical fl">
                <div class="time-box">
                 1
                </div>
                <span class="flag fl_96" title="Ireland">
                </span>
                <div class="name">
                 <a href="/en/player/randolph-darren/8QL8VjKD/">
                  Randolph D.
                  <span title="Goalkeeper">
                   (G)
                  </span>
                 </a>
                </div>
               </td>
               <td class="summary-vertical fr">
                <div class="time-box">
                 14
                </div>
                <span class="flag fl_198" title="England">
                </span>
                <div class="name">
                 <a href="/en/player/walcott-theo/2cpouZhq/">
                  Walcott T.
                 </a>
                </div>
                <div class="icon-lineup" onmouseout="tt.hide(this)" onmouseover="tt.show(this, event)" title="66' Walcott T. (Ramsey A.)">
                 <span class="icon substitution-out">
                 </span>
                </div>
                <div class="name-substitution">
                 (
                 <a href="/en/player/ramsey-aaron/fBD08Fin/">
                  Ramsey A.
                 </a>
                 )
                </div>
               </td>
              </tr>
              <tr class="odd">
               <td class="summary-vertical fl">
                <div class="time-box">
                 2
                </div>
                <span class="flag fl_140" title="New Zealand">
                </span>
                <div class="name">
                 <a href="/en/player/reid-winston/fFavcxiR/">
                  Reid W.
                 </a>
                </div>
                <div class="icon-lineup" onmouseout="tt.hide(this)" onmouseover="tt.show(this, event)" title="65' Reid W.">
                 <span class="icon y-card">
                 </span>
                </div>
               </td>
               <td class="summary-vertical fr">
                <div class="time-box">
                 29
                </div>
                <span class="flag fl_182" title="Switzerland">
                </span>
                <div class="name">
                 <a href="/en/player/xhaka-granit/QBHCDKff/">
                  Xhaka G.
                 </a>
                </div>
               </td>
              </tr>
              <tr>
               <td class="h-part" colspan="2">
                Substitutes
               </td>
              </tr>
              <tr class="even">
               <td class="summary-vertical fl">
                <div class="time-box">
                 5
                </div>
                <span class="flag fl_176" title="Spain">
                </span>
                <div class="name">
                 <a href="/en/player/arbeloa-alvaro/CO9bjrLo/">
                  Arbeloa A.
                 </a>
                </div>
                <div class="icon-lineup" onmouseout="tt.hide(this)" onmouseover="tt.show(this, event)" title="7'">
                 <span class="icon substitution-in">
                 </span>
                </div>
                <div class="name-substitution">
                 (
                 <a href="/en/player/collins-james/8vByEDhp/">
                  Collins J.
                 </a>
                 )
                </div>
                <div class="icon-lineup" onmouseout="tt.hide(this)" onmouseover="tt.show(this, event)" title="90+3' Arbeloa A.">
                 <span class="icon y-card">
                 </span>
                </div>
               </td>
               <td class="summary-vertical fr">
                <div class="time-box">
                 35
                </div>
                <span class="flag fl_69" title="Egypt">
                </span>
                <div class="name">
                 <a href="/en/player/elneny-mohamed/MwhMibOo/">
                  Elneny M.
                 </a>
                </div>
                <div class="icon-lineup" onmouseout="tt.hide(this)" onmouseover="tt.show(this, event)" title="87'">
                 <span class="icon substitution-in">
                 </span>
                </div>
                <div class="name-substitution">
                 (
                 <a href="/en/player/coquelin-francis/2qXd9yom/">
                  Coquelin F.
                 </a>
                 )
                </div>
               </td>
              </tr>
              <tr class="odd">
               <td class="summary-vertical fl">
                <div class="time-box">
                 20
                </div>
                <span class="flag fl_82" title="Ghana">
                </span>
                <div class="name">
                 <a href="/en/player/ayew-andre/GrZDpRwB/">
                  Ayew A.
                 </a>
                </div>
                <div class="icon-lineup" onmouseout="tt.hide(this)" onmouseover="tt.show(this, event)" title="63'">
                 <span class="icon substitution-in">
                 </span>
                </div>
                <div class="name-substitution">
                 (
                 <a href="/en/player/fernandes-edimilson/QRGkc05e/">
                  Fernandes E.
                 </a>
                 )
                </div>
               </td>
               <td class="summary-vertical fr">
                <div class="time-box">
                 3
                </div>
                <span class="flag fl_198" title="England">
                </span>
                <div class="name">
                 <a href="/en/player/gibbs-kieran/tvEj3HIu/">
                  Gibbs K.
                 </a>
                </div>
               </td>
              </tr>
              <tr class="even">
               <td class="summary-vertical fl">
                <div class="time-box">
                 9
                </div>
                <span class="flag fl_198" title="England">
                </span>
                <div class="name">
                 <a href="/en/player/carroll-andrew/fsQHmhiO/">
                  Carroll A.
                 </a>
                </div>
                <div class="icon-lineup" onmouseout="tt.hide(this)" onmouseover="tt.show(this, event)" title="73'">
                 <span class="icon substitution-in">
                 </span>
                </div>
                <div class="name-substitution">
                 (
                 <a href="/en/player/noble-mark/GxzuJFFG/">
                  Noble M.
                 </a>
                 )
                </div>
                <div class="icon-lineup" onmouseout="tt.hide(this)" onmouseover="tt.show(this, event)" title="83' Carroll A. ">
                 <span class="icon soccer-ball">
                 </span>
                </div>
               </td>
               <td class="summary-vertical fr">
                <div class="time-box">
                 16
                </div>
                <span class="flag fl_198" title="England">
                </span>
                <div class="name">
                 <a href="/en/player/holding-rob/M71HrXch/">
                  Holding R.
                 </a>
                </div>
               </td>
              </tr>
              <tr class="odd">
               <td class="summary-vertical fl">
                <div class="time-box">
                 7
                </div>
                <span class="flag fl_18" title="Algeria">
                </span>
                <div class="name">
                 <a href="/en/player/feghouli-sofiane/G2eHULFU/">
                  Feghouli S.
                 </a>
                </div>
               </td>
               <td class="summary-vertical fr">
                <div class="time-box">
                 17
                </div>
                <span class="flag fl_143" title="Nigeria">
                </span>
                <div class="name">
                 <a href="/en/player/iwobi-alex/2L5gbR8M/">
                  Iwobi A.
                 </a>
                </div>
                <div class="icon-lineup" onmouseout="tt.hide(this)" onmouseover="tt.show(this, event)" title="88'">
                 <span class="icon substitution-in">
                 </span>
                </div>
                <div class="name-substitution">
                 (
                 <a href="/en/player/ozil-mesut/U30xq9EJ/">
                  Ozil M.
                 </a>
                 )
                </div>
               </td>
              </tr>
              <tr class="even">
               <td class="summary-vertical fl">
                <div class="time-box">
                 4
                </div>
                <span class="flag fl_145" title="Norway">
                </span>
                <div class="name">
                 <a href="/en/player/nordtveit-havard/U1k6Re1M/">
                  Nordtveit H.
                 </a>
                </div>
               </td>
               <td class="summary-vertical fr">
                <div class="time-box">
                 13
                </div>
                <span class="flag fl_53" title="Colombia">
                </span>
                <div class="name">
                 <a href="/en/player/ospina-david/6PHywlJK/">
                  Ospina D.
                  <span title="Goalkeeper">
                   (G)
                  </span>
                 </a>
                </div>
               </td>
              </tr>
              <tr class="odd">
               <td class="summary-vertical fl">
                <div class="time-box">
                 13
                </div>
                <span class="flag fl_176" title="Spain">
                </span>
                <div class="name">
                 <a href="/en/player/adrian/CEm70uDg/">
                  Adrian
                  <span title="Goalkeeper">
                   (G)
                  </span>
                 </a>
                </div>
               </td>
               <td class="summary-vertical fr">
                <div class="time-box">
                 9
                </div>
                <span class="flag fl_176" title="Spain">
                </span>
                <div class="name">
                 <a href="/en/player/perez-lucas/YsCMvAvd/">
                  Perez L.
                 </a>
                </div>
               </td>
              </tr>
              <tr class="even">
               <td class="summary-vertical fl">
                <div class="time-box">
                 11
                </div>
                <span class="flag fl_98" title="Italy">
                </span>
                <div class="name">
                 <a href="/en/player/zaza-simone/v7gdgsPR/">
                  Zaza S.
                 </a>
                </div>
               </td>
               <td class="summary-vertical fr">
                <div class="time-box">
                 8
                </div>
                <span class="flag fl_207" title="Wales">
                </span>
                <div class="name">
                 <a href="/en/player/ramsey-aaron/fBD08Fin/">
                  Ramsey A.
                 </a>
                </div>
                <div class="icon-lineup" onmouseout="tt.hide(this)" onmouseover="tt.show(this, event)" title="66'">
                 <span class="icon substitution-in">
                 </span>
                </div>
                <div class="name-substitution">
                 (
                 <a href="/en/player/walcott-theo/2cpouZhq/">
                  Walcott T.
                 </a>
                 )
                </div>
               </td>
              </tr>
             </tbody>
            </table>
            <table class="parts" id="missing-players">
             <tbody>
              <tr>
               <td class="h-part" colspan="2">
                Missing Players
               </td>
              </tr>
              <tr class="">
               <td class="summary-vertical fl">
                <div class="empty-number">
                </div>
                <span class="flag fl_198" title="England">
                </span>
                <div class="name">
                 <a href="#" onclick="window.open('/en/player/antonio-michail/p8tt85Xn/'); return false;">
                  Antonio M.
                 </a>
                </div>
                <div class="text fleft">
                 (Groin Injury)
                </div>
               </td>
               <td class="summary-vertical fr">
                <div class="empty-number">
                </div>
                <span class="flag fl_198" title="England">
                </span>
                <div class="name">
                 <a href="#" onclick="window.open('/en/player/akpom-chuba/r3FhGWO6/'); return false;">
                  Akpom Ch.
                 </a>
                </div>
                <div class="text fright">
                 (Back Injury)
                </div>
               </td>
              </tr>
              <tr class="even">
               <td class="summary-vertical fl">
                <div class="empty-number">
                </div>
                <span class="flag fl_198" title="England">
                </span>
                <div class="name">
                 <a href="#" onclick="window.open('/en/player/byram-samuel/U12AFBbN/'); return false;">
                  Byram S.
                 </a>
                </div>
                <div class="text fleft">
                 (Thigh Injury)
                </div>
               </td>
               <td class="summary-vertical fr">
                <div class="empty-number">
                </div>
                <span class="flag fl_176" title="Spain">
                </span>
                <div class="name">
                 <a href="#" onclick="window.open('/en/player/bellerin-hector/pxq49QlK/'); return false;">
                  Bellerin H.
                 </a>
                </div>
                <div class="text fright">
                 (Ankle Injury)
                </div>
               </td>
              </tr>
              <tr class="">
               <td class="summary-vertical fl">
                <div class="empty-number">
                </div>
                <span class="flag fl_198" title="England">
                </span>
                <div class="name">
                 <a href="#" onclick="window.open('/en/player/cresswell-aaron/fcMqoMcH/'); return false;">
                  Cresswell A.
                 </a>
                </div>
                <div class="text fleft">
                 (Groin Injury)
                </div>
               </td>
               <td class="summary-vertical fr">
                <div class="empty-number">
                </div>
                <span class="flag fl_176" title="Spain">
                </span>
                <div class="name">
                 <a href="#" onclick="window.open('/en/player/cazorla-santi/rVt0F12N/'); return false;">
                  Cazorla S.
                 </a>
                </div>
                <div class="text fright">
                 (Achilles Tendon Injury)
                </div>
               </td>
              </tr>
              <tr class="even">
               <td class="summary-vertical fl">
                <div class="empty-number">
                </div>
                <span class="flag fl_198" title="England">
                </span>
                <div class="name">
                 <a href="#" onclick="window.open('/en/player/oxford-reece/KC0NKT7S/'); return false;">
                  Oxford R.
                 </a>
                </div>
                <div class="text fleft">
                 (Ankle Injury)
                </div>
               </td>
               <td class="summary-vertical fr">
                <div class="empty-number">
                </div>
                <span class="flag fl_77" title="France">
                </span>
                <div class="name">
                 <a href="#" onclick="window.open('/en/player/debuchy-mathieu/Wru3Zf72/'); return false;">
                  Debuchy M.
                 </a>
                </div>
                <div class="text fright">
                 (Muscle Injury)
                </div>
               </td>
              </tr>
              <tr class="">
               <td class="summary-vertical fl">
                <div class="empty-number">
                </div>
                <span class="flag fl_166" title="Senegal">
                </span>
                <div class="name">
                 <a href="#" onclick="window.open('/en/player/sakho-diafra/8nuyj4TG/'); return false;">
                  Sakho D.
                 </a>
                </div>
                <div class="text fleft">
                 (Muscle Injury)
                </div>
               </td>
               <td class="summary-vertical fr">
                <div class="empty-number">
                </div>
                <span class="flag fl_77" title="France">
                </span>
                <div class="name">
                 <a href="#" onclick="window.open('/en/player/giroud-olivier/AJPBp2as/'); return false;">
                  Giroud O.
                 </a>
                </div>
                <div class="text fright">
                 (Muscle Injury)
                </div>
               </td>
              </tr>
              <tr class="even">
               <td class="summary-vertical fl">
                <div class="empty-number">
                </div>
                <span class="flag fl_191" title="Turkey">
                </span>
                <div class="name">
                 <a href="#" onclick="window.open('/en/player/tore-gokhan/G8S387P1/'); return false;">
                  Tore G.
                 </a>
                </div>
                <div class="text fleft">
                 (Muscle Injury)
                </div>
               </td>
               <td class="summary-vertical fr">
                <div class="empty-number">
                </div>
                <span class="flag fl_81" title="Germany">
                </span>
                <div class="name">
                 <a href="#" onclick="window.open('/en/player/mertesacker-per/tlwkgQLn/'); return false;">
                  Mertesacker P.
                 </a>
                </div>
                <div class="text fright">
                 (Knee Injury)
                </div>
               </td>
              </tr>
             </tbody>
            </table>
            <table class="parts">
             <tbody>
              <tr>
               <td class="h-part" colspan="2">
                Coaches
               </td>
              </tr>
              <tr class="odd">
               <td class="summary-vertical fl">
                <div class="time-box">
                </div>
                <span class="flag fl_59" title="Croatia">
                </span>
                <div class="name">
                 Bilic S.
                </div>
               </td>
               <td class="summary-vertical fr">
                <div class="time-box">
                </div>
                <span class="flag fl_77" title="France">
                </span>
                <div class="name">
                 Wenger A.
                </div>
               </td>
              </tr>
             </tbody>
            </table>
            <div class="spacer-block">
            </div>
            <div id="secret_hash">
            </div>
           </div>
          </div>
          <div id="tab-match-commentary-preview" style="display: block;">
           <div class="detail-submenu-bookmark">
            <ul class="ifmenu">
             <li class="selected">
              <span>
               <strong>
                LIVE Commentary
               </strong>
              </span>
             </li>
            </ul>
            <div class="color-spacer">
            </div>
           </div>
           <div class="preload no-height" id="commentary-preview-preload" style="display: none;">
            <span>
             Loading ...
            </span>
           </div>
           <div id="commentary-preview-content">
            <table id="parts">
             <tbody>
              <tr class="odd">
               <td class="phrase fl" style="width: 52px !important;border-top: 0px;">
                <div class="time-box time-box-sec" title="90:00 +3:59">
                 90+4'
                </div>
                <div class="icon-phrase">
                </div>
               </td>
               <td class="phrase fl " style="border-left: 1px solid #E0E0E0;border-top: 0px;">
                The performance from both sides could be described as average. There were only a few stirring moments and the fans probably expected more from this game. The away team was superior today. The home side was creating their opportunities using lightning-fast counter-attacks. The tactic of the away side was slow build-up play.
               </td>
              </tr>
              <tr class="even">
               <td class="phrase fl" style="width: 52px !important;border-top: 0px;">
                <div class="time-box time-box-sec" title="90:00 +3:25">
                 90+4'
                </div>
                <div class="icon-phrase">
                 <span class="icon whistle">
                 </span>
                </div>
               </td>
               <td class="phrase fl " style="border-left: 1px solid #E0E0E0;border-top: 0px;">
                That's all for today because the game is over.
               </td>
              </tr>
              <tr class="odd">
               <td class="phrase fl" style="width: 52px !important;border-top: 0px;">
                <div class="time-box time-box-sec" title="90:00 +2:32">
                 90+3'
                </div>
                <div class="icon-phrase">
                </div>
               </td>
               <td class="phrase fl b" style="border-left: 1px solid #E0E0E0;border-top: 0px;">
                Aaron Ramsey (Arsenal) must feel embarrassed now. He received a killer pass, but his shot from the six-yard box was a disaster. He miskicked and made it very easy for Darren Randolph to get hold of the ball.
               </td>
              </tr>
             </tbody>
            </table>
            <div class="bottom-block">
             <a href="#" onclick="detail_tab('commentary', null, null, 'top'); return false">
              Show live commentary
             </a>
             »
            </div>
            <br/>
            <div id="secret_hash">
            </div>
           </div>
          </div>
          <div class="live-betting-strip">
          </div>
          <script type="text/javascript">
           cjs.dic.get('Feed_Content_OddsSetup').setStripData([]);
          </script>
          <div id="tab-live-odds">
           <div class="preload-panel" id="live-odds-preload">
            <div class="preload">
             <span>
              Loading ...
             </span>
            </div>
           </div>
           <div id="live-odds-content">
            <div class="odds-comparison-bookmark">
             <ul class="ifmenu">
              <li class="selected">
               <span>
                <strong>
                 Live odds
                </strong>
               </span>
              </li>
             </ul>
            </div>
            <div class="color-spacer odds-spacer">
            </div>
            <table cellspacing="0" class="odds" id="default-live-odds">
             <colgroup>
              <col>
              </col>
              <col width="60">
              </col>
              <col width="60">
              </col>
              <col width="60">
              </col>
              <col width="80">
              </col>
             </colgroup>
             <thead>
              <tr class="black">
               <th class="bookmaker">
               </th>
               <th>
                1
               </th>
               <th>
                X
               </th>
               <th>
                2
               </th>
               <th>
                BONUS
               </th>
              </tr>
             </thead>
             <tbody>
              <tr class="odd">
               <td class="bookmaker">
                <div class="blink">
                 <a class="elink" href="/en/bookmaker/16/?from=live-odds-detail&amp;sport=1&amp;externalProjectId=0" onclick="return !window.open(this.href)" title="bet365">
                  <span class="detail-blogos" style="background: transparent url(/en/res/image/data/m-I5wWW4UM-AFGJU3xC.png?bookmaker) 0 -120px no-repeat">
                  </span>
                  bet365
                 </a>
                </div>
               </td>
               <td class="kx o_1">
                <span alt="-" class="odds-wrap up">
                 -
                </span>
               </td>
               <td class="kx o_0">
                <span alt="-" class="odds-wrap up">
                 -
                </span>
               </td>
               <td class="kx o_2">
                <span alt="-" class="odds-wrap down">
                 -
                </span>
               </td>
               <td class="bonus">
                <span class="no-pdg">
                 <a href="/en/bookmaker/16/?from=bonus-offers-icon&amp;sport=1&amp;externalProjectId=0&amp;bonus_offer=1951" onclick="return false">
                  <span class="no-pdg" onclick="window.open('/en/bookmaker/16/?from=bonus-offers-icon&amp;sport=1&amp;externalProjectId=0&amp;bonus_offer=1951');" onmouseout="ttb.hide(this)" onmouseover="ttb.show(this, event, false)" title="Get 100% bonus NOW!&lt;i&gt;&lt;/i&gt;">
                   €50
                  </span>
                 </a>
                </span>
               </td>
              </tr>
             </tbody>
            </table>
            <div class="spacer-block">
            </div>
           </div>
          </div>
          <script type="text/javascript">
           cjs.dic.get('Feed_Content_OddsSetup').setLiveData({"tableType":"live-odds","tabTitle":"Live odds","hasOddsComparison":false,"defaultColumnWidth":60,"isBettingType_TWP":false,"isBettingType_1X2":true,"isBettingType_ASIAN_HANDICAP":false,"isNotBettingType_HOME_AWAY_DRAW_NO_BET":true,"hasBonusBehindOdds":true,"bookmakerTitle":"&nbsp;","tableHeader":[{"name":"1"},{"name":"X"},{"name":"2"}],"bonusTitle":"BONUS","hasBetAndWinEnabled":false,"betAndWinText":"Bet \u20ac25 and win:","handicap":{"type":"","value":0},"useBookmarkInOne":true,"moreBookmakersText":"Show more bookmakers","emptyCellChar":"-","geoOddsComparisonSettings":{"default":true}});
          </script>
          <div id="tab-prematch-odds" style="display: block;">
           <div id="prematch-odds-content">
            <div class="odds-comparison-bookmark">
             <ul class="ifmenu">
              <li class="selected">
               <span>
                <strong>
                 Pre-match odds
                </strong>
               </span>
              </li>
             </ul>
            </div>
            <div class="color-spacer odds-spacer">
            </div>
            <table cellspacing="0" class="odds" id="default-odds">
             <colgroup>
              <col>
              </col>
              <col width="60">
              </col>
              <col width="60">
              </col>
              <col width="60">
              </col>
              <col width="80">
              </col>
             </colgroup>
             <thead>
              <tr class="black">
               <th class="bookmaker">
               </th>
               <th>
                1
               </th>
               <th>
                X
               </th>
               <th>
                2
               </th>
               <th>
                BONUS
               </th>
              </tr>
             </thead>
             <tbody>
              <tr class="odd">
               <td class="bookmaker">
                <div class="blink">
                 <a class="elink" href="/en/bookmaker/16/?from=detail&amp;sport=1&amp;externalProjectId=0" onclick="return !window.open(this.href)" title="bet365">
                  <span class="detail-blogos" style="background: transparent url(/en/res/image/data/m-I5wWW4UM-AFGJU3xC.png?bookmaker) 0 -120px no-repeat">
                  </span>
                  bet365
                 </a>
                </div>
               </td>
               <td class="kx o_1">
                <span alt="4.33[u]5.75" class="odds-wrap up" eu="4.33[u]5.75">
                 5.75
                </span>
               </td>
               <td class="kx o_0">
                <span alt="3.75[u]4.33" class="odds-wrap up" eu="3.75[u]4.33">
                 4.33
                </span>
               </td>
               <td class="kx o_2 winner">
                <span alt="1.75[d]1.62" class="odds-wrap down" eu="1.75[d]1.62">
                 1.62
                </span>
               </td>
               <td class="bonus">
                <span class="no-pdg">
                 <a href="/en/bookmaker/16/?from=bonus-offers-icon&amp;sport=1&amp;externalProjectId=0&amp;bonus_offer=1951" onclick="return false">
                  <span class="no-pdg" onclick="window.open('/en/bookmaker/16/?from=bonus-offers-icon&amp;sport=1&amp;externalProjectId=0&amp;bonus_offer=1951');" onmouseout="ttb.hide(this)" onmouseover="ttb.show(this, event, false)" title="Get 100% bonus NOW!&lt;i&gt;&lt;/i&gt;">
                   €50
                  </span>
                 </a>
                </span>
               </td>
              </tr>
             </tbody>
            </table>
            <div class="bottom-block">
             <a href="#" onclick="detail_tab('odds-comparison', null, null, 'top'); return false;">
              Show more bookmakers
             </a>
             »
            </div>
            <div class="spacer-block">
            </div>
           </div>
          </div>
          <script type="text/javascript">
           cjs.dic.get('Feed_Content_OddsSetup').setPrematchData({"tableType":"odds","tabTitle":"Pre-match odds","defaultColumnWidth":60,"isBettingType_TWP":false,"isBettingType_1X2":true,"isBettingType_ASIAN_HANDICAP":false,"isNotBettingType_HOME_AWAY_DRAW_NO_BET":true,"hasBonusBehindOdds":true,"bookmakerTitle":"&nbsp;","tableHeader":[{"name":"1"},{"name":"X"},{"name":"2"}],"bonusTitle":"BONUS","hasBetAndWinEnabled":false,"betAndWinText":"Bet \u20ac25 and win:","handicap":{"type":"","value":0},"hasOddsComparison":true,"useBookmarkInOne":true,"moreBookmakersText":"Show more bookmakers","emptyCellChar":"-","geoOddsComparisonSettings":{"default":true}});
          </script>
          <script type="text/javascript">
           // <![CDATA[
	var page_is_initialized = false;
	cjs.dic.get('Helper_CurrentTime').setServerTimestamp(1480895346);
	// ]]>
          </script>
         </div>
         <div class="adsenvelope adstextpad banx-detail" id="lsadvert-zid-863" style="width: 728px;">
          <div style="height: 90px;">
           <div class="adscontent" id="lsadvert-detail">
            <iframe frameborder="0" id="lsadvert-zid-863-iframe" name="banx-detail" scrolling="no" style="width: 728px; height: 90px;">
            </iframe>
           </div>
           <div class="adsgraphhori">
            <div class="adsghori ath-en">
            </div>
           </div>
          </div>
         </div>
        </div>
        <sport name="soccer">
         <script>
          var dataLayer = dataLayer || []; // Google Tag Manager
         </script>
         <!-- Google Tag Manager -->
         <noscript>
          &lt;iframe src="//www.googletagmanager.com/ns.html?id=GTM-PWJ3NQ" height="0" width="0" style="display:none;visibility:hidden"&gt;&lt;/iframe&gt;
         </noscript>
         <script>
          (function(w,d,s,l,i){w[l]=w[l]||[];w[l].push({'gtm.start': new Date().getTime(),event:'gtm.js'});var f=d.getElementsByTagName(s)[0],j=d.createElement(s),dl=l!='dataLayer'?'&l='+l:'';j.async=true;j.src='//www.googletagmanager.com/gtm.js?id='+i+dl;f.parentNode.insertBefore(j,f);})(window,document,'script','dataLayer','GTM-PWJ3NQ');
         </script>
         <!-- End Google Tag Manager -->
        </sport>
       </div>
      </div>
      <div class="spacer15">
      </div>
     </div>
     <div class="left-content">
      <p class="left-head first">
       <span class="flag fl_198">
       </span>
       England
       <span class="shadow">
       </span>
      </p>
      <ul class="menu-left active-category" id="mt">
       <li class="active">
        <a href="/en/soccer/england/premier-league/">
         Premier League
        </a>
       </li>
       <li class="">
        <a href="/en/soccer/england/championship/">
         Championship
        </a>
       </li>
       <li class="">
        <a href="/en/soccer/england/league-one/">
         League One
        </a>
       </li>
       <li class="">
        <a href="/en/soccer/england/league-two/">
         League Two
        </a>
       </li>
       <li class="">
        <a href="/en/soccer/england/vanarama-national-league/">
         Vanarama National League
        </a>
       </li>
       <li class="">
        <a href="/en/soccer/england/vanarama-national-league-north/">
         Vanarama National League North
        </a>
       </li>
       <li class="">
        <a href="/en/soccer/england/vanarama-national-league-south/">
         Vanarama National League South
        </a>
       </li>
       <li class="">
        <a href="/en/soccer/england/southern-premier-league/">
         Southern Premier League
        </a>
       </li>
       <li class="">
        <a href="/en/soccer/england/northern-premier-league/">
         Northern Premier League
        </a>
       </li>
       <li class="">
        <a href="/en/soccer/england/ryman-league/">
         Ryman League
        </a>
       </li>
       <li class="show-more">
        <a href="#" onclick="show_more_templates(); return false;">
         More (11)
         <span class="more-arrow">
         </span>
        </a>
       </li>
       <li class="hidden-templates">
        <a href="/en/soccer/england/premier-league-2/">
         Premier League 2
        </a>
       </li>
       <li class="hidden-templates">
        <a href="/en/soccer/england/premier-league-cup/">
         Premier League Cup
        </a>
       </li>
       <li class="hidden-templates">
        <a href="/en/soccer/england/premier-league-international-cup/">
         Premier League International Cup
        </a>
       </li>
       <li class="hidden-templates">
        <a href="/en/soccer/england/premier-league-u21/">
         Premier League U21
        </a>
       </li>
       <li class="hidden-templates">
        <a href="/en/soccer/england/fa-cup/">
         FA Cup
        </a>
       </li>
       <li class="hidden-templates">
        <a href="/en/soccer/england/efl-cup/">
         EFL Cup
        </a>
       </li>
       <li class="hidden-templates">
        <a href="/en/soccer/england/fa-community-shield/">
         FA Community Shield
        </a>
       </li>
       <li class="hidden-templates">
        <a href="/en/soccer/england/fa-trophy/">
         FA Trophy
        </a>
       </li>
       <li class="hidden-templates">
        <a href="/en/soccer/england/checkatrade-trophy/">
         Checkatrade Trophy
        </a>
       </li>
       <li class="hidden-templates">
        <a href="/en/soccer/england/wsl-2-women/">
         WSL 2 Women
        </a>
       </li>
       <li class="last hidden-templates">
        <a href="/en/soccer/england/wsl-1-women/">
         WSL 1 Women
        </a>
       </li>
      </ul>
      <div class="my-leagues menu">
       <p class="head left-head">
        <span class="toggleMyLeague">
        </span>
        My Leagues
        <span class="count">
         (6)
        </span>
       </p>
       <ul class="menu-left" id="my-leagues-list">
        <li title="USA: MLS">
         <span class="toggleMyLeague active 1_200_CQv5qrFt" data-label-key="1_200_CQv5qrFt" onclick="cjs.myLeagues.toggleTop('1_200_CQv5qrFt', event); return false;" title="Remove this league from My Leagues!">
         </span>
         <a href="/en/mls/">
          <span class="flag fl_200">
          </span>
          MLS
         </a>
        </li>
        <li title="ENGLAND: Premier League">
         <span class="toggleMyLeague active 1_198_dYlOSQOD" data-label-key="1_198_dYlOSQOD" onclick="cjs.myLeagues.toggleTop('1_198_dYlOSQOD', event); return false;" title="Remove this league from My Leagues!">
         </span>
         <a href="/en/soccer/england/premier-league/">
          <span class="flag fl_198">
          </span>
          Premier League
         </a>
        </li>
        <li title="SPAIN: LaLiga">
         <span class="toggleMyLeague active 1_176_QVmLl54o" data-label-key="1_176_QVmLl54o" onclick="cjs.myLeagues.toggleTop('1_176_QVmLl54o', event); return false;" title="Remove this league from My Leagues!">
         </span>
         <a href="/en/soccer/spain/laliga/">
          <span class="flag fl_176">
          </span>
          LaLiga
         </a>
        </li>
        <li title="EUROPE: Champions League">
         <span class="toggleMyLeague active 1_6_xGrwqq16" data-label-key="1_6_xGrwqq16" onclick="cjs.myLeagues.toggleTop('1_6_xGrwqq16', event); return false;" title="Remove this league from My Leagues!">
         </span>
         <a href="/en/soccer/europe/champions-league/">
          <span class="flag fl_6">
          </span>
          Champions League
         </a>
        </li>
        <li title="EUROPE: Europa League">
         <span class="toggleMyLeague active 1_6_ClDjv3V5" data-label-key="1_6_ClDjv3V5" onclick="cjs.myLeagues.toggleTop('1_6_ClDjv3V5', event); return false;" title="Remove this league from My Leagues!">
         </span>
         <a href="/en/soccer/europe/europa-league/">
          <span class="flag fl_6">
          </span>
          Europa League
         </a>
        </li>
        <li class="last" title="WORLD: World Cup">
         <span class="toggleMyLeague active 1_8_lvUBR5F8" data-label-key="1_8_lvUBR5F8" onclick="cjs.myLeagues.toggleTop('1_8_lvUBR5F8', event); return false;" title="Remove this league from My Leagues!">
         </span>
         <a href="/en/soccer/world/world-cup/">
          <span class="flag fl_8">
          </span>
          World Cup
         </a>
        </li>
        <li class="banner empty-banner last-item-banner">
        </li>
       </ul>
       <script type="text/javascript">
        //<![CDATA[
			my_leagues_init(1, {"1_200_CQv5qrFt":{"menuOrder":19,"flagId":"200","title":"USA: MLS","name":"MLS","url":"\/en\/mls\/","from":1480895346},"1_198_dYlOSQOD":{"menuOrder":165,"flagId":"198","title":"ENGLAND: Premier League","name":"Premier League","url":"\/en\/soccer\/england\/premier-league\/","from":1480895346},"1_176_QVmLl54o":{"menuOrder":446,"flagId":"176","title":"SPAIN: LaLiga","name":"LaLiga","url":"\/en\/soccer\/spain\/laliga\/","from":1480895346},"1_6_xGrwqq16":{"menuOrder":694,"flagId":"6","title":"EUROPE: Champions League","name":"Champions League","url":"\/en\/soccer\/europe\/champions-league\/","from":1480895346},"1_6_ClDjv3V5":{"menuOrder":695,"flagId":"6","title":"EUROPE: Europa League","name":"Europa League","url":"\/en\/soccer\/europe\/europa-league\/","from":1480895346},"1_8_lvUBR5F8":{"menuOrder":747,"flagId":"8","title":"WORLD: World Cup","name":"World Cup","url":"\/en\/soccer\/world\/world-cup\/","from":1480895346}});
			//]]>
       </script>
      </div>
      <div class="my-teams menu">
       <p class="head left-head">
        <span class="toggleMyTeam">
        </span>
        My Teams
        <span class="count">
         (0)
        </span>
       </p>
       <ul class="menu-left" id="my-teams-list">
        <li class="last myTeamInfo">
         To select your teams, just click the
         <span class="toggleMyTeam">
         </span>
         icon located next to the name of the team.
        </li>
       </ul>
      </div>
      <script type="text/javascript">
       //<![CDATA[
					$(function() {
						myTeamsInit(1);
					});
					//]]>
      </script>
      <p class="left-head">
       North &amp; Central America
      </p>
      <ul class="menu-left">
       <li id="lmenu_230">
        <a href="/en/soccer/bermuda/" onclick="return cjs.dic.get('Helper_Menu').lmenu(230,req_url,1);">
         <span class="flag fl_230">
         </span>
         Bermuda
        </a>
       </li>
       <li id="lmenu_47">
        <a href="/en/soccer/canada/" onclick="return cjs.dic.get('Helper_Menu').lmenu(47,req_url,1);">
         <span class="flag fl_47">
         </span>
         Canada
        </a>
       </li>
       <li id="lmenu_57">
        <a href="/en/soccer/costa-rica/" onclick="return cjs.dic.get('Helper_Menu').lmenu(57,req_url,1);">
         <span class="flag fl_57">
         </span>
         Costa Rica
        </a>
       </li>
       <li id="lmenu_70">
        <a href="/en/soccer/el-salvador/" onclick="return cjs.dic.get('Helper_Menu').lmenu(70,req_url,1);">
         <span class="flag fl_70">
         </span>
         El Salvador
        </a>
       </li>
       <li id="lmenu_85">
        <a href="/en/soccer/guatemala/" onclick="return cjs.dic.get('Helper_Menu').lmenu(85,req_url,1);">
         <span class="flag fl_85">
         </span>
         Guatemala
        </a>
       </li>
       <li id="lmenu_89">
        <a href="/en/soccer/haiti/" onclick="return cjs.dic.get('Helper_Menu').lmenu(89,req_url,1);">
         <span class="flag fl_89">
         </span>
         Haiti
        </a>
       </li>
       <li id="lmenu_90">
        <a href="/en/soccer/honduras/" onclick="return cjs.dic.get('Helper_Menu').lmenu(90,req_url,1);">
         <span class="flag fl_90">
         </span>
         Honduras
        </a>
       </li>
       <li id="lmenu_99">
        <a href="/en/soccer/jamaica/" onclick="return cjs.dic.get('Helper_Menu').lmenu(99,req_url,1);">
         <span class="flag fl_99">
         </span>
         Jamaica
        </a>
       </li>
       <li id="lmenu_128">
        <a href="/en/soccer/mexico/" onclick="return cjs.dic.get('Helper_Menu').lmenu(128,req_url,1);">
         <span class="flag fl_128">
         </span>
         Mexico
        </a>
       </li>
       <li id="lmenu_141">
        <a href="/en/soccer/nicaragua/" onclick="return cjs.dic.get('Helper_Menu').lmenu(141,req_url,1);">
         <span class="flag fl_141">
         </span>
         Nicaragua
        </a>
       </li>
       <li id="lmenu_149">
        <a href="/en/soccer/panama/" onclick="return cjs.dic.get('Helper_Menu').lmenu(149,req_url,1);">
         <span class="flag fl_149">
         </span>
         Panama
        </a>
       </li>
       <li id="lmenu_189">
        <a href="/en/soccer/trinidad-and-tobago/" onclick="return cjs.dic.get('Helper_Menu').lmenu(189,req_url,1);">
         <span class="flag fl_189">
         </span>
         Trinidad and Tobago
        </a>
       </li>
       <li id="lmenu_200">
        <a href="/en/soccer/usa/" onclick="return cjs.dic.get('Helper_Menu').lmenu(200,req_url,1);">
         <span class="flag fl_200">
         </span>
         USA
        </a>
       </li>
      </ul>
      <p class="left-head">
       South America
      </p>
      <ul class="menu-left">
       <li id="lmenu_22">
        <a href="/en/soccer/argentina/" onclick="return cjs.dic.get('Helper_Menu').lmenu(22,req_url,1);">
         <span class="flag fl_22">
         </span>
         Argentina
        </a>
       </li>
       <li id="lmenu_36">
        <a href="/en/soccer/bolivia/" onclick="return cjs.dic.get('Helper_Menu').lmenu(36,req_url,1);">
         <span class="flag fl_36">
         </span>
         Bolivia
        </a>
       </li>
       <li id="lmenu_39">
        <a href="/en/soccer/brazil/" onclick="return cjs.dic.get('Helper_Menu').lmenu(39,req_url,1);">
         <span class="flag fl_39">
         </span>
         Brazil
        </a>
       </li>
       <li id="lmenu_51">
        <a href="/en/soccer/chile/" onclick="return cjs.dic.get('Helper_Menu').lmenu(51,req_url,1);">
         <span class="flag fl_51">
         </span>
         Chile
        </a>
       </li>
       <li id="lmenu_53">
        <a href="/en/soccer/colombia/" onclick="return cjs.dic.get('Helper_Menu').lmenu(53,req_url,1);">
         <span class="flag fl_53">
         </span>
         Colombia
        </a>
       </li>
       <li id="lmenu_68">
        <a href="/en/soccer/ecuador/" onclick="return cjs.dic.get('Helper_Menu').lmenu(68,req_url,1);">
         <span class="flag fl_68">
         </span>
         Ecuador
        </a>
       </li>
       <li id="lmenu_151">
        <a href="/en/soccer/paraguay/" onclick="return cjs.dic.get('Helper_Menu').lmenu(151,req_url,1);">
         <span class="flag fl_151">
         </span>
         Paraguay
        </a>
       </li>
       <li id="lmenu_152">
        <a href="/en/soccer/peru/" onclick="return cjs.dic.get('Helper_Menu').lmenu(152,req_url,1);">
         <span class="flag fl_152">
         </span>
         Peru
        </a>
       </li>
       <li id="lmenu_201">
        <a href="/en/soccer/uruguay/" onclick="return cjs.dic.get('Helper_Menu').lmenu(201,req_url,1);">
         <span class="flag fl_201">
         </span>
         Uruguay
        </a>
       </li>
       <li id="lmenu_205">
        <a href="/en/soccer/venezuela/" onclick="return cjs.dic.get('Helper_Menu').lmenu(205,req_url,1);">
         <span class="flag fl_205">
         </span>
         Venezuela
        </a>
       </li>
      </ul>
      <p class="left-head">
       Europe
      </p>
      <ul class="menu-left">
       <li id="lmenu_17">
        <a href="/en/soccer/albania/" onclick="return cjs.dic.get('Helper_Menu').lmenu(17,req_url,1);">
         <span class="flag fl_17">
         </span>
         Albania
        </a>
       </li>
       <li id="lmenu_19">
        <a href="/en/soccer/andorra/" onclick="return cjs.dic.get('Helper_Menu').lmenu(19,req_url,1);">
         <span class="flag fl_19">
         </span>
         Andorra
        </a>
       </li>
       <li id="lmenu_23">
        <a href="/en/soccer/armenia/" onclick="return cjs.dic.get('Helper_Menu').lmenu(23,req_url,1);">
         <span class="flag fl_23">
         </span>
         Armenia
        </a>
       </li>
       <li id="lmenu_25">
        <a href="/en/soccer/austria/" onclick="return cjs.dic.get('Helper_Menu').lmenu(25,req_url,1);">
         <span class="flag fl_25">
         </span>
         Austria
        </a>
       </li>
       <li id="lmenu_26">
        <a href="/en/soccer/azerbaijan/" onclick="return cjs.dic.get('Helper_Menu').lmenu(26,req_url,1);">
         <span class="flag fl_26">
         </span>
         Azerbaijan
        </a>
       </li>
       <li id="lmenu_31">
        <a href="/en/soccer/belarus/" onclick="return cjs.dic.get('Helper_Menu').lmenu(31,req_url,1);">
         <span class="flag fl_31">
         </span>
         Belarus
        </a>
       </li>
       <li id="lmenu_32">
        <a href="/en/soccer/belgium/" onclick="return cjs.dic.get('Helper_Menu').lmenu(32,req_url,1);">
         <span class="flag fl_32">
         </span>
         Belgium
        </a>
       </li>
       <li id="lmenu_37">
        <a href="/en/soccer/bosnia-and-herzegovina/" onclick="return cjs.dic.get('Helper_Menu').lmenu(37,req_url,1);">
         <span class="flag fl_37">
         </span>
         Bosnia and Herzegovina
        </a>
       </li>
       <li id="lmenu_41">
        <a href="/en/soccer/bulgaria/" onclick="return cjs.dic.get('Helper_Menu').lmenu(41,req_url,1);">
         <span class="flag fl_41">
         </span>
         Bulgaria
        </a>
       </li>
       <li id="lmenu_59">
        <a href="/en/soccer/croatia/" onclick="return cjs.dic.get('Helper_Menu').lmenu(59,req_url,1);">
         <span class="flag fl_59">
         </span>
         Croatia
        </a>
       </li>
       <li id="lmenu_61">
        <a href="/en/soccer/cyprus/" onclick="return cjs.dic.get('Helper_Menu').lmenu(61,req_url,1);">
         <span class="flag fl_61">
         </span>
         Cyprus
        </a>
       </li>
       <li id="lmenu_62">
        <a href="/en/soccer/czech-republic/" onclick="return cjs.dic.get('Helper_Menu').lmenu(62,req_url,1);">
         <span class="flag fl_62">
         </span>
         Czech Republic
        </a>
       </li>
       <li id="lmenu_63">
        <a href="/en/soccer/denmark/" onclick="return cjs.dic.get('Helper_Menu').lmenu(63,req_url,1);">
         <span class="flag fl_63">
         </span>
         Denmark
        </a>
       </li>
       <li id="lmenu_198">
        <a href="/en/soccer/england/" onclick="return cjs.dic.get('Helper_Menu').lmenu(198,req_url,1);">
         <span class="flag fl_198">
         </span>
         England
        </a>
       </li>
       <li id="lmenu_73">
        <a href="/en/soccer/estonia/" onclick="return cjs.dic.get('Helper_Menu').lmenu(73,req_url,1);">
         <span class="flag fl_73">
         </span>
         Estonia
        </a>
       </li>
       <li id="lmenu_231">
        <a href="/en/soccer/faroe-islands/" onclick="return cjs.dic.get('Helper_Menu').lmenu(231,req_url,1);">
         <span class="flag fl_231">
         </span>
         Faroe Islands
        </a>
       </li>
       <li id="lmenu_76">
        <a href="/en/soccer/finland/" onclick="return cjs.dic.get('Helper_Menu').lmenu(76,req_url,1);">
         <span class="flag fl_76">
         </span>
         Finland
        </a>
       </li>
       <li id="lmenu_77">
        <a href="/en/soccer/france/" onclick="return cjs.dic.get('Helper_Menu').lmenu(77,req_url,1);">
         <span class="flag fl_77">
         </span>
         France
        </a>
       </li>
       <li id="lmenu_118">
        <a href="/en/soccer/fyr-of-macedonia/" onclick="return cjs.dic.get('Helper_Menu').lmenu(118,req_url,1);">
         <span class="flag fl_118">
         </span>
         FYR of Macedonia
        </a>
       </li>
       <li id="lmenu_80">
        <a href="/en/soccer/georgia/" onclick="return cjs.dic.get('Helper_Menu').lmenu(80,req_url,1);">
         <span class="flag fl_80">
         </span>
         Georgia
        </a>
       </li>
       <li id="lmenu_81">
        <a href="/en/soccer/germany/" onclick="return cjs.dic.get('Helper_Menu').lmenu(81,req_url,1);">
         <span class="flag fl_81">
         </span>
         Germany
        </a>
       </li>
       <li id="lmenu_304">
        <a href="/en/soccer/gibraltar/" onclick="return cjs.dic.get('Helper_Menu').lmenu(304,req_url,1);">
         <span class="flag fl_304">
         </span>
         Gibraltar
        </a>
       </li>
       <li id="lmenu_83">
        <a href="/en/soccer/greece/" onclick="return cjs.dic.get('Helper_Menu').lmenu(83,req_url,1);">
         <span class="flag fl_83">
         </span>
         Greece
        </a>
       </li>
       <li id="lmenu_91">
        <a href="/en/soccer/hungary/" onclick="return cjs.dic.get('Helper_Menu').lmenu(91,req_url,1);">
         <span class="flag fl_91">
         </span>
         Hungary
        </a>
       </li>
       <li id="lmenu_92">
        <a href="/en/soccer/iceland/" onclick="return cjs.dic.get('Helper_Menu').lmenu(92,req_url,1);">
         <span class="flag fl_92">
         </span>
         Iceland
        </a>
       </li>
       <li id="lmenu_96">
        <a href="/en/soccer/ireland/" onclick="return cjs.dic.get('Helper_Menu').lmenu(96,req_url,1);">
         <span class="flag fl_96">
         </span>
         Ireland
        </a>
       </li>
       <li id="lmenu_97">
        <a href="/en/soccer/israel/" onclick="return cjs.dic.get('Helper_Menu').lmenu(97,req_url,1);">
         <span class="flag fl_97">
         </span>
         Israel
        </a>
       </li>
       <li id="lmenu_98">
        <a href="/en/soccer/italy/" onclick="return cjs.dic.get('Helper_Menu').lmenu(98,req_url,1);">
         <span class="flag fl_98">
         </span>
         Italy
        </a>
       </li>
       <li id="lmenu_102">
        <a href="/en/soccer/kazakhstan/" onclick="return cjs.dic.get('Helper_Menu').lmenu(102,req_url,1);">
         <span class="flag fl_102">
         </span>
         Kazakhstan
        </a>
       </li>
       <li id="lmenu_212">
        <a href="/en/soccer/kosovo/" onclick="return cjs.dic.get('Helper_Menu').lmenu(212,req_url,1);">
         <span class="flag fl_212">
         </span>
         Kosovo
        </a>
       </li>
       <li id="lmenu_110">
        <a href="/en/soccer/latvia/" onclick="return cjs.dic.get('Helper_Menu').lmenu(110,req_url,1);">
         <span class="flag fl_110">
         </span>
         Latvia
        </a>
       </li>
       <li id="lmenu_115">
        <a href="/en/soccer/liechtenstein/" onclick="return cjs.dic.get('Helper_Menu').lmenu(115,req_url,1);">
         <span class="flag fl_115">
         </span>
         Liechtenstein
        </a>
       </li>
       <li id="lmenu_116">
        <a href="/en/soccer/lithuania/" onclick="return cjs.dic.get('Helper_Menu').lmenu(116,req_url,1);">
         <span class="flag fl_116">
         </span>
         Lithuania
        </a>
       </li>
       <li id="lmenu_117">
        <a href="/en/soccer/luxembourg/" onclick="return cjs.dic.get('Helper_Menu').lmenu(117,req_url,1);">
         <span class="flag fl_117">
         </span>
         Luxembourg
        </a>
       </li>
       <li id="lmenu_124">
        <a href="/en/soccer/malta/" onclick="return cjs.dic.get('Helper_Menu').lmenu(124,req_url,1);">
         <span class="flag fl_124">
         </span>
         Malta
        </a>
       </li>
       <li id="lmenu_130">
        <a href="/en/soccer/moldova/" onclick="return cjs.dic.get('Helper_Menu').lmenu(130,req_url,1);">
         <span class="flag fl_130">
         </span>
         Moldova
        </a>
       </li>
       <li id="lmenu_133">
        <a href="/en/soccer/montenegro/" onclick="return cjs.dic.get('Helper_Menu').lmenu(133,req_url,1);">
         <span class="flag fl_133">
         </span>
         Montenegro
        </a>
       </li>
       <li id="lmenu_139">
        <a href="/en/soccer/netherlands/" onclick="return cjs.dic.get('Helper_Menu').lmenu(139,req_url,1);">
         <span class="flag fl_139">
         </span>
         Netherlands
        </a>
       </li>
       <li id="lmenu_144">
        <a href="/en/soccer/northern-ireland/" onclick="return cjs.dic.get('Helper_Menu').lmenu(144,req_url,1);">
         <span class="flag fl_144">
         </span>
         Northern Ireland
        </a>
       </li>
       <li id="lmenu_145">
        <a href="/en/soccer/norway/" onclick="return cjs.dic.get('Helper_Menu').lmenu(145,req_url,1);">
         <span class="flag fl_145">
         </span>
         Norway
        </a>
       </li>
       <li id="lmenu_154">
        <a href="/en/soccer/poland/" onclick="return cjs.dic.get('Helper_Menu').lmenu(154,req_url,1);">
         <span class="flag fl_154">
         </span>
         Poland
        </a>
       </li>
       <li id="lmenu_155">
        <a href="/en/soccer/portugal/" onclick="return cjs.dic.get('Helper_Menu').lmenu(155,req_url,1);">
         <span class="flag fl_155">
         </span>
         Portugal
        </a>
       </li>
       <li id="lmenu_157">
        <a href="/en/soccer/romania/" onclick="return cjs.dic.get('Helper_Menu').lmenu(157,req_url,1);">
         <span class="flag fl_157">
         </span>
         Romania
        </a>
       </li>
       <li id="lmenu_158">
        <a href="/en/soccer/russia/" onclick="return cjs.dic.get('Helper_Menu').lmenu(158,req_url,1);">
         <span class="flag fl_158">
         </span>
         Russia
        </a>
       </li>
       <li id="lmenu_163">
        <a href="/en/soccer/san-marino/" onclick="return cjs.dic.get('Helper_Menu').lmenu(163,req_url,1);">
         <span class="flag fl_163">
         </span>
         San Marino
        </a>
       </li>
       <li id="lmenu_199">
        <a href="/en/soccer/scotland/" onclick="return cjs.dic.get('Helper_Menu').lmenu(199,req_url,1);">
         <span class="flag fl_199">
         </span>
         Scotland
        </a>
       </li>
       <li id="lmenu_167">
        <a href="/en/soccer/serbia/" onclick="return cjs.dic.get('Helper_Menu').lmenu(167,req_url,1);">
         <span class="flag fl_167">
         </span>
         Serbia
        </a>
       </li>
       <li id="lmenu_171">
        <a href="/en/soccer/slovakia/" onclick="return cjs.dic.get('Helper_Menu').lmenu(171,req_url,1);">
         <span class="flag fl_171">
         </span>
         Slovakia
        </a>
       </li>
       <li id="lmenu_172">
        <a href="/en/soccer/slovenia/" onclick="return cjs.dic.get('Helper_Menu').lmenu(172,req_url,1);">
         <span class="flag fl_172">
         </span>
         Slovenia
        </a>
       </li>
       <li id="lmenu_176">
        <a href="/en/soccer/spain/" onclick="return cjs.dic.get('Helper_Menu').lmenu(176,req_url,1);">
         <span class="flag fl_176">
         </span>
         Spain
        </a>
       </li>
       <li id="lmenu_181">
        <a href="/en/soccer/sweden/" onclick="return cjs.dic.get('Helper_Menu').lmenu(181,req_url,1);">
         <span class="flag fl_181">
         </span>
         Sweden
        </a>
       </li>
       <li id="lmenu_182">
        <a href="/en/soccer/switzerland/" onclick="return cjs.dic.get('Helper_Menu').lmenu(182,req_url,1);">
         <span class="flag fl_182">
         </span>
         Switzerland
        </a>
       </li>
       <li id="lmenu_191">
        <a href="/en/soccer/turkey/" onclick="return cjs.dic.get('Helper_Menu').lmenu(191,req_url,1);">
         <span class="flag fl_191">
         </span>
         Turkey
        </a>
       </li>
       <li id="lmenu_195">
        <a href="/en/soccer/ukraine/" onclick="return cjs.dic.get('Helper_Menu').lmenu(195,req_url,1);">
         <span class="flag fl_195">
         </span>
         Ukraine
        </a>
       </li>
       <li id="lmenu_207">
        <a href="/en/soccer/wales/" onclick="return cjs.dic.get('Helper_Menu').lmenu(207,req_url,1);">
         <span class="flag fl_207">
         </span>
         Wales
        </a>
       </li>
      </ul>
      <p class="left-head">
       Asia
      </p>
      <ul class="menu-left">
       <li id="lmenu_28">
        <a href="/en/soccer/bahrain/" onclick="return cjs.dic.get('Helper_Menu').lmenu(28,req_url,1);">
         <span class="flag fl_28">
         </span>
         Bahrain
        </a>
       </li>
       <li id="lmenu_29">
        <a href="/en/soccer/bangladesh/" onclick="return cjs.dic.get('Helper_Menu').lmenu(29,req_url,1);">
         <span class="flag fl_29">
         </span>
         Bangladesh
        </a>
       </li>
       <li id="lmenu_52">
        <a href="/en/soccer/china/" onclick="return cjs.dic.get('Helper_Menu').lmenu(52,req_url,1);">
         <span class="flag fl_52">
         </span>
         China
        </a>
       </li>
       <li id="lmenu_222">
        <a href="/en/soccer/hong-kong/" onclick="return cjs.dic.get('Helper_Menu').lmenu(222,req_url,1);">
         <span class="flag fl_222">
         </span>
         Hong Kong
        </a>
       </li>
       <li id="lmenu_93">
        <a href="/en/soccer/india/" onclick="return cjs.dic.get('Helper_Menu').lmenu(93,req_url,1);">
         <span class="flag fl_93">
         </span>
         India
        </a>
       </li>
       <li id="lmenu_228">
        <a href="/en/soccer/indonesia/" onclick="return cjs.dic.get('Helper_Menu').lmenu(228,req_url,1);">
         <span class="flag fl_228">
         </span>
         Indonesia
        </a>
       </li>
       <li id="lmenu_94">
        <a href="/en/soccer/iran/" onclick="return cjs.dic.get('Helper_Menu').lmenu(94,req_url,1);">
         <span class="flag fl_94">
         </span>
         Iran
        </a>
       </li>
       <li id="lmenu_95">
        <a href="/en/soccer/iraq/" onclick="return cjs.dic.get('Helper_Menu').lmenu(95,req_url,1);">
         <span class="flag fl_95">
         </span>
         Iraq
        </a>
       </li>
       <li id="lmenu_100">
        <a href="/en/soccer/japan/" onclick="return cjs.dic.get('Helper_Menu').lmenu(100,req_url,1);">
         <span class="flag fl_100">
         </span>
         Japan
        </a>
       </li>
       <li id="lmenu_101">
        <a href="/en/soccer/jordan/" onclick="return cjs.dic.get('Helper_Menu').lmenu(101,req_url,1);">
         <span class="flag fl_101">
         </span>
         Jordan
        </a>
       </li>
       <li id="lmenu_107">
        <a href="/en/soccer/kuwait/" onclick="return cjs.dic.get('Helper_Menu').lmenu(107,req_url,1);">
         <span class="flag fl_107">
         </span>
         Kuwait
        </a>
       </li>
       <li id="lmenu_108">
        <a href="/en/soccer/kyrgyzstan/" onclick="return cjs.dic.get('Helper_Menu').lmenu(108,req_url,1);">
         <span class="flag fl_108">
         </span>
         Kyrgyzstan
        </a>
       </li>
       <li id="lmenu_111">
        <a href="/en/soccer/lebanon/" onclick="return cjs.dic.get('Helper_Menu').lmenu(111,req_url,1);">
         <span class="flag fl_111">
         </span>
         Lebanon
        </a>
       </li>
       <li id="lmenu_121">
        <a href="/en/soccer/malaysia/" onclick="return cjs.dic.get('Helper_Menu').lmenu(121,req_url,1);">
         <span class="flag fl_121">
         </span>
         Malaysia
        </a>
       </li>
       <li id="lmenu_43">
        <a href="/en/soccer/myanmar/" onclick="return cjs.dic.get('Helper_Menu').lmenu(43,req_url,1);">
         <span class="flag fl_43">
         </span>
         Myanmar
        </a>
       </li>
       <li id="lmenu_146">
        <a href="/en/soccer/oman/" onclick="return cjs.dic.get('Helper_Menu').lmenu(146,req_url,1);">
         <span class="flag fl_146">
         </span>
         Oman
        </a>
       </li>
       <li id="lmenu_147">
        <a href="/en/soccer/pakistan/" onclick="return cjs.dic.get('Helper_Menu').lmenu(147,req_url,1);">
         <span class="flag fl_147">
         </span>
         Pakistan
        </a>
       </li>
       <li id="lmenu_153">
        <a href="/en/soccer/philippines/" onclick="return cjs.dic.get('Helper_Menu').lmenu(153,req_url,1);">
         <span class="flag fl_153">
         </span>
         Philippines
        </a>
       </li>
       <li id="lmenu_156">
        <a href="/en/soccer/qatar/" onclick="return cjs.dic.get('Helper_Menu').lmenu(156,req_url,1);">
         <span class="flag fl_156">
         </span>
         Qatar
        </a>
       </li>
       <li id="lmenu_165">
        <a href="/en/soccer/saudi-arabia/" onclick="return cjs.dic.get('Helper_Menu').lmenu(165,req_url,1);">
         <span class="flag fl_165">
         </span>
         Saudi Arabia
        </a>
       </li>
       <li id="lmenu_170">
        <a href="/en/soccer/singapore/" onclick="return cjs.dic.get('Helper_Menu').lmenu(170,req_url,1);">
         <span class="flag fl_170">
         </span>
         Singapore
        </a>
       </li>
       <li id="lmenu_106">
        <a href="/en/soccer/south-korea/" onclick="return cjs.dic.get('Helper_Menu').lmenu(106,req_url,1);">
         <span class="flag fl_106">
         </span>
         South Korea
        </a>
       </li>
       <li id="lmenu_183">
        <a href="/en/soccer/syria/" onclick="return cjs.dic.get('Helper_Menu').lmenu(183,req_url,1);">
         <span class="flag fl_183">
         </span>
         Syria
        </a>
       </li>
       <li id="lmenu_184">
        <a href="/en/soccer/tajikistan/" onclick="return cjs.dic.get('Helper_Menu').lmenu(184,req_url,1);">
         <span class="flag fl_184">
         </span>
         Tajikistan
        </a>
       </li>
       <li id="lmenu_186">
        <a href="/en/soccer/thailand/" onclick="return cjs.dic.get('Helper_Menu').lmenu(186,req_url,1);">
         <span class="flag fl_186">
         </span>
         Thailand
        </a>
       </li>
       <li id="lmenu_192">
        <a href="/en/soccer/turkmenistan/" onclick="return cjs.dic.get('Helper_Menu').lmenu(192,req_url,1);">
         <span class="flag fl_192">
         </span>
         Turkmenistan
        </a>
       </li>
       <li id="lmenu_196">
        <a href="/en/soccer/united-arab-emirates/" onclick="return cjs.dic.get('Helper_Menu').lmenu(196,req_url,1);">
         <span class="flag fl_196">
         </span>
         United Arab Emirates
        </a>
       </li>
       <li id="lmenu_202">
        <a href="/en/soccer/uzbekistan/" onclick="return cjs.dic.get('Helper_Menu').lmenu(202,req_url,1);">
         <span class="flag fl_202">
         </span>
         Uzbekistan
        </a>
       </li>
       <li id="lmenu_206">
        <a href="/en/soccer/vietnam/" onclick="return cjs.dic.get('Helper_Menu').lmenu(206,req_url,1);">
         <span class="flag fl_206">
         </span>
         Vietnam
        </a>
       </li>
       <li id="lmenu_208">
        <a href="/en/soccer/yemen/" onclick="return cjs.dic.get('Helper_Menu').lmenu(208,req_url,1);">
         <span class="flag fl_208">
         </span>
         Yemen
        </a>
       </li>
      </ul>
      <p class="left-head">
       Australia &amp; Oceania
      </p>
      <ul class="menu-left">
       <li id="lmenu_24">
        <a href="/en/soccer/australia/" onclick="return cjs.dic.get('Helper_Menu').lmenu(24,req_url,1);">
         <span class="flag fl_24">
         </span>
         Australia
        </a>
       </li>
       <li id="lmenu_140">
        <a href="/en/soccer/new-zealand/" onclick="return cjs.dic.get('Helper_Menu').lmenu(140,req_url,1);">
         <span class="flag fl_140">
         </span>
         New Zealand
        </a>
       </li>
      </ul>
      <p class="left-head">
       Africa
      </p>
      <ul class="menu-left">
       <li id="lmenu_18">
        <a href="/en/soccer/algeria/" onclick="return cjs.dic.get('Helper_Menu').lmenu(18,req_url,1);">
         <span class="flag fl_18">
         </span>
         Algeria
        </a>
       </li>
       <li id="lmenu_20">
        <a href="/en/soccer/angola/" onclick="return cjs.dic.get('Helper_Menu').lmenu(20,req_url,1);">
         <span class="flag fl_20">
         </span>
         Angola
        </a>
       </li>
       <li id="lmenu_34">
        <a href="/en/soccer/benin/" onclick="return cjs.dic.get('Helper_Menu').lmenu(34,req_url,1);">
         <span class="flag fl_34">
         </span>
         Benin
        </a>
       </li>
       <li id="lmenu_38">
        <a href="/en/soccer/botswana/" onclick="return cjs.dic.get('Helper_Menu').lmenu(38,req_url,1);">
         <span class="flag fl_38">
         </span>
         Botswana
        </a>
       </li>
       <li id="lmenu_42">
        <a href="/en/soccer/burkina-faso/" onclick="return cjs.dic.get('Helper_Menu').lmenu(42,req_url,1);">
         <span class="flag fl_42">
         </span>
         Burkina Faso
        </a>
       </li>
       <li id="lmenu_44">
        <a href="/en/soccer/burundi/" onclick="return cjs.dic.get('Helper_Menu').lmenu(44,req_url,1);">
         <span class="flag fl_44">
         </span>
         Burundi
        </a>
       </li>
       <li id="lmenu_46">
        <a href="/en/soccer/cameroon/" onclick="return cjs.dic.get('Helper_Menu').lmenu(46,req_url,1);">
         <span class="flag fl_46">
         </span>
         Cameroon
        </a>
       </li>
       <li id="lmenu_48">
        <a href="/en/soccer/cape-verde/" onclick="return cjs.dic.get('Helper_Menu').lmenu(48,req_url,1);">
         <span class="flag fl_48">
         </span>
         Cape Verde
        </a>
       </li>
       <li id="lmenu_64">
        <a href="/en/soccer/djibouti/" onclick="return cjs.dic.get('Helper_Menu').lmenu(64,req_url,1);">
         <span class="flag fl_64">
         </span>
         Djibouti
        </a>
       </li>
       <li id="lmenu_55">
        <a href="/en/soccer/dr-congo/" onclick="return cjs.dic.get('Helper_Menu').lmenu(55,req_url,1);">
         <span class="flag fl_55">
         </span>
         DR Congo
        </a>
       </li>
       <li id="lmenu_69">
        <a href="/en/soccer/egypt/" onclick="return cjs.dic.get('Helper_Menu').lmenu(69,req_url,1);">
         <span class="flag fl_69">
         </span>
         Egypt
        </a>
       </li>
       <li id="lmenu_74">
        <a href="/en/soccer/ethiopia/" onclick="return cjs.dic.get('Helper_Menu').lmenu(74,req_url,1);">
         <span class="flag fl_74">
         </span>
         Ethiopia
        </a>
       </li>
       <li id="lmenu_78">
        <a href="/en/soccer/gabon/" onclick="return cjs.dic.get('Helper_Menu').lmenu(78,req_url,1);">
         <span class="flag fl_78">
         </span>
         Gabon
        </a>
       </li>
       <li id="lmenu_79">
        <a href="/en/soccer/gambia/" onclick="return cjs.dic.get('Helper_Menu').lmenu(79,req_url,1);">
         <span class="flag fl_79">
         </span>
         Gambia
        </a>
       </li>
       <li id="lmenu_82">
        <a href="/en/soccer/ghana/" onclick="return cjs.dic.get('Helper_Menu').lmenu(82,req_url,1);">
         <span class="flag fl_82">
         </span>
         Ghana
        </a>
       </li>
       <li id="lmenu_86">
        <a href="/en/soccer/guinea/" onclick="return cjs.dic.get('Helper_Menu').lmenu(86,req_url,1);">
         <span class="flag fl_86">
         </span>
         Guinea
        </a>
       </li>
       <li id="lmenu_58">
        <a href="/en/soccer/ivory-coast/" onclick="return cjs.dic.get('Helper_Menu').lmenu(58,req_url,1);">
         <span class="flag fl_58">
         </span>
         Ivory Coast
        </a>
       </li>
       <li id="lmenu_103">
        <a href="/en/soccer/kenya/" onclick="return cjs.dic.get('Helper_Menu').lmenu(103,req_url,1);">
         <span class="flag fl_103">
         </span>
         Kenya
        </a>
       </li>
       <li id="lmenu_112">
        <a href="/en/soccer/lesotho/" onclick="return cjs.dic.get('Helper_Menu').lmenu(112,req_url,1);">
         <span class="flag fl_112">
         </span>
         Lesotho
        </a>
       </li>
       <li id="lmenu_113">
        <a href="/en/soccer/liberia/" onclick="return cjs.dic.get('Helper_Menu').lmenu(113,req_url,1);">
         <span class="flag fl_113">
         </span>
         Liberia
        </a>
       </li>
       <li id="lmenu_114">
        <a href="/en/soccer/libya/" onclick="return cjs.dic.get('Helper_Menu').lmenu(114,req_url,1);">
         <span class="flag fl_114">
         </span>
         Libya
        </a>
       </li>
       <li id="lmenu_120">
        <a href="/en/soccer/malawi/" onclick="return cjs.dic.get('Helper_Menu').lmenu(120,req_url,1);">
         <span class="flag fl_120">
         </span>
         Malawi
        </a>
       </li>
       <li id="lmenu_123">
        <a href="/en/soccer/mali/" onclick="return cjs.dic.get('Helper_Menu').lmenu(123,req_url,1);">
         <span class="flag fl_123">
         </span>
         Mali
        </a>
       </li>
       <li id="lmenu_126">
        <a href="/en/soccer/mauritania/" onclick="return cjs.dic.get('Helper_Menu').lmenu(126,req_url,1);">
         <span class="flag fl_126">
         </span>
         Mauritania
        </a>
       </li>
       <li id="lmenu_127">
        <a href="/en/soccer/mauritius/" onclick="return cjs.dic.get('Helper_Menu').lmenu(127,req_url,1);">
         <span class="flag fl_127">
         </span>
         Mauritius
        </a>
       </li>
       <li id="lmenu_134">
        <a href="/en/soccer/morocco/" onclick="return cjs.dic.get('Helper_Menu').lmenu(134,req_url,1);">
         <span class="flag fl_134">
         </span>
         Morocco
        </a>
       </li>
       <li id="lmenu_135">
        <a href="/en/soccer/mozambique/" onclick="return cjs.dic.get('Helper_Menu').lmenu(135,req_url,1);">
         <span class="flag fl_135">
         </span>
         Mozambique
        </a>
       </li>
       <li id="lmenu_136">
        <a href="/en/soccer/namibia/" onclick="return cjs.dic.get('Helper_Menu').lmenu(136,req_url,1);">
         <span class="flag fl_136">
         </span>
         Namibia
        </a>
       </li>
       <li id="lmenu_142">
        <a href="/en/soccer/niger/" onclick="return cjs.dic.get('Helper_Menu').lmenu(142,req_url,1);">
         <span class="flag fl_142">
         </span>
         Niger
        </a>
       </li>
       <li id="lmenu_143">
        <a href="/en/soccer/nigeria/" onclick="return cjs.dic.get('Helper_Menu').lmenu(143,req_url,1);">
         <span class="flag fl_143">
         </span>
         Nigeria
        </a>
       </li>
       <li id="lmenu_56">
        <a href="/en/soccer/republic-of-the-congo/" onclick="return cjs.dic.get('Helper_Menu').lmenu(56,req_url,1);">
         <span class="flag fl_56">
         </span>
         Republic of the Congo
        </a>
       </li>
       <li id="lmenu_159">
        <a href="/en/soccer/rwanda/" onclick="return cjs.dic.get('Helper_Menu').lmenu(159,req_url,1);">
         <span class="flag fl_159">
         </span>
         Rwanda
        </a>
       </li>
       <li id="lmenu_166">
        <a href="/en/soccer/senegal/" onclick="return cjs.dic.get('Helper_Menu').lmenu(166,req_url,1);">
         <span class="flag fl_166">
         </span>
         Senegal
        </a>
       </li>
       <li id="lmenu_168">
        <a href="/en/soccer/seychelles/" onclick="return cjs.dic.get('Helper_Menu').lmenu(168,req_url,1);">
         <span class="flag fl_168">
         </span>
         Seychelles
        </a>
       </li>
       <li id="lmenu_169">
        <a href="/en/soccer/sierra-leone/" onclick="return cjs.dic.get('Helper_Menu').lmenu(169,req_url,1);">
         <span class="flag fl_169">
         </span>
         Sierra Leone
        </a>
       </li>
       <li id="lmenu_174">
        <a href="/en/soccer/somalia/" onclick="return cjs.dic.get('Helper_Menu').lmenu(174,req_url,1);">
         <span class="flag fl_174">
         </span>
         Somalia
        </a>
       </li>
       <li id="lmenu_175">
        <a href="/en/soccer/south-africa/" onclick="return cjs.dic.get('Helper_Menu').lmenu(175,req_url,1);">
         <span class="flag fl_175">
         </span>
         South Africa
        </a>
       </li>
       <li id="lmenu_178">
        <a href="/en/soccer/sudan/" onclick="return cjs.dic.get('Helper_Menu').lmenu(178,req_url,1);">
         <span class="flag fl_178">
         </span>
         Sudan
        </a>
       </li>
       <li id="lmenu_180">
        <a href="/en/soccer/swaziland/" onclick="return cjs.dic.get('Helper_Menu').lmenu(180,req_url,1);">
         <span class="flag fl_180">
         </span>
         Swaziland
        </a>
       </li>
       <li id="lmenu_185">
        <a href="/en/soccer/tanzania/" onclick="return cjs.dic.get('Helper_Menu').lmenu(185,req_url,1);">
         <span class="flag fl_185">
         </span>
         Tanzania
        </a>
       </li>
       <li id="lmenu_187">
        <a href="/en/soccer/togo/" onclick="return cjs.dic.get('Helper_Menu').lmenu(187,req_url,1);">
         <span class="flag fl_187">
         </span>
         Togo
        </a>
       </li>
       <li id="lmenu_190">
        <a href="/en/soccer/tunisia/" onclick="return cjs.dic.get('Helper_Menu').lmenu(190,req_url,1);">
         <span class="flag fl_190">
         </span>
         Tunisia
        </a>
       </li>
       <li id="lmenu_194">
        <a href="/en/soccer/uganda/" onclick="return cjs.dic.get('Helper_Menu').lmenu(194,req_url,1);">
         <span class="flag fl_194">
         </span>
         Uganda
        </a>
       </li>
       <li id="lmenu_209">
        <a href="/en/soccer/zambia/" onclick="return cjs.dic.get('Helper_Menu').lmenu(209,req_url,1);">
         <span class="flag fl_209">
         </span>
         Zambia
        </a>
       </li>
       <li id="lmenu_210">
        <a href="/en/soccer/zimbabwe/" onclick="return cjs.dic.get('Helper_Menu').lmenu(210,req_url,1);">
         <span class="flag fl_210">
         </span>
         Zimbabwe
        </a>
       </li>
      </ul>
      <p class="left-head">
       Other Competitions
      </p>
      <ul class="menu-left">
       <li id="lmenu_1">
        <a href="/en/soccer/africa/" onclick="return cjs.dic.get('Helper_Menu').lmenu(1,req_url,1);">
         <span class="flag fl_1">
         </span>
         Africa
        </a>
       </li>
       <li id="lmenu_5">
        <a href="/en/soccer/asia/" onclick="return cjs.dic.get('Helper_Menu').lmenu(5,req_url,1);">
         <span class="flag fl_5">
         </span>
         Asia
        </a>
       </li>
       <li id="lmenu_7">
        <a href="/en/soccer/australia-oceania/" onclick="return cjs.dic.get('Helper_Menu').lmenu(7,req_url,1);">
         <span class="flag fl_7">
         </span>
         Australia &amp; Oceania
        </a>
       </li>
       <li id="lmenu_6">
        <a href="/en/soccer/europe/" onclick="return cjs.dic.get('Helper_Menu').lmenu(6,req_url,1);">
         <span class="flag fl_6">
         </span>
         Europe
        </a>
       </li>
       <li id="lmenu_2">
        <a href="/en/soccer/north-central-america/" onclick="return cjs.dic.get('Helper_Menu').lmenu(2,req_url,1);">
         <span class="flag fl_2">
         </span>
         North &amp; Central America
        </a>
       </li>
       <li id="lmenu_3">
        <a href="/en/soccer/south-america/" onclick="return cjs.dic.get('Helper_Menu').lmenu(3,req_url,1);">
         <span class="flag fl_3">
         </span>
         South America
        </a>
       </li>
       <li id="lmenu_8">
        <a href="/en/soccer/world/" onclick="return cjs.dic.get('Helper_Menu').lmenu(8,req_url,1);">
         <span class="flag fl_8">
         </span>
         World
        </a>
       </li>
      </ul>
      <div class="scrolling-mobile-version-top-stop">
      </div>
      <div class="scrolling-mobile-version-wrap">
       <div class="social-icon facebook first">
        <a href="https://www.facebook.com/Scoreboardcom" target="_blank" title="Facebook">
         <span class="icon">
         </span>
         Facebook
        </a>
       </div>
       <div class="social-icon google-plus">
        <a href="https://plus.google.com/109632103887758518096" target="_blank" title="Google+">
         <span class="icon">
         </span>
         Google+
        </a>
       </div>
       <div class="social-icon twitter">
        <a href="https://twitter.com/scoreboard_com" target="_blank" title="Twitter">
         <span class="icon">
         </span>
         Twitter
        </a>
       </div>
      </div>
     </div>
    </div>
    <div class="right-outadvert">
     <div id="social-button">
      <div id="fb-wrapper">
       <div class=" fb_reset" id="fb-root">
        <div style="position: absolute; top: -10000px; height: 0px; width: 0px;">
         <div>
         </div>
        </div>
        <div style="position: absolute; top: -10000px; height: 0px; width: 0px;">
         <div>
          <iframe allowfullscreen="true" allowtransparency="true" aria-hidden="true" frameborder="0" id="fb_xdm_frame_http" name="fb_xdm_frame_http" scrolling="no" src="http://staticxx.facebook.com/connect/xd_arbiter/r/fTmIQU3LxvB.js?version=42#channel=f26c9b7e84&amp;origin=http%3A%2F%2Fwww.scoreboard.com" style="border: none;" tabindex="-1" title="Facebook Cross Domain Communication Frame">
          </iframe>
          <iframe allowfullscreen="true" allowtransparency="true" aria-hidden="true" frameborder="0" id="fb_xdm_frame_https" name="fb_xdm_frame_https" scrolling="no" src="https://staticxx.facebook.com/connect/xd_arbiter/r/fTmIQU3LxvB.js?version=42#channel=f26c9b7e84&amp;origin=http%3A%2F%2Fwww.scoreboard.com" style="border: none;" tabindex="-1" title="Facebook Cross Domain Communication Frame">
          </iframe>
         </div>
        </div>
       </div>
       <iframe allowtransparency="true" frameborder="0" scrolling="no" src="https://www.facebook.com/plugins/like.php?locale=en_US&amp;href=https://www.facebook.com/Scoreboardcom&amp;width=50&amp;layout=box_count&amp;action=like&amp;show_faces=false&amp;share=false&amp;font=tahoma&amp;height=65" style="border:none; overflow:hidden; width:50px;  height:65px;">
       </iframe>
      </div>
     </div>
     <div class="banner-right">
      <div class="scrolling-banner-top-stop">
      </div>
      <div class="scrolling-banner-wrap">
       <div class="banner">
        <div class="adsenvelope adstextpad banx-right_zone_1" id="lsadvert-zid-878" style="width: 160px;">
         <div style="height: 600px;">
          <div class="adscontent" id="lsadvert-right_zone_1">
           <iframe frameborder="0" id="lsadvert-zid-878-iframe" name="banx-right_zone_1" scrolling="no" style="width: 160px; height: 600px;">
           </iframe>
          </div>
          <div class="adsgraphhori">
           <div class="adsghori ath-en">
           </div>
          </div>
         </div>
        </div>
       </div>
      </div>
     </div>
    </div>
    <div class="clear">
    </div>
    <div class="pr_700" id="facebook-bottom-like-box">
     <a href="https://www.facebook.com/Scoreboardcom" id="facebook-bottom-like-box-link" target="_blank">
      Your friends also
      <br/>
      <strong>
       like Scoreboard.com
      </strong>
     </a>
     <iframe allowtransparency="true" frameborder="0" id="facebook-bottom-like-box-face" scrolling="no" src="https://www.facebook.com/plugins/likebox.php?width=470&amp;height=170&amp;connections=8&amp;show_faces=true&amp;colorscheme=light&amp;stream=false&amp;header=false&amp;show_border=false&amp;href=https%3A%2F%2Fwww.facebook.com%2FScoreboardcom">
     </iframe>
    </div>
   </div>
   <div class="footer">
    <p>
     Scoreboard.com: West Ham v Arsenal, Premier League 2016/2017 - Soccer, England. Follow live scores, final results, standings/draws, H2H statistics, odds comparison and other information on Scoreboard.com! Get West Ham  v Arsenal scores, other Premier League 2016/2017 latest results and 5000+ competitions scores on Scoreboard.com!
    </p>
    <ul class="main-menu">
     <li class="first">
      <a href="/en/soccer/">
       SOCCER
      </a>
     </li>
     <li>
      <a href="/en/tennis/">
       TENNIS
      </a>
     </li>
     <li>
      <a href="/en/basketball/">
       BASKETBALL
      </a>
     </li>
     <li>
      <a href="/en/hockey/">
       HOCKEY
      </a>
     </li>
     <li>
      <a href="/en/baseball/">
       BASEBALL
      </a>
     </li>
     <li>
      <a href="/en/cricket/">
       CRICKET
      </a>
     </li>
     <li>
      <a href="/en/golf/">
       GOLF
      </a>
     </li>
     <li>
      <a href="/en/american-football/">
       AM. FOOTBALL
      </a>
     </li>
     <li>
      <a href="/en/handball/">
       HANDBALL
      </a>
     </li>
     <li>
      <a href="/en/volleyball/">
       VOLLEYBALL
      </a>
     </li>
     <li>
      <a href="/en/rugby-union/">
       RUGBY UNION
      </a>
     </li>
     <li>
      <a href="/en/rugby-league/">
       RUGBY LEAGUE
      </a>
     </li>
     <li>
      <a href="/en/floorball/">
       FLOORBALL
      </a>
     </li>
     <li>
      <a href="/en/bandy/">
       BANDY
      </a>
     </li>
     <li>
      <a href="/en/futsal/">
       FUTSAL
      </a>
     </li>
     <li>
      <a href="/en/aussie-rules/">
       AUSSIE RULES
      </a>
     </li>
     <li>
      <a href="/en/darts/">
       DARTS
      </a>
     </li>
     <li>
      <a href="/en/snooker/">
       SNOOKER
      </a>
     </li>
     <li>
      <a href="/en/boxing/">
       BOXING
      </a>
     </li>
     <li>
      <a href="/en/beach-volleyball/">
       BEACH VOLLEYBALL
      </a>
     </li>
     <li>
      <a href="/en/badminton/">
       BADMINTON
      </a>
     </li>
     <li>
      <a href="/en/water-polo/">
       WATER POLO
      </a>
     </li>
     <li>
      <a href="/en/field-hockey/">
       FIELD HOCKEY
      </a>
     </li>
     <li>
      <a href="/en/table-tennis/">
       TABLE TENNIS
      </a>
     </li>
     <li>
      <a href="/en/beach-soccer/">
       BEACH SOCCER
      </a>
     </li>
     <li>
      <a href="/en/mma/">
       MMA
      </a>
     </li>
     <li>
      <a href="/en/netball/">
       NETBALL
      </a>
     </li>
     <li>
      <a href="/en/pesapallo/">
       PESÄPALLO
      </a>
     </li>
     <li>
      <a href="/en/motorsport/">
       MOTORSPORT
      </a>
     </li>
     <li>
      <a href="/en/cycling/">
       CYCLING
      </a>
     </li>
     <li>
      <a href="/en/horse-racing/">
       HORSE RACING
      </a>
     </li>
     <li>
      <a href="/en/esports/">
       ESPORTS
      </a>
     </li>
     <li class="last">
      <a href="/en/winter-sports/">
       WINTER SPORTS
      </a>
     </li>
    </ul>
    <ul class="menu">
     <li class="first">
      <a href="/en/recommended/">
       Recommended Sites
      </a>
     </li>
     <li>
      <a href="/en/terms/">
       Terms of Use
      </a>
     </li>
     <li>
      <a href="/en/advertise/">
       Advertise
      </a>
     </li>
     <li>
      <a href="/en/contact/">
       Contact
      </a>
     </li>
    </ul>
    <p class="copyright">
     Copyright © 2012-16 Scoreboard.com
    </p>
    <div class="clear-hidden">
    </div>
   </div>
   <div id="scroll-to-top" style="display: none;">
    <span>
     Top
    </span>
   </div>
  </div>
  <script type="text/javascript">
   // <![CDATA[
				var banners; 
				banners = new BannerHandler([878,863], [], window.bannersAdsServers || ["content.livesportmedia.eu"], [], jQuery, "The background image is an advertisement.", clientStorage, null, true);

				 
						
			banners.addSetBackgroundCallback(function(){
				jQuery("body").addClass('background-add-on');

				// Hide social buttons (Warning: don't remove buttongs from DOM - it is dangerous operations and breaks Firefox)
				jQuery('#social-button').css('display', 'none');
			});
		

		
				document.lsadvert_display = function() {
					banners.display();
				}
								// ]]>
  </script>
  <script type="text/javascript">
   // <![CDATA[
	var social_button_displayed = false;
	document.show_social_button = function()
	{
		if (social_button_displayed)
		{
			return false;
		}

		social_button_displayed = true;
		
		var wrapper = document.getElementById('social-button');
		var $wrapper = $(wrapper);
		var interval_id = 0;
		var dimension = $wrapper.hasClass('vertical') ? 'height' : 'width';
		var last_wrapper_dimension = $wrapper.height();
		var same_wrapper_dimension_count = 0;

		if (wrapper)
		{

			wrapper.innerHTML = "<div id=\"fb-wrapper\"><div id=\"fb-root\"><\/div><iframe src=\"https:\/\/www.facebook.com\/plugins\/like.php?locale=en_US&href=https:\/\/www.facebook.com\/Scoreboardcom&amp;width=50&amp;layout=box_count&amp;action=like&amp;show_faces=false&amp;share=false&amp;font=tahoma&amp;height=65\" scrolling=\"no\" frameborder=\"0\" style=\"border:none; overflow:hidden; width:50px;  height:65px;\" allowTransparency=\"true\"><\/iframe><\/div>";
			var _showSocialButtons = function(){
				var wrapper_dimension = $wrapper.css(dimension);
				if (wrapper_dimension == last_wrapper_dimension)
				{
					same_wrapper_dimension_count += 1;
					// zobrazíme, pokud je rozměr popáté stejný
					if (same_wrapper_dimension_count == 5) {
						clearInterval(interval_id);
						$wrapper.css('visibility', 'visible');
						// Zobrazení Google+, který je skrytý přes display:none,
						// protože na něj visibility:hidden nestačí.
						$("#plusone-wrapper").css('display', 'inline-block');
					}
				}
				else
				{
					last_wrapper_dimension = wrapper_dimension;
					same_wrapper_dimension_count = 0;
				}
			};
						interval_id = setInterval(_showSocialButtons, 100);
		}

		if (true)
		{
(function(){window.fbAsyncInit = function() {FB.ls = {appId: '537679676278843'};FB.init({appId: '537679676278843',xfbml: true,version: 'v2.2'});};(function(d, s, id){var js, fjs = d.getElementsByTagName(s)[0];if (d.getElementById(id)) {return;}js = d.createElement(s); js.id = id;js.src = '//connect.facebook.net/en_US/sdk.js';fjs.parentNode.insertBefore(js, fjs);}(document, 'script', 'facebook-jssdk'));}());
		}
	}
	// ]]>
  </script>
  <div style="display: none;">
   <iframe id="lsidAutocompleteIframe" name="lsidAutocompleteIframe" src="javascript:false">
   </iframe>
   <form action="https://lsid.eu/x-form/" id="lsid-remember-login-form" method="GET" target="lsidAutocompleteIframe">
    <div id="lsid-remember-login-form-content">
     <input id="email" name="email" tabindex="1" type="text"/>
     <input id="passwd" name="passwd" tabindex="1" type="password"/>
     <input id="login" name="login" tabindex="1" type="submit" value="SUBMIT"/>
    </div>
   </form>
  </div>
  <span id="mlc-4ck3s9wd8c">
  </span>
  <span id="mlc-aks81bkdz">
  </span>
  <div class="tooltip" id="tooltip-1">
   <span>
   </span>
   <div class="tooltip-lt" id="tooltip-1-lt">
   </div>
   <div class="tooltip-rt" id="tooltip-1-rt">
   </div>
   <div class="tooltip-lb" id="tooltip-1-lb">
   </div>
   <div class="tooltip-cb" id="tooltip-1-cb">
   </div>
   <div class="tooltip-rb" id="tooltip-1-rb">
   </div>
   <div class="tooltip-ct" id="tooltip-1-ct">
   </div>
  </div>
  <div class="tooltip" id="tooltip-bonus">
   <span>
   </span>
   <div class="tooltip-lt" id="tooltip-bonus-lt">
   </div>
   <div class="tooltip-rt" id="tooltip-bonus-rt">
   </div>
   <div class="tooltip-lb" id="tooltip-bonus-lb">
   </div>
   <div class="tooltip-cb" id="tooltip-bonus-cb">
   </div>
   <div class="tooltip-rb" id="tooltip-bonus-rb">
   </div>
   <div class="tooltip-ct" id="tooltip-bonus-ct">
   </div>
  </div>
 </body>
</html>